<html>
<body>
<pre>
<h1>礦ision Build Log</h1>
<h2>Tool Versions:</h2>
IDE-Version: μVision V5.14.0.0
Copyright (C) 2015 ARM Ltd and ARM Germany GmbH. All rights reserved.
License Information: cythj cxm, HP Inc., LIC=CZL01-C7VQG-Z95G9-4AN81-L92MQ-K2G0H
 
Tool Versions:
Toolchain:       MDK-ARM Standard  Version: 5.14.0.0
Toolchain Path:  D:\keil5\ARM\ARMCC\Bin
C Compiler:      Armcc.exe V5.05 update 1 (build 106)
Assembler:       Armasm.exe V5.05 update 1 (build 106)
Linker/Locator:  ArmLink.exe V5.05 update 1 (build 106)
Library Manager: ArmAr.exe V5.05 update 1 (build 106)
Hex Converter:   FromElf.exe V5.05 update 1 (build 106)
CPU DLL:         SARMCM3.DLL V5.14.0.0
Dialog DLL:      DCM.DLL V1.13.1.0
Target DLL:      CMSIS_AGDI.dll V1.21.0.0
Dialog DLL:      TCM.DLL V1.14.4.0
 
<h2>Project:</h2>
F:\USV_RTOSDemo\USV_FreeRTOSDemo\USV_RTOS\USER\USV_RTOS.uvprojx
Project File Date:  11/15/2024

<h2>Output:</h2>
Build target 'USV_RTOS'
compiling main.c...
main.c(167): warning:  #177-D: variable "xReturn" was declared but never referenced
        BaseType_t xReturn = pdPASS;/* 定义一个创建信息返回值，默认为pdPASS */
main.c: 1 warning, 0 errors
linking...
Program Size: Code=36790 RO-data=1386 RW-data=220 ZI-data=79740  
FromELF: creating hex file...
"..\OBJ\Template.axf" - 0 Error(s), 1 Warning(s).

<h2>Collection of Component include folders:</h2>
  F:\USV_RTOSDemo\USV_FreeRTOSDemo\USV_RTOS\USER\RTE
  D:\keil5\ARM\PACK\Keil\STM32F4xx_DFP\1.0.8\Device\Include

<h2>Collection of Component Files used:</h2>
</pre>
</body>
</html>
