Component: ARM Compiler 5.05 update 1 (build 106) Tool: armlink [4d0efa]

==============================================================================

Section Cross References

    main.o(.text) refers to _printf_percent.o(.ARM.Collect$$_printf_percent$$00000000) for _printf_percent
    main.o(.text) refers to _printf_d.o(.ARM.Collect$$_printf_percent$$00000009) for _printf_d
    main.o(.text) refers to _printf_dec.o(.text) for _printf_int_dec
    main.o(.text) refers to queue.o(.text) for xQueueGenericReceive
    main.o(.text) refers to led.o(.text) for ledRun
    main.o(.text) refers to noretval__2printf.o(.text) for __2printf
    main.o(.text) refers to port.o(.text) for vPortEnterCritical
    main.o(.text) refers to tasks.o(.text) for xTaskCreate
    main.o(.text) refers to misc.o(.text) for NVIC_PriorityGroupConfig
    main.o(.text) refers to delay.o(.text) for delay_init
    main.o(.text) refers to usart.o(.text) for uart_init
    main.o(.text) refers to usart2.o(.text) for usart2_init
    main.o(.text) refers to main.o(.data) for BinarySem_Handle
    main.o(.text) refers to usart2.o(.bss) for Recv2
    system_stm32f4xx.o(.text) refers to system_stm32f4xx.o(.data) for SystemCoreClock
    startup_stm32f40_41xxx.o(STACK) refers (Special) to heapauxi.o(.text) for __use_two_region_memory
    startup_stm32f40_41xxx.o(HEAP) refers (Special) to heapauxi.o(.text) for __use_two_region_memory
    startup_stm32f40_41xxx.o(RESET) refers (Special) to heapauxi.o(.text) for __use_two_region_memory
    startup_stm32f40_41xxx.o(RESET) refers to startup_stm32f40_41xxx.o(STACK) for __initial_sp
    startup_stm32f40_41xxx.o(RESET) refers to startup_stm32f40_41xxx.o(.text) for Reset_Handler
    startup_stm32f40_41xxx.o(RESET) refers to stm32f4xx_it.o(.text) for NMI_Handler
    startup_stm32f40_41xxx.o(RESET) refers to port.o(.emb_text) for SVC_Handler
    startup_stm32f40_41xxx.o(RESET) refers to delay.o(.text) for SysTick_Handler
    startup_stm32f40_41xxx.o(RESET) refers to usart.o(.text) for USART1_IRQHandler
    startup_stm32f40_41xxx.o(RESET) refers to uart5.o(.text) for UART5_IRQHandler
    startup_stm32f40_41xxx.o(.text) refers (Special) to heapauxi.o(.text) for __use_two_region_memory
    startup_stm32f40_41xxx.o(.text) refers to system_stm32f4xx.o(.text) for SystemInit
    startup_stm32f40_41xxx.o(.text) refers to __main.o(!!!main) for __main
    startup_stm32f40_41xxx.o(.text) refers to startup_stm32f40_41xxx.o(HEAP) for Heap_Mem
    startup_stm32f40_41xxx.o(.text) refers to startup_stm32f40_41xxx.o(STACK) for Stack_Mem
    stm32f4xx_adc.o(.text) refers to stm32f4xx_rcc.o(.text) for RCC_APB2PeriphResetCmd
    stm32f4xx_can.o(.text) refers to stm32f4xx_rcc.o(.text) for RCC_APB1PeriphResetCmd
    stm32f4xx_cryp.o(.text) refers to stm32f4xx_rcc.o(.text) for RCC_AHB2PeriphResetCmd
    stm32f4xx_cryp_aes.o(.text) refers to stm32f4xx_cryp.o(.text) for CRYP_KeyStructInit
    stm32f4xx_cryp_des.o(.text) refers to stm32f4xx_cryp.o(.text) for CRYP_KeyStructInit
    stm32f4xx_cryp_tdes.o(.text) refers to stm32f4xx_cryp.o(.text) for CRYP_KeyStructInit
    stm32f4xx_dac.o(.text) refers to stm32f4xx_rcc.o(.text) for RCC_APB1PeriphResetCmd
    stm32f4xx_dma2d.o(.text) refers to stm32f4xx_rcc.o(.text) for RCC_AHB1PeriphResetCmd
    stm32f4xx_fsmc.o(.text) refers to stm32f4xx_fsmc.o(.constdata) for FSMC_DefaultTimingStruct
    stm32f4xx_gpio.o(.text) refers to stm32f4xx_rcc.o(.text) for RCC_AHB1PeriphResetCmd
    stm32f4xx_hash.o(.text) refers to stm32f4xx_rcc.o(.text) for RCC_AHB2PeriphResetCmd
    stm32f4xx_hash_md5.o(.text) refers to stm32f4xx_hash.o(.text) for HASH_DeInit
    stm32f4xx_hash_sha1.o(.text) refers to stm32f4xx_hash.o(.text) for HASH_DeInit
    stm32f4xx_i2c.o(.text) refers to stm32f4xx_rcc.o(.text) for RCC_APB1PeriphResetCmd
    stm32f4xx_ltdc.o(.text) refers to stm32f4xx_rcc.o(.text) for RCC_APB2PeriphResetCmd
    stm32f4xx_pwr.o(.text) refers to stm32f4xx_rcc.o(.text) for RCC_APB1PeriphResetCmd
    stm32f4xx_rcc.o(.text) refers to stm32f4xx_rcc.o(.data) for APBAHBPrescTable
    stm32f4xx_rng.o(.text) refers to stm32f4xx_rcc.o(.text) for RCC_AHB2PeriphResetCmd
    stm32f4xx_sai.o(.text) refers to stm32f4xx_rcc.o(.text) for RCC_APB2PeriphResetCmd
    stm32f4xx_sdio.o(.text) refers to stm32f4xx_rcc.o(.text) for RCC_APB2PeriphResetCmd
    stm32f4xx_spi.o(.text) refers to stm32f4xx_rcc.o(.text) for RCC_APB2PeriphResetCmd
    stm32f4xx_syscfg.o(.text) refers to stm32f4xx_rcc.o(.text) for RCC_APB2PeriphResetCmd
    stm32f4xx_tim.o(.text) refers to stm32f4xx_rcc.o(.text) for RCC_APB2PeriphResetCmd
    stm32f4xx_usart.o(.text) refers to stm32f4xx_rcc.o(.text) for RCC_APB2PeriphResetCmd
    stm32f4xx_wwdg.o(.text) refers to stm32f4xx_rcc.o(.text) for RCC_APB1PeriphResetCmd
    delay.o(.text) refers to port.o(.text) for xPortSysTickHandler
    delay.o(.text) refers to misc.o(.text) for SysTick_CLKSourceConfig
    delay.o(.text) refers to tasks.o(.text) for xTaskGetSchedulerState
[...]
    ../clib/signal.c                         0x00000000   Number         0  defsig_rtred_inner.o ABSOLUTE
    ../clib/signal.c                         0x00000000   Number         0  defsig_pvfn_inner.o ABSOLUTE
    ../clib/signal.c                         0x00000000   Number         0  defsig_segv_inner.o ABSOLUTE
    ../clib/signal.c                         0x00000000   Number         0  defsig_rtmem_outer.o ABSOLUTE
    ../clib/signal.c                         0x00000000   Number         0  defsig_cppl_inner.o ABSOLUTE
    ../clib/signal.c                         0x00000000   Number         0  defsig_other.o ABSOLUTE
    ../clib/signal.c                         0x00000000   Number         0  defsig_rtmem_formal.o ABSOLUTE
    ../clib/signal.c                         0x00000000   Number         0  defsig_exit.o ABSOLUTE
    ../clib/signal.c                         0x00000000   Number         0  defsig_rtmem_inner.o ABSOLUTE
    ../clib/signal.c                         0x00000000   Number         0  defsig_general.o ABSOLUTE
    ../clib/signal.s                         0x00000000   Number         0  defsig.o ABSOLUTE
    ../clib/stdio.c                          0x00000000   Number         0  ferror_locked.o ABSOLUTE
    ../clib/stdio.c                          0x00000000   Number         0  ferror.o ABSOLUTE
    ../clib/stdlib.c                         0x00000000   Number         0  exit.o ABSOLUTE
    ../fplib/fpinit.s                        0x00000000   Number         0  fpinit.o ABSOLUTE
    ..\CORE\startup_stm32f40_41xxx.s         0x00000000   Number         0  startup_stm32f40_41xxx.o ABSOLUTE
    ..\DEV\Communication\Usartlin.c          0x00000000   Number         0  usartlin.o ABSOLUTE
    ..\DEV\LED1\led.c                        0x00000000   Number         0  led.o ABSOLUTE
    ..\DEV\UATR5\uart5.c                     0x00000000   Number         0  uart5.o ABSOLUTE
    ..\DEV\USART2\usart2.c                   0x00000000   Number         0  usart2.o ABSOLUTE
    ..\FWLIB\src\misc.c                      0x00000000   Number         0  misc.o ABSOLUTE
    ..\FWLIB\src\stm32f4xx_adc.c             0x00000000   Number         0  stm32f4xx_adc.o ABSOLUTE
    ..\FWLIB\src\stm32f4xx_can.c             0x00000000   Number         0  stm32f4xx_can.o ABSOLUTE
    ..\FWLIB\src\stm32f4xx_crc.c             0x00000000   Number         0  stm32f4xx_crc.o ABSOLUTE
    ..\FWLIB\src\stm32f4xx_cryp.c            0x00000000   Number         0  stm32f4xx_cryp.o ABSOLUTE
    ..\FWLIB\src\stm32f4xx_cryp_aes.c        0x00000000   Number         0  stm32f4xx_cryp_aes.o ABSOLUTE
    ..\FWLIB\src\stm32f4xx_cryp_des.c        0x00000000   Number         0  stm32f4xx_cryp_des.o ABSOLUTE
    ..\FWLIB\src\stm32f4xx_cryp_tdes.c       0x00000000   Number         0  stm32f4xx_cryp_tdes.o ABSOLUTE
    ..\FWLIB\src\stm32f4xx_dac.c             0x00000000   Number         0  stm32f4xx_dac.o ABSOLUTE
    ..\FWLIB\src\stm32f4xx_dbgmcu.c          0x00000000   Number         0  stm32f4xx_dbgmcu.o ABSOLUTE
    ..\FWLIB\src\stm32f4xx_dcmi.c            0x00000000   Number         0  stm32f4xx_dcmi.o ABSOLUTE
    ..\FWLIB\src\stm32f4xx_dma.c             0x00000000   Number         0  stm32f4xx_dma.o ABSOLUTE
    ..\FWLIB\src\stm32f4xx_dma2d.c           0x00000000   Number         0  stm32f4xx_dma2d.o ABSOLUTE
    ..\FWLIB\src\stm32f4xx_exti.c            0x00000000   Number         0  stm32f4xx_exti.o ABSOLUTE
    ..\FWLIB\src\stm32f4xx_flash.c           0x00000000   Number         0  stm32f4xx_flash.o ABSOLUTE
    ..\FWLIB\src\stm32f4xx_flash_ramfunc.c   0x00000000   Number         0  stm32f4xx_flash_ramfunc.o ABSOLUTE
    ..\FWLIB\src\stm32f4xx_fsmc.c            0x00000000   Number         0  stm32f4xx_fsmc.o ABSOLUTE
    ..\FWLIB\src\stm32f4xx_gpio.c            0x00000000   Number         0  stm32f4xx_gpio.o ABSOLUTE
    ..\FWLIB\src\stm32f4xx_hash.c            0x00000000   Number         0  stm32f4xx_hash.o ABSOLUTE
    ..\FWLIB\src\stm32f4xx_hash_md5.c        0x00000000   Number         0  stm32f4xx_hash_md5.o ABSOLUTE
    ..\FWLIB\src\stm32f4xx_hash_sha1.c       0x00000000   Number         0  stm32f4xx_hash_sha1.o ABSOLUTE
    ..\FWLIB\src\stm32f4xx_i2c.c             0x00000000   Number         0  stm32f4xx_i2c.o ABSOLUTE
    ..\FWLIB\src\stm32f4xx_iwdg.c            0x00000000   Number         0  stm32f4xx_iwdg.o ABSOLUTE
    ..\FWLIB\src\stm32f4xx_ltdc.c            0x00000000   Number         0  stm32f4xx_ltdc.o ABSOLUTE
    ..\FWLIB\src\stm32f4xx_pwr.c             0x00000000   Number         0  stm32f4xx_pwr.o ABSOLUTE
    ..\FWLIB\src\stm32f4xx_rcc.c             0x00000000   Number         0  stm32f4xx_rcc.o ABSOLUTE
    ..\FWLIB\src\stm32f4xx_rng.c             0x00000000   Number         0  stm32f4xx_rng.o ABSOLUTE
    ..\FWLIB\src\stm32f4xx_rtc.c             0x00000000   Number         0  stm32f4xx_rtc.o ABSOLUTE
    ..\FWLIB\src\stm32f4xx_sai.c             0x00000000   Number         0  stm32f4xx_sai.o ABSOLUTE
    ..\FWLIB\src\stm32f4xx_sdio.c            0x00000000   Number         0  stm32f4xx_sdio.o ABSOLUTE
    ..\FWLIB\src\stm32f4xx_spi.c             0x00000000   Number         0  stm32f4xx_spi.o ABSOLUTE
    ..\FWLIB\src\stm32f4xx_syscfg.c          0x00000000   Number         0  stm32f4xx_syscfg.o ABSOLUTE
    ..\FWLIB\src\stm32f4xx_tim.c             0x00000000   Number         0  stm32f4xx_tim.o ABSOLUTE
    ..\FWLIB\src\stm32f4xx_usart.c           0x00000000   Number         0  stm32f4xx_usart.o ABSOLUTE
    ..\FWLIB\src\stm32f4xx_wwdg.c            0x00000000   Number         0  stm32f4xx_wwdg.o ABSOLUTE
    ..\FreeRTOS\port\MemMang\heap_4.c        0x00000000   Number         0  heap_4.o ABSOLUTE
    ..\FreeRTOS\port\RVDS\ARM_CM4F\port.c    0x00000000   Number         0  port.o ABSOLUTE
    ..\FreeRTOS\src\croutine.c               0x00000000   Number         0  croutine.o ABSOLUTE
    ..\FreeRTOS\src\event_groups.c           0x00000000   Number         0  event_groups.o ABSOLUTE
    ..\FreeRTOS\src\list.c                   0x00000000   Number         0  list.o ABSOLUTE
    ..\FreeRTOS\src\queue.c                  0x00000000   Number         0  queue.o ABSOLUTE
    ..\FreeRTOS\src\tasks.c                  0x00000000   Number         0  tasks.o ABSOLUTE
    ..\FreeRTOS\src\timers.c                 0x00000000   Number         0  timers.o ABSOLUTE
    ..\SYSTEM\delay\delay.c                  0x00000000   Number         0  delay.o ABSOLUTE
    ..\SYSTEM\sys\sys.c                      0x00000000   Number         0  sys.o ABSOLUTE
    ..\SYSTEM\usart\usart.c                  0x00000000   Number         0  usart.o ABSOLUTE
    ..\\DEV\\Communication\\Usartlin.c       0x00000000   Number         0  usartlin.o ABSOLUTE
    ..\\DEV\\LED1\\led.c                     0x00000000   Number         0  led.o ABSOLUTE
    ..\\DEV\\UATR5\\uart5.c                  0x00000000   Number         0  uart5.o ABSOLUTE
    ..\\DEV\\USART2\\usart2.c                0x00000000   Number         0  usart2.o ABSOLUTE
    ..\\FWLIB\\src\\misc.c                   0x00000000   Number         0  misc.o ABSOLUTE
    ..\\FWLIB\\src\\stm32f4xx_adc.c          0x00000000   Number         0  stm32f4xx_adc.o ABSOLUTE
    ..\\FWLIB\\src\\stm32f4xx_can.c          0x00000000   Number         0  stm32f4xx_can.o ABSOLUTE
    ..\\FWLIB\\src\\stm32f4xx_crc.c          0x00000000   Number         0  stm32f4xx_crc.o ABSOLUTE
    ..\\FWLIB\\src\\stm32f4xx_cryp.c         0x00000000   Number         0  stm32f4xx_cryp.o ABSOLUTE
    ..\\FWLIB\\src\\stm32f4xx_cryp_aes.c     0x00000000   Number         0  stm32f4xx_cryp_aes.o ABSOLUTE
    ..\\FWLIB\\src\\stm32f4xx_cryp_des.c     0x00000000   Number         0  stm32f4xx_cryp_des.o ABSOLUTE
    ..\\FWLIB\\src\\stm32f4xx_cryp_tdes.c    0x00000000   Number         0  stm32f4xx_cryp_tdes.o ABSOLUTE
    ..\\FWLIB\\src\\stm32f4xx_dac.c          0x00000000   Number         0  stm32f4xx_dac.o ABSOLUTE
    ..\\FWLIB\\src\\stm32f4xx_dbgmcu.c       0x00000000   Number         0  stm32f4xx_dbgmcu.o ABSOLUTE
    ..\\FWLIB\\src\\stm32f4xx_dcmi.c         0x00000000   Number         0  stm32f4xx_dcmi.o ABSOLUTE
    ..\\FWLIB\\src\\stm32f4xx_dma.c          0x00000000   Number         0  stm32f4xx_dma.o ABSOLUTE
    ..\\FWLIB\\src\\stm32f4xx_dma2d.c        0x00000000   Number         0  stm32f4xx_dma2d.o ABSOLUTE
    ..\\FWLIB\\src\\stm32f4xx_exti.c         0x00000000   Number         0  stm32f4xx_exti.o ABSOLUTE
    ..\\FWLIB\\src\\stm32f4xx_flash.c        0x00000000   Number         0  stm32f4xx_flash.o ABSOLUTE
    ..\\FWLIB\\src\\stm32f4xx_flash_ramfunc.c 0x00000000   Number         0  stm32f4xx_flash_ramfunc.o ABSOLUTE
    ..\\FWLIB\\src\\stm32f4xx_fsmc.c         0x00000000   Number         0  stm32f4xx_fsmc.o ABSOLUTE
    ..\\FWLIB\\src\\stm32f4xx_gpio.c         0x00000000   Number         0  stm32f4xx_gpio.o ABSOLUTE
    ..\\FWLIB\\src\\stm32f4xx_hash.c         0x00000000   Number         0  stm32f4xx_hash.o ABSOLUTE
    ..\\FWLIB\\src\\stm32f4xx_hash_md5.c     0x00000000   Number         0  stm32f4xx_hash_md5.o ABSOLUTE
    ..\\FWLIB\\src\\stm32f4xx_hash_sha1.c    0x00000000   Number         0  stm32f4xx_hash_sha1.o ABSOLUTE
    ..\\FWLIB\\src\\stm32f4xx_i2c.c          0x00000000   Number         0  stm32f4xx_i2c.o ABSOLUTE
    ..\\FWLIB\\src\\stm32f4xx_iwdg.c         0x00000000   Number         0  stm32f4xx_iwdg.o ABSOLUTE
    ..\\FWLIB\\src\\stm32f4xx_ltdc.c         0x00000000   Number         0  stm32f4xx_ltdc.o ABSOLUTE
    ..\\FWLIB\\src\\stm32f4xx_pwr.c          0x00000000   Number         0  stm32f4xx_pwr.o ABSOLUTE
    ..\\FWLIB\\src\\stm32f4xx_rcc.c          0x00000000   Number         0  stm32f4xx_rcc.o ABSOLUTE
    ..\\FWLIB\\src\\stm32f4xx_rng.c          0x00000000   Number         0  stm32f4xx_rng.o ABSOLUTE
    ..\\FWLIB\\src\\stm32f4xx_rtc.c          0x00000000   Number         0  stm32f4xx_rtc.o ABSOLUTE
    ..\\FWLIB\\src\\stm32f4xx_sai.c          0x00000000   Number         0  stm32f4xx_sai.o ABSOLUTE
    ..\\FWLIB\\src\\stm32f4xx_sdio.c         0x00000000   Number         0  stm32f4xx_sdio.o ABSOLUTE
    ..\\FWLIB\\src\\stm32f4xx_spi.c          0x00000000   Number         0  stm32f4xx_spi.o ABSOLUTE
    ..\\FWLIB\\src\\stm32f4xx_syscfg.c       0x00000000   Number         0  stm32f4xx_syscfg.o ABSOLUTE
    ..\\FWLIB\\src\\stm32f4xx_tim.c          0x00000000   Number         0  stm32f4xx_tim.o ABSOLUTE
    ..\\FWLIB\\src\\stm32f4xx_usart.c        0x00000000   Number         0  stm32f4xx_usart.o ABSOLUTE
    ..\\FWLIB\\src\\stm32f4xx_wwdg.c         0x00000000   Number         0  stm32f4xx_wwdg.o ABSOLUTE
    ..\\FreeRTOS\\port\\MemMang\\heap_4.c    0x00000000   Number         0  heap_4.o ABSOLUTE
    ..\\FreeRTOS\\port\\RVDS\\ARM_CM4F\\port.c 0x00000000   Number         0  port.o ABSOLUTE
    ..\\FreeRTOS\\src\\croutine.c            0x00000000   Number         0  croutine.o ABSOLUTE
    ..\\FreeRTOS\\src\\event_groups.c        0x00000000   Number         0  event_groups.o ABSOLUTE
    ..\\FreeRTOS\\src\\list.c                0x00000000   Number         0  list.o ABSOLUTE
    ..\\FreeRTOS\\src\\queue.c               0x00000000   Number         0  queue.o ABSOLUTE
    ..\\FreeRTOS\\src\\tasks.c               0x00000000   Number         0  tasks.o ABSOLUTE
    ..\\FreeRTOS\\src\\timers.c              0x00000000   Number         0  timers.o ABSOLUTE
    ..\\SYSTEM\\delay\\delay.c               0x00000000   Number         0  delay.o ABSOLUTE
    ..\\SYSTEM\\sys\\sys.c                   0x00000000   Number         0  sys.o ABSOLUTE
    ..\\SYSTEM\\usart\\usart.c               0x00000000   Number         0  usart.o ABSOLUTE
    dc.s                                     0x00000000   Number         0  dc.o ABSOLUTE
    main.c                                   0x00000000   Number         0  main.o ABSOLUTE
    main.c                                   0x00000000   Number         0  main.o ABSOLUTE
    stm32f4xx_it.c                           0x00000000   Number         0  stm32f4xx_it.o ABSOLUTE
    stm32f4xx_it.c                           0x00000000   Number         0  stm32f4xx_it.o ABSOLUTE
    system_stm32f4xx.c                       0x00000000   Number         0  system_stm32f4xx.o ABSOLUTE
    system_stm32f4xx.c                       0x00000000   Number         0  system_stm32f4xx.o ABSOLUTE
    RESET                                    0x08000000   Section      392  startup_stm32f40_41xxx.o(RESET)
    !!!main                                  0x08000188   Section        8  __main.o(!!!main)
    !!!scatter                               0x08000190   Section       52  __scatter.o(!!!scatter)
    !!handler_copy                           0x080001c4   Section       26  __scatter_copy.o(!!handler_copy)
    !!handler_zi                             0x080001e0   Section       28  __scatter_zi.o(!!handler_zi)
    .ARM.Collect$$_printf_percent$$00000000  0x080001fc   Section        0  _printf_percent.o(.ARM.Collect$$_printf_percent$$00000000)
    .ARM.Collect$$_printf_percent$$00000009  0x080001fc   Section        6  _printf_d.o(.ARM.Collect$$_printf_percent$$00000009)
    .ARM.Collect$$_printf_percent$$00000017  0x08000202   Section        4  _printf_percent_end.o(.ARM.Collect$$_printf_percent$$00000017)
    .ARM.Collect$$libinit$$00000000          0x08000206   Section        2  libinit.o(.ARM.Collect$$libinit$$00000000)
    .ARM.Collect$$libinit$$00000001          0x08000208   Section        4  libinit2.o(.ARM.Collect$$libinit$$00000001)
    .ARM.Collect$$libinit$$00000004          0x0800020c   Section        0  libinit2.o(.ARM.Collect$$libinit$$00000004)
    .ARM.Collect$$libinit$$0000000A          0x0800020c   Section        0  libinit2.o(.ARM.Collect$$libinit$$0000000A)
    .ARM.Collect$$libinit$$0000000C          0x0800020c   Section        0  libinit2.o(.ARM.Collect$$libinit$$0000000C)
    .ARM.Collect$$libinit$$0000000E          0x0800020c   Section        0  libinit2.o(.ARM.Collect$$libinit$$0000000E)
    .ARM.Collect$$libinit$$00000011          0x0800020c   Section        0  libinit2.o(.ARM.Collect$$libinit$$00000011)
    .ARM.Collect$$libinit$$00000013          0x0800020c   Section        0  libinit2.o(.ARM.Collect$$libinit$$00000013)
    .ARM.Collect$$libinit$$00000015          0x0800020c   Section        0  libinit2.o(.ARM.Collect$$libinit$$00000015)
    .ARM.Collect$$libinit$$00000017          0x0800020c   Section        0  libinit2.o(.ARM.Collect$$libinit$$00000017)
    .ARM.Collect$$libinit$$00000019          0x0800020c   Section        0  libinit2.o(.ARM.Collect$$libinit$$00000019)
    .ARM.Collect$$libinit$$0000001B          0x0800020c   Section        0  libinit2.o(.ARM.Collect$$libinit$$0000001B)
    .ARM.Collect$$libinit$$0000001D          0x0800020c   Section        0  libinit2.o(.ARM.Collect$$libinit$$0000001D)
    .ARM.Collect$$libinit$$0000001F          0x0800020c   Section        0  libinit2.o(.ARM.Collect$$libinit$$0000001F)
    .ARM.Collect$$libinit$$00000021          0x0800020c   Section        0  libinit2.o(.ARM.Collect$$libinit$$00000021)
    .ARM.Collect$$libinit$$00000023          0x0800020c   Section        0  libinit2.o(.ARM.Collect$$libinit$$00000023)
    .ARM.Collect$$libinit$$00000025          0x0800020c   Section        0  libinit2.o(.ARM.Collect$$libinit$$00000025)
    .ARM.Collect$$libinit$$0000002C          0x0800020c   Section        0  libinit2.o(.ARM.Collect$$libinit$$0000002C)
    .ARM.Collect$$libinit$$0000002E          0x0800020c   Section        0  libinit2.o(.ARM.Collect$$libinit$$0000002E)
    .ARM.Collect$$libinit$$00000030          0x0800020c   Section        0  libinit2.o(.ARM.Collect$$libinit$$00000030)
    .ARM.Collect$$libinit$$00000032          0x0800020c   Section        0  libinit2.o(.ARM.Collect$$libinit$$00000032)
    .ARM.Collect$$libinit$$00000033          0x0800020c   Section        2  libinit2.o(.ARM.Collect$$libinit$$00000033)
    .ARM.Collect$$libshutdown$$00000000      0x0800020e   Section        2  libshutdown.o(.ARM.Collect$$libshutdown$$00000000)
    .ARM.Collect$$libshutdown$$00000003      0x08000210   Section        0  libshutdown2.o(.ARM.Collect$$libshutdown$$00000003)
    .ARM.Collect$$libshutdown$$00000006      0x08000210   Section        0  libshutdown2.o(.ARM.Collect$$libshutdown$$00000006)
    .ARM.Collect$$libshutdown$$00000009      0x08000210   Section        0  libshutdown2.o(.ARM.Collect$$libshutdown$$00000009)
    .ARM.Collect$$libshutdown$$0000000B      0x08000210   Section        0  libshutdown2.o(.ARM.Collect$$libshutdown$$0000000B)
    .ARM.Collect$$libshutdown$$0000000E      0x08000210   Section        0  libshutdown2.o(.ARM.Collect$$libshutdown$$0000000E)
    .ARM.Collect$$libshutdown$$0000000F      0x08000210   Section        2  libshutdown2.o(.ARM.Collect$$libshutdown$$0000000F)
    .ARM.Collect$$rtentry$$00000000          0x08000212   Section        0  __rtentry.o(.ARM.Collect$$rtentry$$00000000)
    .ARM.Collect$$rtentry$$00000002          0x08000212   Section        0  __rtentry2.o(.ARM.Collect$$rtentry$$00000002)
    .ARM.Collect$$rtentry$$00000004          0x08000212   Section        6  __rtentry4.o(.ARM.Collect$$rtentry$$00000004)
    .ARM.Collect$$rtentry$$00000009          0x08000218   Section        0  __rtentry2.o(.ARM.Collect$$rtentry$$00000009)
    .ARM.Collect$$rtentry$$0000000A          0x08000218   Section        4  __rtentry2.o(.ARM.Collect$$rtentry$$0000000A)
    .ARM.Collect$$rtentry$$0000000C          0x0800021c   Section        0  __rtentry2.o(.ARM.Collect$$rtentry$$0000000C)
    .ARM.Collect$$rtentry$$0000000D          0x0800021c   Section        8  __rtentry2.o(.ARM.Collect$$rtentry$$0000000D)
    .ARM.Collect$$rtexit$$00000000           0x08000224   Section        2  rtexit.o(.ARM.Collect$$rtexit$$00000000)
    .ARM.Collect$$rtexit$$00000002           0x08000226   Section        0  rtexit2.o(.ARM.Collect$$rtexit$$00000002)
    .ARM.Collect$$rtexit$$00000003           0x08000226   Section        4  rtexit2.o(.ARM.Collect$$rtexit$$00000003)
    .ARM.Collect$$rtexit$$00000004           0x0800022a   Section        6  rtexit2.o(.ARM.Collect$$rtexit$$00000004)
    .emb_text                                0x08000230   Section      182  port.o(.emb_text)
    $v0                                      0x08000230   Number         0  port.o(.emb_text)
    .text                                    0x080002e8   Section        0  main.o(.text)
    Uart_Task                                0x080002e9   Thumb Code    48  main.o(.text)
    AppTaskCreate                            0x08000319   Thumb Code    82  main.o(.text)
    BSP_Init                                 0x0800036b   Thumb Code    38  main.o(.text)
    .text                                    0x08000448   Section        0  stm32f4xx_it.o(.text)
    .text                                    0x0800045c   Section        0  system_stm32f4xx.o(.text)
    SetSysClock                              0x0800045d   Thumb Code   220  system_stm32f4xx.o(.text)
    .text                                    0x0800066c   Section       64  startup_stm32f40_41xxx.o(.text)
    $v0                                      0x0800066c   Number         0  startup_stm32f40_41xxx.o(.text)
    .text                                    0x080006ac   Section        0  misc.o(.text)
    .text                                    0x0800078c   Section        0  stm32f4xx_gpio.o(.text)
    .text                                    0x08000a20   Section        0  stm32f4xx_rcc.o(.text)
    .text                                    0x0800107c   Section        0  stm32f4xx_usart.o(.text)
    .text                                    0x080014d0   Section        0  delay.o(.text)
    .text                                    0x080015b4   Section        0  usart.o(.text)
    .text                                    0x080016fc   Section        0  port.o(.text)
    prvTaskExitError                         0x080016fd   Thumb Code    60  port.o(.text)
    .text                                    0x08001a08   Section        0  heap_4.o(.text)
    prvInsertBlockIntoFreeList               0x08001a09   Thumb Code    96  heap_4.o(.text)
    prvHeapInit                              0x08001a69   Thumb Code    98  heap_4.o(.text)
    .text                                    0x08001ca4   Section        0  list.o(.text)
    .text                                    0x08001d38   Section        0  queue.o(.text)
    prvInitialiseNewQueue                    0x08001dcb   Thumb Code    42  queue.o(.text)
    prvUnlockQueue                           0x08001e4d   Thumb Code   126  queue.o(.text)
    prvIsQueueFull                           0x08001ecb   Thumb Code    30  queue.o(.text)
    prvCopyDataToQueue                       0x08001ee9   Thumb Code   124  queue.o(.text)
    prvInitialiseMutex                       0x08002109   Thumb Code    28  queue.o(.text)
    prvIsQueueEmpty                          0x08002193   Thumb Code    26  queue.o(.text)
    prvCopyDataFromQueue                     0x080021ad   Thumb Code    42  queue.o(.text)
    .text                                    0x08002968   Section        0  tasks.o(.text)
    prvInitialiseTaskLists                   0x08002969   Thumb Code    70  tasks.o(.text)
    prvAddNewTaskToReadyList                 0x080029af   Thumb Code   156  tasks.o(.text)
    prvInitialiseNewTask                     0x08002a4b   Thumb Code   180  tasks.o(.text)
    prvResetNextTaskUnblockTime              0x08002b5f   Thumb Code    42  tasks.o(.text)
    prvDeleteTCB                             0x08002b89   Thumb Code    18  tasks.o(.text)
    prvAddCurrentTaskToDelayedList           0x08002eab   Thumb Code   124  tasks.o(.text)
    prvTaskIsTaskSuspended                   0x08003395   Thumb Code    80  tasks.o(.text)
    prvCheckTasksWaitingTermination          0x08003503   Thumb Code    86  tasks.o(.text)
    prvIdleTask                              0x08003559   Thumb Code    32  tasks.o(.text)
    prvTaskCheckFreeStackSpace               0x080036a1   Thumb Code    22  tasks.o(.text)
    prvListTasksWithinSingleList             0x08003729   Thumb Code   106  tasks.o(.text)
    .text                                    0x0800412c   Section        0  timers.o(.text)
    prvInsertTimerInActiveList               0x0800412d   Thumb Code    80  timers.o(.text)
    prvSwitchTimerLists                      0x080041fb   Thumb Code   150  timers.o(.text)
    prvSampleTimeNow                         0x08004291   Thumb Code    40  timers.o(.text)
    prvProcessReceivedCommands               0x080042b9   Thumb Code   242  timers.o(.text)
    prvProcessExpiredTimer                   0x080043ab   Thumb Code    94  timers.o(.text)
    prvProcessTimerOrBlockTask               0x08004409   Thumb Code   102  timers.o(.text)
    prvGetNextExpireTime                     0x0800446f   Thumb Code    36  timers.o(.text)
    prvTimerTask                             0x08004493   Thumb Code    26  timers.o(.text)
    prvCheckForValidListAndQueue             0x080044ad   Thumb Code    72  timers.o(.text)
    prvInitialiseNewTimer                    0x0800456d   Thumb Code    78  timers.o(.text)
    .text                                    0x0800470c   Section        0  led.o(.text)
    .text                                    0x0800476c   Section        0  uart5.o(.text)
    .text                                    0x080048b4   Section        0  usart2.o(.text)
    .text                                    0x08004a24   Section        2  use_no_semi_2.o(.text)
    .text                                    0x08004a28   Section        0  noretval__2printf.o(.text)
    .text                                    0x08004a40   Section        0  __printf.o(.text)
    .text                                    0x08004aa8   Section        0  _printf_dec.o(.text)
    .text                                    0x08004b20   Section      138  rt_memcpy_v6.o(.text)
    .text                                    0x08004baa   Section       16  aeabi_memset.o(.text)
    .text                                    0x08004bba   Section       78  rt_memclr_w.o(.text)
    .text                                    0x08004c08   Section        0  heapauxi.o(.text)
    .text                                    0x08004c0e   Section        2  use_no_semi.o(.text)
    .text                                    0x08004c10   Section        0  _printf_intcommon.o(.text)
    .text                                    0x08004cc4   Section        0  _printf_char_file.o(.text)
    .text                                    0x08004ce8   Section      100  rt_memcpy_w.o(.text)
    .text                                    0x08004d4c   Section       68  rt_memclr.o(.text)
    .text                                    0x08004d90   Section        0  _printf_char_common.o(.text)
    _printf_input_char                       0x08004d91   Thumb Code    10  _printf_char_common.o(.text)
    .text                                    0x08004dc0   Section        0  ferror.o(.text)
    .text                                    0x08004dc8   Section       74  sys_stackheap_outer.o(.text)
    .text                                    0x08004e12   Section        0  exit.o(.text)
    .text                                    0x08004e20   Section        8  libspace.o(.text)
    x$fpl$fpinit                             0x08004e28   Section       10  fpinit.o(x$fpl$fpinit)
    $v0                                      0x08004e28   Number         0  fpinit.o(x$fpl$fpinit)
    .data                                    0x20000000   Section       12  main.o(.data)
    AppTaskCreate_Handle                     0x20000000   Data           4  main.o(.data)
    Uart_Task_Handle                         0x20000004   Data           4  main.o(.data)
    .data                                    0x2000000c   Section       20  system_stm32f4xx.o(.data)
    .data                                    0x20000020   Section       16  stm32f4xx_rcc.o(.data)
    APBAHBPrescTable                         0x20000020   Data          16  stm32f4xx_rcc.o(.data)
    .data                                    0x20000030   Section        4  delay.o(.data)
    fac_us                                   0x20000030   Data           1  delay.o(.data)
    fac_ms                                   0x20000032   Data           2  delay.o(.data)
    .data                                    0x20000034   Section        6  usart.o(.data)
    .data                                    0x2000003c   Section       12  port.o(.data)
    uxCriticalNesting                        0x2000003c   Data           4  port.o(.data)
    ucMaxSysCallPriority                     0x20000040   Data           1  port.o(.data)
    ulMaxPRIGROUPValue                       0x20000044   Data           4  port.o(.data)
    .data                                    0x20000048   Section       24  heap_4.o(.data)
    xStart                                   0x20000048   Data           8  heap_4.o(.data)
    pxEnd                                    0x20000050   Data           4  heap_4.o(.data)
    xFreeBytesRemaining                      0x20000054   Data           4  heap_4.o(.data)
    xMinimumEverFreeBytesRemaining           0x20000058   Data           4  heap_4.o(.data)
    xBlockAllocatedBit                       0x2000005c   Data           4  heap_4.o(.data)
    .data                                    0x20000060   Section       60  tasks.o(.data)
    pxDelayedTaskList                        0x20000064   Data           4  tasks.o(.data)
    pxOverflowDelayedTaskList                0x20000068   Data           4  tasks.o(.data)
    uxDeletedTasksWaitingCleanUp             0x2000006c   Data           4  tasks.o(.data)
    uxCurrentNumberOfTasks                   0x20000070   Data           4  tasks.o(.data)
    xTickCount                               0x20000074   Data           4  tasks.o(.data)
    uxTopReadyPriority                       0x20000078   Data           4  tasks.o(.data)
    xSchedulerRunning                        0x2000007c   Data           4  tasks.o(.data)
    uxPendedTicks                            0x20000080   Data           4  tasks.o(.data)
    xYieldPending                            0x20000084   Data           4  tasks.o(.data)
    xNumOfOverflows                          0x20000088   Data           4  tasks.o(.data)
    uxTaskNumber                             0x2000008c   Data           4  tasks.o(.data)
    xNextTaskUnblockTime                     0x20000090   Data           4  tasks.o(.data)
    xIdleTaskHandle                          0x20000094   Data           4  tasks.o(.data)
    uxSchedulerSuspended                     0x20000098   Data           4  tasks.o(.data)
    .data                                    0x2000009c   Section       20  timers.o(.data)
    pxCurrentTimerList                       0x2000009c   Data           4  timers.o(.data)
    pxOverflowTimerList                      0x200000a0   Data           4  timers.o(.data)
    xTimerQueue                              0x200000a4   Data           4  timers.o(.data)
    xTimerTaskHandle                         0x200000a8   Data           4  timers.o(.data)
    xLastTime                                0x200000ac   Data           4  timers.o(.data)
    .data                                    0x200000b0   Section        3  uart5.o(.data)
    .data                                    0x200000b3   Section        3  usart2.o(.data)
    .bss                                     0x200000b8   Section      200  usart.o(.bss)
    .bss                                     0x20000180   Section    76800  heap_4.o(.bss)
    ucHeap                                   0x20000180   Data       76800  heap_4.o(.bss)
    .bss                                     0x20012d80   Section       64  queue.o(.bss)
    .bss                                     0x20012dc0   Section      200  tasks.o(.bss)
    pxReadyTasksLists                        0x20012dc0   Data         100  tasks.o(.bss)
    xDelayedTaskList1                        0x20012e24   Data          20  tasks.o(.bss)
    xDelayedTaskList2                        0x20012e38   Data          20  tasks.o(.bss)
    xPendingReadyList                        0x20012e4c   Data          20  tasks.o(.bss)
    xTasksWaitingTermination                 0x20012e60   Data          20  tasks.o(.bss)
    xSuspendedTaskList                       0x20012e74   Data          20  tasks.o(.bss)
    .bss                                     0x20012e88   Section       40  timers.o(.bss)
    xActiveTimerList1                        0x20012e88   Data          20  timers.o(.bss)
    xActiveTimerList2                        0x20012e9c   Data          20  timers.o(.bss)
    .bss                                     0x20012eb0   Section      128  uart5.o(.bss)
    .bss                                     0x20012f30   Section      128  usart2.o(.bss)
    .bss                                     0x20012fb0   Section       96  libspace.o(.bss)
    HEAP                                     0x20013010   Section      512  startup_stm32f40_41xxx.o(HEAP)
    Heap_Mem                                 0x20013010   Data         512  startup_stm32f40_41xxx.o(HEAP)
    STACK                                    0x20013210   Section     1024  startup_stm32f40_41xxx.o(STACK)
    Stack_Mem                                0x20013210   Data        1024  startup_stm32f40_41xxx.o(STACK)
    __initial_sp                             0x20013610   Data           0  startup_stm32f40_41xxx.o(STACK)

    Global Symbols

    Symbol Name                              Value     Ov Type        Size  Object(Section)

    BuildAttributes$$THM_ISAv4$E$P$D$K$B$S$7EM$VFPi3$EXTD16$VFPS$VFMA$PE$A:L22UL41UL21$X:L11$S22US41US21$IEEE1$IW$USESV6$~STKCKD$USESV7$~SHL$OSPACE$ROPI$EBA8$UX$STANDARDLIB$REQ8$PRES8$EABIv2 0x00000000   Number         0  anon$$obj.o ABSOLUTE
    __ARM_use_no_argv                        0x00000000   Number         0  main.o ABSOLUTE
    __ARM_exceptions_init                     - Undefined Weak Reference
    __alloca_initialize                       - Undefined Weak Reference
    __arm_preinit_                            - Undefined Weak Reference
    __cpp_initialize__aeabi_                  - Undefined Weak Reference
    __cxa_finalize                            - Undefined Weak Reference
    __rt_locale                               - Undefined Weak Reference
    __sigvec_lookup                           - Undefined Weak Reference
    _atexit_init                              - Undefined Weak Reference
    _call_atexit_fns                          - Undefined Weak Reference
    _clock_init                               - Undefined Weak Reference
    _fp_trap_init                             - Undefined Weak Reference
    _fp_trap_shutdown                         - Undefined Weak Reference
    _get_lc_collate                           - Undefined Weak Reference
    _get_lc_ctype                             - Undefined Weak Reference
    _get_lc_monetary                          - Undefined Weak Reference
    _get_lc_numeric                           - Undefined Weak Reference
    _get_lc_time                              - Undefined Weak Reference
    _getenv_init                              - Undefined Weak Reference
    _handle_redirection                       - Undefined Weak Reference
    _init_alloc                               - Undefined Weak Reference
    _init_user_alloc                          - Undefined Weak Reference
    _initio                                   - Undefined Weak Reference
    _mutex_acquire                            - Undefined Weak Reference
    _mutex_release                            - Undefined Weak Reference
    _printf_post_padding                      - Undefined Weak Reference
    _printf_pre_padding                       - Undefined Weak Reference
    _printf_truncate_signed                   - Undefined Weak Reference
    _printf_truncate_unsigned                 - Undefined Weak Reference
    _rand_init                                - Undefined Weak Reference
    _signal_finish                            - Undefined Weak Reference
    _signal_init                              - Undefined Weak Reference
    _terminate_alloc                          - Undefined Weak Reference
    _terminate_user_alloc                     - Undefined Weak Reference
    _terminateio                              - Undefined Weak Reference
    __Vectors_Size                           0x00000188   Number         0  startup_stm32f40_41xxx.o ABSOLUTE
    __Vectors                                0x08000000   Data           4  startup_stm32f40_41xxx.o(RESET)
    __Vectors_End                            0x08000188   Data           0  startup_stm32f40_41xxx.o(RESET)
    __main                                   0x08000189   Thumb Code     8  __main.o(!!!main)
    __scatterload                            0x08000191   Thumb Code     0  __scatter.o(!!!scatter)
    __scatterload_rt2                        0x08000191   Thumb Code    44  __scatter.o(!!!scatter)
    __scatterload_rt2_thumb_only             0x08000191   Thumb Code     0  __scatter.o(!!!scatter)
    __scatterload_null                       0x0800019f   Thumb Code     0  __scatter.o(!!!scatter)
    __scatterload_copy                       0x080001c5   Thumb Code    26  __scatter_copy.o(!!handler_copy)
    __scatterload_zeroinit                   0x080001e1   Thumb Code    28  __scatter_zi.o(!!handler_zi)
    _printf_d                                0x080001fd   Thumb Code     0  _printf_d.o(.ARM.Collect$$_printf_percent$$00000009)
    _printf_percent                          0x080001fd   Thumb Code     0  _printf_percent.o(.ARM.Collect$$_printf_percent$$00000000)
    _printf_percent_end                      0x08000203   Thumb Code     0  _printf_percent_end.o(.ARM.Collect$$_printf_percent$$00000017)
    __rt_lib_init                            0x08000207   Thumb Code     0  libinit.o(.ARM.Collect$$libinit$$00000000)
    __rt_lib_init_fp_1                       0x08000209   Thumb Code     0  libinit2.o(.ARM.Collect$$libinit$$00000001)
    __rt_lib_init_alloca_1                   0x0800020d   Thumb Code     0  libinit2.o(.ARM.Collect$$libinit$$0000002E)
    __rt_lib_init_argv_1                     0x0800020d   Thumb Code     0  libinit2.o(.ARM.Collect$$libinit$$0000002C)
    __rt_lib_init_atexit_1                   0x0800020d   Thumb Code     0  libinit2.o(.ARM.Collect$$libinit$$0000001B)
    __rt_lib_init_clock_1                    0x0800020d   Thumb Code     0  libinit2.o(.ARM.Collect$$libinit$$00000021)
    __rt_lib_init_cpp_1                      0x0800020d   Thumb Code     0  libinit2.o(.ARM.Collect$$libinit$$00000032)
    __rt_lib_init_exceptions_1               0x0800020d   Thumb Code     0  libinit2.o(.ARM.Collect$$libinit$$00000030)
    __rt_lib_init_fp_trap_1                  0x0800020d   Thumb Code     0  libinit2.o(.ARM.Collect$$libinit$$0000001F)
    __rt_lib_init_getenv_1                   0x0800020d   Thumb Code     0  libinit2.o(.ARM.Collect$$libinit$$00000023)
    __rt_lib_init_heap_1                     0x0800020d   Thumb Code     0  libinit2.o(.ARM.Collect$$libinit$$0000000A)
    __rt_lib_init_lc_collate_1               0x0800020d   Thumb Code     0  libinit2.o(.ARM.Collect$$libinit$$00000011)
    __rt_lib_init_lc_ctype_1                 0x0800020d   Thumb Code     0  libinit2.o(.ARM.Collect$$libinit$$00000013)
    __rt_lib_init_lc_monetary_1              0x0800020d   Thumb Code     0  libinit2.o(.ARM.Collect$$libinit$$00000015)
    __rt_lib_init_lc_numeric_1               0x0800020d   Thumb Code     0  libinit2.o(.ARM.Collect$$libinit$$00000017)
    __rt_lib_init_lc_time_1                  0x0800020d   Thumb Code     0  libinit2.o(.ARM.Collect$$libinit$$00000019)
    __rt_lib_init_preinit_1                  0x0800020d   Thumb Code     0  libinit2.o(.ARM.Collect$$libinit$$00000004)
    __rt_lib_init_rand_1                     0x0800020d   Thumb Code     0  libinit2.o(.ARM.Collect$$libinit$$0000000E)
    __rt_lib_init_return                     0x0800020d   Thumb Code     0  libinit2.o(.ARM.Collect$$libinit$$00000033)
    __rt_lib_init_signal_1                   0x0800020d   Thumb Code     0  libinit2.o(.ARM.Collect$$libinit$$0000001D)
    __rt_lib_init_stdio_1                    0x0800020d   Thumb Code     0  libinit2.o(.ARM.Collect$$libinit$$00000025)
    __rt_lib_init_user_alloc_1               0x0800020d   Thumb Code     0  libinit2.o(.ARM.Collect$$libinit$$0000000C)
    __rt_lib_shutdown                        0x0800020f   Thumb Code     0  libshutdown.o(.ARM.Collect$$libshutdown$$00000000)
    __rt_lib_shutdown_fp_trap_1              0x08000211   Thumb Code     0  libshutdown2.o(.ARM.Collect$$libshutdown$$00000006)
    __rt_lib_shutdown_heap_1                 0x08000211   Thumb Code     0  libshutdown2.o(.ARM.Collect$$libshutdown$$0000000E)
    __rt_lib_shutdown_return                 0x08000211   Thumb Code     0  libshutdown2.o(.ARM.Collect$$libshutdown$$0000000F)
    __rt_lib_shutdown_signal_1               0x08000211   Thumb Code     0  libshutdown2.o(.ARM.Collect$$libshutdown$$00000009)
    __rt_lib_shutdown_stdio_1                0x08000211   Thumb Code     0  libshutdown2.o(.ARM.Collect$$libshutdown$$00000003)
    __rt_lib_shutdown_user_alloc_1           0x08000211   Thumb Code     0  libshutdown2.o(.ARM.Collect$$libshutdown$$0000000B)
    __rt_entry                               0x08000213   Thumb Code     0  __rtentry.o(.ARM.Collect$$rtentry$$00000000)
    __rt_entry_presh_1                       0x08000213   Thumb Code     0  __rtentry2.o(.ARM.Collect$$rtentry$$00000002)
    __rt_entry_sh                            0x08000213   Thumb Code     0  __rtentry4.o(.ARM.Collect$$rtentry$$00000004)
    __rt_entry_li                            0x08000219   Thumb Code     0  __rtentry2.o(.ARM.Collect$$rtentry$$0000000A)
    __rt_entry_postsh_1                      0x08000219   Thumb Code     0  __rtentry2.o(.ARM.Collect$$rtentry$$00000009)
    __rt_entry_main                          0x0800021d   Thumb Code     0  __rtentry2.o(.ARM.Collect$$rtentry$$0000000D)
    __rt_entry_postli_1                      0x0800021d   Thumb Code     0  __rtentry2.o(.ARM.Collect$$rtentry$$0000000C)
    __rt_exit                                0x08000225   Thumb Code     0  rtexit.o(.ARM.Collect$$rtexit$$00000000)
    __rt_exit_ls                             0x08000227   Thumb Code     0  rtexit2.o(.ARM.Collect$$rtexit$$00000003)
    __rt_exit_prels_1                        0x08000227   Thumb Code     0  rtexit2.o(.ARM.Collect$$rtexit$$00000002)
    __rt_exit_exit                           0x0800022b   Thumb Code     0  rtexit2.o(.ARM.Collect$$rtexit$$00000004)
    SVC_Handler                              0x08000231   Thumb Code    28  port.o(.emb_text)
    __asm___6_port_c_39a90d8d__prvStartFirstTask 0x08000251   Thumb Code    28  port.o(.emb_text)
    __asm___6_port_c_39a90d8d__prvEnableVFP  0x08000271   Thumb Code    16  port.o(.emb_text)
    PendSV_Handler                           0x08000285   Thumb Code    88  port.o(.emb_text)
    vPortGetIPSR                             0x080002e1   Thumb Code     6  port.o(.emb_text)
    main                                     0x08000391   Thumb Code    50  main.o(.text)
    NMI_Handler                              0x08000449   Thumb Code     2  stm32f4xx_it.o(.text)
    HardFault_Handler                        0x0800044b   Thumb Code     4  stm32f4xx_it.o(.text)
    MemManage_Handler                        0x0800044f   Thumb Code     4  stm32f4xx_it.o(.text)
    BusFault_Handler                         0x08000453   Thumb Code     4  stm32f4xx_it.o(.text)
    UsageFault_Handler                       0x08000457   Thumb Code     4  stm32f4xx_it.o(.text)
    DebugMon_Handler                         0x0800045b   Thumb Code     2  stm32f4xx_it.o(.text)
    SystemInit                               0x08000539   Thumb Code    88  system_stm32f4xx.o(.text)
    SystemCoreClockUpdate                    0x08000591   Thumb Code   174  system_stm32f4xx.o(.text)
    Reset_Handler                            0x0800066d   Thumb Code     8  startup_stm32f40_41xxx.o(.text)
    ADC_IRQHandler                           0x08000687   Thumb Code     0  startup_stm32f40_41xxx.o(.text)
    CAN1_RX0_IRQHandler                      0x08000687   Thumb Code     0  startup_stm32f40_41xxx.o(.text)
    CAN1_RX1_IRQHandler                      0x08000687   Thumb Code     0  startup_stm32f40_41xxx.o(.text)
    CAN1_SCE_IRQHandler                      0x08000687   Thumb Code     0  startup_stm32f40_41xxx.o(.text)
    CAN1_TX_IRQHandler                       0x08000687   Thumb Code     0  startup_stm32f40_41xxx.o(.text)
    CAN2_RX0_IRQHandler                      0x08000687   Thumb Code     0  startup_stm32f40_41xxx.o(.text)
    CAN2_RX1_IRQHandler                      0x08000687   Thumb Code     0  startup_stm32f40_41xxx.o(.text)
    CAN2_SCE_IRQHandler                      0x08000687   Thumb Code     0  startup_stm32f40_41xxx.o(.text)
    CAN2_TX_IRQHandler                       0x08000687   Thumb Code     0  startup_stm32f40_41xxx.o(.text)
    CRYP_IRQHandler                          0x08000687   Thumb Code     0  startup_stm32f40_41xxx.o(.text)
    DCMI_IRQHandler                          0x08000687   Thumb Code     0  startup_stm32f40_41xxx.o(.text)
    DMA1_Stream0_IRQHandler                  0x08000687   Thumb Code     0  startup_stm32f40_41xxx.o(.text)
    DMA1_Stream1_IRQHandler                  0x08000687   Thumb Code     0  startup_stm32f40_41xxx.o(.text)
    DMA1_Stream2_IRQHandler                  0x08000687   Thumb Code     0  startup_stm32f40_41xxx.o(.text)
    DMA1_Stream3_IRQHandler                  0x08000687   Thumb Code     0  startup_stm32f40_41xxx.o(.text)
    DMA1_Stream4_IRQHandler                  0x08000687   Thumb Code     0  startup_stm32f40_41xxx.o(.text)
    DMA1_Stream5_IRQHandler                  0x08000687   Thumb Code     0  startup_stm32f40_41xxx.o(.text)
    DMA1_Stream6_IRQHandler                  0x08000687   Thumb Code     0  startup_stm32f40_41xxx.o(.text)
    DMA1_Stream7_IRQHandler                  0x08000687   Thumb Code     0  startup_stm32f40_41xxx.o(.text)
    DMA2_Stream0_IRQHandler                  0x08000687   Thumb Code     0  startup_stm32f40_41xxx.o(.text)
    DMA2_Stream1_IRQHandler                  0x08000687   Thumb Code     0  startup_stm32f40_41xxx.o(.text)
    DMA2_Stream2_IRQHandler                  0x08000687   Thumb Code     0  startup_stm32f40_41xxx.o(.text)
    DMA2_Stream3_IRQHandler                  0x08000687   Thumb Code     0  startup_stm32f40_41xxx.o(.text)
    DMA2_Stream4_IRQHandler                  0x08000687   Thumb Code     0  startup_stm32f40_41xxx.o(.text)
    DMA2_Stream5_IRQHandler                  0x08000687   Thumb Code     0  startup_stm32f40_41xxx.o(.text)
    DMA2_Stream6_IRQHandler                  0x08000687   Thumb Code     0  startup_stm32f40_41xxx.o(.text)
    DMA2_Stream7_IRQHandler                  0x08000687   Thumb Code     0  startup_stm32f40_41xxx.o(.text)
    ETH_IRQHandler                           0x08000687   Thumb Code     0  startup_stm32f40_41xxx.o(.text)
    ETH_WKUP_IRQHandler                      0x08000687   Thumb Code     0  startup_stm32f40_41xxx.o(.text)
    EXTI0_IRQHandler                         0x08000687   Thumb Code     0  startup_stm32f40_41xxx.o(.text)
    EXTI15_10_IRQHandler                     0x08000687   Thumb Code     0  startup_stm32f40_41xxx.o(.text)
    EXTI1_IRQHandler                         0x08000687   Thumb Code     0  startup_stm32f40_41xxx.o(.text)
    EXTI2_IRQHandler                         0x08000687   Thumb Code     0  startup_stm32f40_41xxx.o(.text)
    EXTI3_IRQHandler                         0x08000687   Thumb Code     0  startup_stm32f40_41xxx.o(.text)
    EXTI4_IRQHandler                         0x08000687   Thumb Code     0  startup_stm32f40_41xxx.o(.text)
    EXTI9_5_IRQHandler                       0x08000687   Thumb Code     0  startup_stm32f40_41xxx.o(.text)
    FLASH_IRQHandler                         0x08000687   Thumb Code     0  startup_stm32f40_41xxx.o(.text)
    FPU_IRQHandler                           0x08000687   Thumb Code     0  startup_stm32f40_41xxx.o(.text)
    FSMC_IRQHandler                          0x08000687   Thumb Code     0  startup_stm32f40_41xxx.o(.text)
    HASH_RNG_IRQHandler                      0x08000687   Thumb Code     0  startup_stm32f40_41xxx.o(.text)
    I2C1_ER_IRQHandler                       0x08000687   Thumb Code     0  startup_stm32f40_41xxx.o(.text)
    I2C1_EV_IRQHandler                       0x08000687   Thumb Code     0  startup_stm32f40_41xxx.o(.text)
    I2C2_ER_IRQHandler                       0x08000687   Thumb Code     0  startup_stm32f40_41xxx.o(.text)
    I2C2_EV_IRQHandler                       0x08000687   Thumb Code     0  startup_stm32f40_41xxx.o(.text)
    I2C3_ER_IRQHandler                       0x08000687   Thumb Code     0  startup_stm32f40_41xxx.o(.text)
    I2C3_EV_IRQHandler                       0x08000687   Thumb Code     0  startup_stm32f40_41xxx.o(.text)
    OTG_FS_IRQHandler                        0x08000687   Thumb Code     0  startup_stm32f40_41xxx.o(.text)
    OTG_FS_WKUP_IRQHandler                   0x08000687   Thumb Code     0  startup_stm32f40_41xxx.o(.text)
    OTG_HS_EP1_IN_IRQHandler                 0x08000687   Thumb Code     0  startup_stm32f40_41xxx.o(.text)
    OTG_HS_EP1_OUT_IRQHandler                0x08000687   Thumb Code     0  startup_stm32f40_41xxx.o(.text)
    OTG_HS_IRQHandler                        0x08000687   Thumb Code     0  startup_stm32f40_41xxx.o(.text)
    OTG_HS_WKUP_IRQHandler                   0x08000687   Thumb Code     0  startup_stm32f40_41xxx.o(.text)
    PVD_IRQHandler                           0x08000687   Thumb Code     0  startup_stm32f40_41xxx.o(.text)
    RCC_IRQHandler                           0x08000687   Thumb Code     0  startup_stm32f40_41xxx.o(.text)
    RTC_Alarm_IRQHandler                     0x08000687   Thumb Code     0  startup_stm32f40_41xxx.o(.text)
    RTC_WKUP_IRQHandler                      0x08000687   Thumb Code     0  startup_stm32f40_41xxx.o(.text)
    SDIO_IRQHandler                          0x08000687   Thumb Code     0  startup_stm32f40_41xxx.o(.text)
    SPI1_IRQHandler                          0x08000687   Thumb Code     0  startup_stm32f40_41xxx.o(.text)
    SPI2_IRQHandler                          0x08000687   Thumb Code     0  startup_stm32f40_41xxx.o(.text)
    SPI3_IRQHandler                          0x08000687   Thumb Code     0  startup_stm32f40_41xxx.o(.text)
    TAMP_STAMP_IRQHandler                    0x08000687   Thumb Code     0  startup_stm32f40_41xxx.o(.text)
    TIM1_BRK_TIM9_IRQHandler                 0x08000687   Thumb Code     0  startup_stm32f40_41xxx.o(.text)
    TIM1_CC_IRQHandler                       0x08000687   Thumb Code     0  startup_stm32f40_41xxx.o(.text)
    TIM1_TRG_COM_TIM11_IRQHandler            0x08000687   Thumb Code     0  startup_stm32f40_41xxx.o(.text)
    TIM1_UP_TIM10_IRQHandler                 0x08000687   Thumb Code     0  startup_stm32f40_41xxx.o(.text)
    TIM2_IRQHandler                          0x08000687   Thumb Code     0  startup_stm32f40_41xxx.o(.text)
    TIM3_IRQHandler                          0x08000687   Thumb Code     0  startup_stm32f40_41xxx.o(.text)
    TIM4_IRQHandler                          0x08000687   Thumb Code     0  startup_stm32f40_41xxx.o(.text)
    TIM5_IRQHandler                          0x08000687   Thumb Code     0  startup_stm32f40_41xxx.o(.text)
    TIM6_DAC_IRQHandler                      0x08000687   Thumb Code     0  startup_stm32f40_41xxx.o(.text)
    TIM7_IRQHandler                          0x08000687   Thumb Code     0  startup_stm32f40_41xxx.o(.text)
    TIM8_BRK_TIM12_IRQHandler                0x08000687   Thumb Code     0  startup_stm32f40_41xxx.o(.text)
    TIM8_CC_IRQHandler                       0x08000687   Thumb Code     0  startup_stm32f40_41xxx.o(.text)
    TIM8_TRG_COM_TIM14_IRQHandler            0x08000687   Thumb Code     0  startup_stm32f40_41xxx.o(.text)
    TIM8_UP_TIM13_IRQHandler                 0x08000687   Thumb Code     0  startup_stm32f40_41xxx.o(.text)
    UART4_IRQHandler                         0x08000687   Thumb Code     0  startup_stm32f40_41xxx.o(.text)
    USART2_IRQHandler                        0x08000687   Thumb Code     0  startup_stm32f40_41xxx.o(.text)
    USART3_IRQHandler                        0x08000687   Thumb Code     0  startup_stm32f40_41xxx.o(.text)
    USART6_IRQHandler                        0x08000687   Thumb Code     0  startup_stm32f40_41xxx.o(.text)
    WWDG_IRQHandler                          0x08000687   Thumb Code     0  startup_stm32f40_41xxx.o(.text)
    __user_initial_stackheap                 0x08000689   Thumb Code     0  startup_stm32f40_41xxx.o(.text)
    NVIC_PriorityGroupConfig                 0x080006ad   Thumb Code    10  misc.o(.text)
    NVIC_Init                                0x080006b7   Thumb Code   106  misc.o(.text)
    NVIC_SetVectorTable                      0x08000721   Thumb Code    14  misc.o(.text)
    NVIC_SystemLPConfig                      0x0800072f   Thumb Code    34  misc.o(.text)
    SysTick_CLKSourceConfig                  0x08000751   Thumb Code    40  misc.o(.text)
    GPIO_DeInit                              0x0800078d   Thumb Code   268  stm32f4xx_gpio.o(.text)
    GPIO_Init                                0x08000899   Thumb Code   144  stm32f4xx_gpio.o(.text)
    GPIO_StructInit                          0x08000929   Thumb Code    18  stm32f4xx_gpio.o(.text)
    GPIO_PinLockConfig                       0x0800093b   Thumb Code    34  stm32f4xx_gpio.o(.text)
    GPIO_ReadInputDataBit                    0x0800095d   Thumb Code    18  stm32f4xx_gpio.o(.text)
    GPIO_ReadInputData                       0x0800096f   Thumb Code     8  stm32f4xx_gpio.o(.text)
    GPIO_ReadOutputDataBit                   0x08000977   Thumb Code    18  stm32f4xx_gpio.o(.text)
    GPIO_ReadOutputData                      0x08000989   Thumb Code     8  stm32f4xx_gpio.o(.text)
    GPIO_SetBits                             0x08000991   Thumb Code     4  stm32f4xx_gpio.o(.text)
    GPIO_ResetBits                           0x08000995   Thumb Code     4  stm32f4xx_gpio.o(.text)
    GPIO_WriteBit                            0x08000999   Thumb Code    10  stm32f4xx_gpio.o(.text)
    GPIO_Write                               0x080009a3   Thumb Code     4  stm32f4xx_gpio.o(.text)
    GPIO_ToggleBits                          0x080009a7   Thumb Code     8  stm32f4xx_gpio.o(.text)
    GPIO_PinAFConfig                         0x080009af   Thumb Code    70  stm32f4xx_gpio.o(.text)
    RCC_DeInit                               0x08000a21   Thumb Code    82  stm32f4xx_rcc.o(.text)
    RCC_HSEConfig                            0x08000a73   Thumb Code    14  stm32f4xx_rcc.o(.text)
    RCC_GetFlagStatus                        0x08000a81   Thumb Code    60  stm32f4xx_rcc.o(.text)
    RCC_WaitForHSEStartUp                    0x08000abd   Thumb Code    56  stm32f4xx_rcc.o(.text)
    RCC_AdjustHSICalibrationValue            0x08000af5   Thumb Code    20  stm32f4xx_rcc.o(.text)
    RCC_HSICmd                               0x08000b09   Thumb Code     6  stm32f4xx_rcc.o(.text)
    RCC_LSEConfig                            0x08000b0f   Thumb Code    46  stm32f4xx_rcc.o(.text)
    RCC_LSICmd                               0x08000b3d   Thumb Code     6  stm32f4xx_rcc.o(.text)
    RCC_PLLConfig                            0x08000b43   Thumb Code    32  stm32f4xx_rcc.o(.text)
    RCC_PLLCmd                               0x08000b63   Thumb Code     6  stm32f4xx_rcc.o(.text)
    RCC_PLLI2SConfig                         0x08000b69   Thumb Code    14  stm32f4xx_rcc.o(.text)
    RCC_PLLI2SCmd                            0x08000b77   Thumb Code     6  stm32f4xx_rcc.o(.text)
    RCC_PLLSAIConfig                         0x08000b7d   Thumb Code    20  stm32f4xx_rcc.o(.text)
    RCC_PLLSAICmd                            0x08000b91   Thumb Code     6  stm32f4xx_rcc.o(.text)
    RCC_ClockSecuritySystemCmd               0x08000b97   Thumb Code     6  stm32f4xx_rcc.o(.text)
    RCC_MCO1Config                           0x08000b9d   Thumb Code    28  stm32f4xx_rcc.o(.text)
    RCC_MCO2Config                           0x08000bb9   Thumb Code    28  stm32f4xx_rcc.o(.text)
    RCC_SYSCLKConfig                         0x08000bd5   Thumb Code    20  stm32f4xx_rcc.o(.text)
    RCC_GetSYSCLKSource                      0x08000be9   Thumb Code    12  stm32f4xx_rcc.o(.text)
    RCC_HCLKConfig                           0x08000bf5   Thumb Code    20  stm32f4xx_rcc.o(.text)
    RCC_PCLK1Config                          0x08000c09   Thumb Code    20  stm32f4xx_rcc.o(.text)
    RCC_PCLK2Config                          0x08000c1d   Thumb Code    22  stm32f4xx_rcc.o(.text)
    RCC_GetClocksFreq                        0x08000c33   Thumb Code   222  stm32f4xx_rcc.o(.text)
    RCC_RTCCLKConfig                         0x08000d11   Thumb Code    54  stm32f4xx_rcc.o(.text)
    RCC_RTCCLKCmd                            0x08000d47   Thumb Code     8  stm32f4xx_rcc.o(.text)
    RCC_BackupResetCmd                       0x08000d4f   Thumb Code     8  stm32f4xx_rcc.o(.text)
    RCC_I2SCLKConfig                         0x08000d57   Thumb Code     6  stm32f4xx_rcc.o(.text)
    RCC_SAIPLLI2SClkDivConfig                0x08000d5d   Thumb Code    26  stm32f4xx_rcc.o(.text)
    RCC_SAIPLLSAIClkDivConfig                0x08000d77   Thumb Code    28  stm32f4xx_rcc.o(.text)
    RCC_SAIBlockACLKConfig                   0x08000d93   Thumb Code    20  stm32f4xx_rcc.o(.text)
    RCC_SAIBlockBCLKConfig                   0x08000da7   Thumb Code    20  stm32f4xx_rcc.o(.text)
    RCC_LTDCCLKDivConfig                     0x08000dbb   Thumb Code    20  stm32f4xx_rcc.o(.text)
    RCC_TIMCLKPresConfig                     0x08000dcf   Thumb Code     6  stm32f4xx_rcc.o(.text)
    RCC_AHB1PeriphClockCmd                   0x08000dd5   Thumb Code    34  stm32f4xx_rcc.o(.text)
    RCC_AHB2PeriphClockCmd                   0x08000df7   Thumb Code    78  stm32f4xx_rcc.o(.text)
    RCC_AHB3PeriphClockCmd                   0x08000e45   Thumb Code    34  stm32f4xx_rcc.o(.text)
    RCC_APB1PeriphClockCmd                   0x08000e67   Thumb Code    34  stm32f4xx_rcc.o(.text)
    RCC_APB2PeriphClockCmd                   0x08000e89   Thumb Code    34  stm32f4xx_rcc.o(.text)
    RCC_AHB1PeriphResetCmd                   0x08000eab   Thumb Code    34  stm32f4xx_rcc.o(.text)
    RCC_AHB2PeriphResetCmd                   0x08000ecd   Thumb Code    34  stm32f4xx_rcc.o(.text)
    RCC_AHB3PeriphResetCmd                   0x08000eef   Thumb Code    34  stm32f4xx_rcc.o(.text)
    RCC_APB1PeriphResetCmd                   0x08000f11   Thumb Code    34  stm32f4xx_rcc.o(.text)
    RCC_APB2PeriphResetCmd                   0x08000f33   Thumb Code    34  stm32f4xx_rcc.o(.text)
    RCC_AHB1PeriphClockLPModeCmd             0x08000f55   Thumb Code    34  stm32f4xx_rcc.o(.text)
    RCC_AHB2PeriphClockLPModeCmd             0x08000f77   Thumb Code    34  stm32f4xx_rcc.o(.text)
    RCC_AHB3PeriphClockLPModeCmd             0x08000f99   Thumb Code    34  stm32f4xx_rcc.o(.text)
    RCC_APB1PeriphClockLPModeCmd             0x08000fbb   Thumb Code    34  stm32f4xx_rcc.o(.text)
    RCC_APB2PeriphClockLPModeCmd             0x08000fdd   Thumb Code    34  stm32f4xx_rcc.o(.text)
    RCC_LSEModeConfig                        0x08000fff   Thumb Code    40  stm32f4xx_rcc.o(.text)
    RCC_ITConfig                             0x08001027   Thumb Code    34  stm32f4xx_rcc.o(.text)
    RCC_ClearFlag                            0x08001049   Thumb Code    18  stm32f4xx_rcc.o(.text)
    RCC_GetITStatus                          0x0800105b   Thumb Code    22  stm32f4xx_rcc.o(.text)
    RCC_ClearITPendingBit                    0x08001071   Thumb Code     8  stm32f4xx_rcc.o(.text)
    USART_DeInit                             0x0800107d   Thumb Code   206  stm32f4xx_usart.o(.text)
    USART_Init                               0x0800114b   Thumb Code   204  stm32f4xx_usart.o(.text)
    USART_StructInit                         0x08001217   Thumb Code    24  stm32f4xx_usart.o(.text)
    USART_ClockInit                          0x0800122f   Thumb Code    32  stm32f4xx_usart.o(.text)
    USART_ClockStructInit                    0x0800124f   Thumb Code    12  stm32f4xx_usart.o(.text)
    USART_Cmd                                0x0800125b   Thumb Code    24  stm32f4xx_usart.o(.text)
    USART_SetPrescaler                       0x08001273   Thumb Code    16  stm32f4xx_usart.o(.text)
    USART_OverSampling8Cmd                   0x08001283   Thumb Code    22  stm32f4xx_usart.o(.text)
    USART_OneBitMethodCmd                    0x08001299   Thumb Code    24  stm32f4xx_usart.o(.text)
    USART_SendData                           0x080012b1   Thumb Code     8  stm32f4xx_usart.o(.text)
    USART_ReceiveData                        0x080012b9   Thumb Code    10  stm32f4xx_usart.o(.text)
    USART_SetAddress                         0x080012c3   Thumb Code    18  stm32f4xx_usart.o(.text)
    USART_ReceiverWakeUpCmd                  0x080012d5   Thumb Code    24  stm32f4xx_usart.o(.text)
    USART_WakeUpConfig                       0x080012ed   Thumb Code    18  stm32f4xx_usart.o(.text)
    USART_LINBreakDetectLengthConfig         0x080012ff   Thumb Code    18  stm32f4xx_usart.o(.text)
    USART_LINCmd                             0x08001311   Thumb Code    24  stm32f4xx_usart.o(.text)
    USART_SendBreak                          0x08001329   Thumb Code    10  stm32f4xx_usart.o(.text)
    USART_HalfDuplexCmd                      0x08001333   Thumb Code    24  stm32f4xx_usart.o(.text)
    USART_SetGuardTime                       0x0800134b   Thumb Code    16  stm32f4xx_usart.o(.text)
    USART_SmartCardCmd                       0x0800135b   Thumb Code    24  stm32f4xx_usart.o(.text)
    USART_SmartCardNACKCmd                   0x08001373   Thumb Code    24  stm32f4xx_usart.o(.text)
    USART_IrDAConfig                         0x0800138b   Thumb Code    18  stm32f4xx_usart.o(.text)
    USART_IrDACmd                            0x0800139d   Thumb Code    24  stm32f4xx_usart.o(.text)
    USART_DMACmd                             0x080013b5   Thumb Code    18  stm32f4xx_usart.o(.text)
    USART_ITConfig                           0x080013c7   Thumb Code    74  stm32f4xx_usart.o(.text)
    USART_GetFlagStatus                      0x08001411   Thumb Code    26  stm32f4xx_usart.o(.text)
    USART_ClearFlag                          0x0800142b   Thumb Code    18  stm32f4xx_usart.o(.text)
    USART_GetITStatus                        0x0800143d   Thumb Code   118  stm32f4xx_usart.o(.text)
    USART_ClearITPendingBit                  0x080014b3   Thumb Code    30  stm32f4xx_usart.o(.text)
    SysTick_Handler                          0x080014d1   Thumb Code     8  delay.o(.text)
    delay_init                               0x080014d9   Thumb Code    58  delay.o(.text)
    delay_us                                 0x08001513   Thumb Code    68  delay.o(.text)
    delay_ms                                 0x08001557   Thumb Code    60  delay.o(.text)
    delay_xms                                0x08001593   Thumb Code    24  delay.o(.text)
    _sys_exit                                0x080015b5   Thumb Code     4  usart.o(.text)
    fputc                                    0x080015b9   Thumb Code    22  usart.o(.text)
    uart_init                                0x080015cf   Thumb Code   164  usart.o(.text)
    USART1_IRQHandler                        0x08001673   Thumb Code   122  usart.o(.text)
    pxPortInitialiseStack                    0x08001739   Thumb Code    38  port.o(.text)
    vPortSetupTimerInterrupt                 0x0800175f   Thumb Code    26  port.o(.text)
    xPortStartScheduler                      0x08001779   Thumb Code   288  port.o(.text)
    vPortEndScheduler                        0x08001899   Thumb Code    42  port.o(.text)
    vPortEnterCritical                       0x080018c3   Thumb Code    78  port.o(.text)
    vPortExitCritical                        0x08001911   Thumb Code    56  port.o(.text)
    xPortSysTickHandler                      0x08001949   Thumb Code    48  port.o(.text)
    vPortValidateInterruptPriority           0x08001979   Thumb Code   108  port.o(.text)
    pvPortMalloc                             0x08001acb   Thumb Code   296  heap_4.o(.text)
    vPortFree                                0x08001bf3   Thumb Code   140  heap_4.o(.text)
    xPortGetFreeHeapSize                     0x08001c7f   Thumb Code     6  heap_4.o(.text)
    xPortGetMinimumEverFreeHeapSize          0x08001c85   Thumb Code     6  heap_4.o(.text)
    vPortInitialiseBlocks                    0x08001c8b   Thumb Code     2  heap_4.o(.text)
    vListInitialise                          0x08001ca5   Thumb Code    26  list.o(.text)
    vListInitialiseItem                      0x08001cbf   Thumb Code     6  list.o(.text)
    vListInsertEnd                           0x08001cc5   Thumb Code    24  list.o(.text)
    vListInsert                              0x08001cdd   Thumb Code    52  list.o(.text)
    uxListRemove                             0x08001d11   Thumb Code    40  list.o(.text)
    xQueueGenericReset                       0x08001d39   Thumb Code   146  queue.o(.text)
    xQueueGenericCreate                      0x08001df5   Thumb Code    88  queue.o(.text)
    xQueueGenericSend                        0x08001f65   Thumb Code   420  queue.o(.text)
    xQueueCreateMutex                        0x08002125   Thumb Code    34  queue.o(.text)
    xQueueGiveMutexRecursive                 0x08002147   Thumb Code    76  queue.o(.text)
    xQueueGenericReceive                     0x080021d7   Thumb Code   446  queue.o(.text)
    xQueueTakeMutexRecursive                 0x08002395   Thumb Code    82  queue.o(.text)
    xQueueCreateCountingSemaphore            0x080023e7   Thumb Code    92  queue.o(.text)
    xQueueGenericSendFromISR                 0x08002443   Thumb Code   248  queue.o(.text)
    xQueueGiveFromISR                        0x0800253b   Thumb Code   224  queue.o(.text)
    xQueueReceiveFromISR                     0x0800261b   Thumb Code   210  queue.o(.text)
    xQueuePeekFromISR                        0x080026ed   Thumb Code   176  queue.o(.text)
    uxQueueMessagesWaiting                   0x0800279d   Thumb Code    42  queue.o(.text)
    uxQueueSpacesAvailable                   0x080027c7   Thumb Code    48  queue.o(.text)
    uxQueueMessagesWaitingFromISR            0x080027f7   Thumb Code    30  queue.o(.text)
    vQueueUnregisterQueue                    0x08002815   Thumb Code    44  queue.o(.text)
    vQueueDelete                             0x08002841   Thumb Code    44  queue.o(.text)
    uxQueueGetQueueNumber                    0x0800286d   Thumb Code     6  queue.o(.text)
    vQueueSetQueueNumber                     0x08002873   Thumb Code     4  queue.o(.text)
    ucQueueGetQueueType                      0x08002877   Thumb Code     8  queue.o(.text)
    xQueueIsQueueEmptyFromISR                0x0800287f   Thumb Code    38  queue.o(.text)
    xQueueIsQueueFullFromISR                 0x080028a5   Thumb Code    42  queue.o(.text)
    vQueueAddToRegistry                      0x080028cf   Thumb Code    38  queue.o(.text)
    pcQueueGetName                           0x080028f5   Thumb Code    38  queue.o(.text)
    vQueueWaitForMessageRestricted           0x0800291b   Thumb Code    74  queue.o(.text)
    xTaskCreate                              0x08002aff   Thumb Code    96  tasks.o(.text)
    vTaskDelete                              0x08002b9b   Thumb Code   202  tasks.o(.text)
    xTaskIncrementTick                       0x08002c65   Thumb Code   358  tasks.o(.text)
    xTaskResumeAll                           0x08002dcb   Thumb Code   224  tasks.o(.text)
    vTaskSuspendAll                          0x08002f27   Thumb Code    12  tasks.o(.text)
    vTaskDelayUntil                          0x08002f33   Thumb Code   200  tasks.o(.text)
    vTaskDelay                               0x08002ffb   Thumb Code    82  tasks.o(.text)
    eTaskGetState                            0x0800304d   Thumb Code   112  tasks.o(.text)
    uxTaskPriorityGet                        0x080030bd   Thumb Code    30  tasks.o(.text)
    uxTaskPriorityGetFromISR                 0x080030db   Thumb Code    62  tasks.o(.text)
    vTaskPrioritySet                         0x08003119   Thumb Code   322  tasks.o(.text)
    vTaskSwitchContext                       0x0800325b   Thumb Code   118  tasks.o(.text)
    vTaskSuspend                             0x080032d1   Thumb Code   196  tasks.o(.text)
    vTaskResume                              0x080033e5   Thumb Code   128  tasks.o(.text)
    xTaskResumeFromISR                       0x08003465   Thumb Code   158  tasks.o(.text)
    vTaskStartScheduler                      0x08003579   Thumb Code   192  tasks.o(.text)
    vTaskEndScheduler                        0x08003639   Thumb Code    32  tasks.o(.text)
    xTaskGetTickCount                        0x08003659   Thumb Code     6  tasks.o(.text)
    xTaskGetTickCountFromISR                 0x0800365f   Thumb Code    16  tasks.o(.text)
    uxTaskGetNumberOfTasks                   0x0800366f   Thumb Code     6  tasks.o(.text)
    pcTaskGetName                            0x08003675   Thumb Code    44  tasks.o(.text)
    vTaskGetInfo                             0x080036b7   Thumb Code   114  tasks.o(.text)
    uxTaskGetSystemState                     0x08003793   Thumb Code   152  tasks.o(.text)
    vTaskPlaceOnEventList                    0x0800382b   Thumb Code    52  tasks.o(.text)
    vTaskPlaceOnUnorderedEventList           0x0800385f   Thumb Code   100  tasks.o(.text)
    vTaskPlaceOnEventListRestricted          0x080038c3   Thumb Code    60  tasks.o(.text)
    xTaskRemoveFromEventList                 0x080038ff   Thumb Code   128  tasks.o(.text)
    xTaskRemoveFromUnorderedEventList        0x0800397f   Thumb Code   154  tasks.o(.text)
    vTaskSetTimeOutState                     0x08003a19   Thumb Code    90  tasks.o(.text)
    xTaskCheckForTimeOut                     0x08003a73   Thumb Code   132  tasks.o(.text)
    vTaskMissedYield                         0x08003af7   Thumb Code     8  tasks.o(.text)
    uxTaskGetTaskNumber                      0x08003aff   Thumb Code    14  tasks.o(.text)
    vTaskSetTaskNumber                       0x08003b0d   Thumb Code     8  tasks.o(.text)
    xTaskGetCurrentTaskHandle                0x08003b15   Thumb Code     6  tasks.o(.text)
    xTaskGetSchedulerState                   0x08003b1b   Thumb Code    24  tasks.o(.text)
    vTaskPriorityInherit                     0x08003b33   Thumb Code   164  tasks.o(.text)
    xTaskPriorityDisinherit                  0x08003bd7   Thumb Code   188  tasks.o(.text)
    uxTaskResetEventItemValue                0x08003c93   Thumb Code    24  tasks.o(.text)
    pvTaskIncrementMutexHeldCount            0x08003cab   Thumb Code    26  tasks.o(.text)
    ulTaskNotifyTake                         0x08003cc5   Thumb Code   108  tasks.o(.text)
    xTaskNotifyWait                          0x08003d31   Thumb Code   150  tasks.o(.text)
    xTaskGenericNotify                       0x08003dc7   Thumb Code   280  tasks.o(.text)
    xTaskGenericNotifyFromISR                0x08003edf   Thumb Code   298  tasks.o(.text)
    vTaskNotifyGiveFromISR                   0x08004009   Thumb Code   216  tasks.o(.text)
    xTaskNotifyStateClear                    0x080040e1   Thumb Code    48  tasks.o(.text)
    xTimerGenericCommand                     0x0800417d   Thumb Code   126  timers.o(.text)
    xTimerCreateTimerTask                    0x080044f5   Thumb Code   120  timers.o(.text)
    xTimerCreate                             0x080045bb   Thumb Code    48  timers.o(.text)
    xTimerGetTimerDaemonTaskHandle           0x080045eb   Thumb Code    42  timers.o(.text)
    xTimerGetPeriod                          0x08004615   Thumb Code    32  timers.o(.text)
    xTimerGetExpiryTime                      0x08004635   Thumb Code    34  timers.o(.text)
    pcTimerGetName                           0x08004657   Thumb Code    32  timers.o(.text)
    xTimerIsTimerActive                      0x08004677   Thumb Code    56  timers.o(.text)
    pvTimerGetTimerID                        0x080046af   Thumb Code    44  timers.o(.text)
    vTimerSetTimerID                         0x080046db   Thumb Code    44  timers.o(.text)
    LED_Init                                 0x0800470d   Thumb Code    50  led.o(.text)
    ledRun                                   0x0800473f   Thumb Code    40  led.o(.text)
    uart5_init                               0x0800476d   Thumb Code   166  uart5.o(.text)
    UART5_IRQHandler                         0x08004813   Thumb Code    86  uart5.o(.text)
    uart5_send                               0x08004869   Thumb Code    42  uart5.o(.text)
    USART2_RX_IRQHandler                     0x080048b5   Thumb Code   118  usart2.o(.text)
    usart2_init                              0x0800492b   Thumb Code   174  usart2.o(.text)
    usart2_send                              0x080049d9   Thumb Code    42  usart2.o(.text)
    __use_no_semihosting                     0x08004a25   Thumb Code     2  use_no_semi_2.o(.text)
    __2printf                                0x08004a29   Thumb Code    20  noretval__2printf.o(.text)
    __printf                                 0x08004a41   Thumb Code   104  __printf.o(.text)
    _printf_int_dec                          0x08004aa9   Thumb Code   104  _printf_dec.o(.text)
    __aeabi_memcpy                           0x08004b21   Thumb Code     0  rt_memcpy_v6.o(.text)
    __rt_memcpy                              0x08004b21   Thumb Code   138  rt_memcpy_v6.o(.text)
    _memcpy_lastbytes                        0x08004b87   Thumb Code     0  rt_memcpy_v6.o(.text)
    __aeabi_memset                           0x08004bab   Thumb Code    16  aeabi_memset.o(.text)
    __aeabi_memclr4                          0x08004bbb   Thumb Code     0  rt_memclr_w.o(.text)
    __aeabi_memclr8                          0x08004bbb   Thumb Code     0  rt_memclr_w.o(.text)
    __rt_memclr_w                            0x08004bbb   Thumb Code    78  rt_memclr_w.o(.text)
    _memset_w                                0x08004bbf   Thumb Code     0  rt_memclr_w.o(.text)
    __use_two_region_memory                  0x08004c09   Thumb Code     2  heapauxi.o(.text)
    __rt_heap_escrow$2region                 0x08004c0b   Thumb Code     2  heapauxi.o(.text)
    __rt_heap_expand$2region                 0x08004c0d   Thumb Code     2  heapauxi.o(.text)
    __I$use$semihosting                      0x08004c0f   Thumb Code     0  use_no_semi.o(.text)
    __use_no_semihosting_swi                 0x08004c0f   Thumb Code     2  use_no_semi.o(.text)
    _printf_int_common                       0x08004c11   Thumb Code   178  _printf_intcommon.o(.text)
    _printf_char_file                        0x08004cc5   Thumb Code    32  _printf_char_file.o(.text)
    __aeabi_memcpy4                          0x08004ce9   Thumb Code     0  rt_memcpy_w.o(.text)
    __aeabi_memcpy8                          0x08004ce9   Thumb Code     0  rt_memcpy_w.o(.text)
    __rt_memcpy_w                            0x08004ce9   Thumb Code   100  rt_memcpy_w.o(.text)
    _memcpy_lastbytes_aligned                0x08004d31   Thumb Code     0  rt_memcpy_w.o(.text)
    __aeabi_memclr                           0x08004d4d   Thumb Code     0  rt_memclr.o(.text)
    __rt_memclr                              0x08004d4d   Thumb Code    68  rt_memclr.o(.text)
    _memset                                  0x08004d51   Thumb Code     0  rt_memclr.o(.text)
    _printf_char_common                      0x08004d9b   Thumb Code    32  _printf_char_common.o(.text)
    ferror                                   0x08004dc1   Thumb Code     8  ferror.o(.text)
    __user_setup_stackheap                   0x08004dc9   Thumb Code    74  sys_stackheap_outer.o(.text)
    exit                                     0x08004e13   Thumb Code    12  exit.o(.text)
    __user_libspace                          0x08004e21   Thumb Code     8  libspace.o(.text)
    __user_perproc_libspace                  0x08004e21   Thumb Code     0  libspace.o(.text)
    __user_perthread_libspace                0x08004e21   Thumb Code     0  libspace.o(.text)
    _fp_init                                 0x08004e29   Thumb Code    10  fpinit.o(x$fpl$fpinit)
    __fplib_config_fpu_vfp                   0x08004e31   Thumb Code     0  fpinit.o(x$fpl$fpinit)
    __fplib_config_pureend_doubles           0x08004e31   Thumb Code     0  fpinit.o(x$fpl$fpinit)
    Region$$Table$$Base                      0x08004e34   Number         0  anon$$obj.o(Region$$Table)
    Region$$Table$$Limit                     0x08004e54   Number         0  anon$$obj.o(Region$$Table)
    BinarySem_Handle                         0x20000008   Data           4  main.o(.data)
    SystemCoreClock                          0x2000000c   Data           4  system_stm32f4xx.o(.data)
    AHBPrescTable                            0x20000010   Data          16  system_stm32f4xx.o(.data)
    __stdout                                 0x20000034   Data           4  usart.o(.data)
    USART_RX_STA                             0x20000038   Data           2  usart.o(.data)
    pxCurrentTCB                             0x20000060   Data           4  tasks.o(.data)
    rx5_cnt                                  0x200000b0   Data           1  uart5.o(.data)
    isReceiveUart5Cmd                        0x200000b1   Data           1  uart5.o(.data)
    rx5_flag                                 0x200000b2   Data           1  uart5.o(.data)
    rx2_cnt                                  0x200000b3   Data           1  usart2.o(.data)
    isReceiveUart2Cmd                        0x200000b4   Data           1  usart2.o(.data)
    rx2_flag                                 0x200000b5   Data           1  usart2.o(.data)
    USART_RX_BUF                             0x200000b8   Data         200  usart.o(.bss)
    xQueueRegistry                           0x20012d80   Data          64  queue.o(.bss)
    Recv_uart5                               0x20012eb0   Data         128  uart5.o(.bss)
    Recv2                                    0x20012f30   Data         128  usart2.o(.bss)
    __libspace_start                         0x20012fb0   Data          96  libspace.o(.bss)
    __temporary_stack_top$libspace           0x20013010   Data           0  libspace.o(.bss)



==============================================================================

Memory Map of the image

  Image Entry point : 0x08000189

  Load Region LR_IROM1 (Base: 0x08000000, Size: 0x00004f0c, Max: 0x00100000, ABSOLUTE)

    Execution Region ER_IROM1 (Base: 0x08000000, Size: 0x00004e54, Max: 0x00100000, ABSOLUTE)

    Base Addr    Size         Type   Attr      Idx    E Section Name        Object

    0x08000000   0x00000188   Data   RO          279    RESET               startup_stm32f40_41xxx.o
    0x08000188   0x00000008   Code   RO         1464  * !!!main             c_w.l(__main.o)
    0x08000190   0x00000034   Code   RO         1635    !!!scatter          c_w.l(__scatter.o)
    0x080001c4   0x0000001a   Code   RO         1637    !!handler_copy      c_w.l(__scatter_copy.o)
    0x080001de   0x00000002   PAD
    0x080001e0   0x0000001c   Code   RO         1639    !!handler_zi        c_w.l(__scatter_zi.o)
    0x080001fc   0x00000000   Code   RO         1455    .ARM.Collect$$_printf_percent$$00000000  c_w.l(_printf_percent.o)
    0x080001fc   0x00000006   Code   RO         1454    .ARM.Collect$$_printf_percent$$00000009  c_w.l(_printf_d.o)
    0x08000202   0x00000004   Code   RO         1473    .ARM.Collect$$_printf_percent$$00000017  c_w.l(_printf_percent_end.o)
    0x08000206   0x00000002   Code   RO         1510    .ARM.Collect$$libinit$$00000000  c_w.l(libinit.o)
    0x08000208   0x00000004   Code   RO         1516    .ARM.Collect$$libinit$$00000001  c_w.l(libinit2.o)
    0x0800020c   0x00000000   Code   RO         1519    .ARM.Collect$$libinit$$00000004  c_w.l(libinit2.o)
    0x0800020c   0x00000000   Code   RO         1522    .ARM.Collect$$libinit$$0000000A  c_w.l(libinit2.o)
    0x0800020c   0x00000000   Code   RO         1524    .ARM.Collect$$libinit$$0000000C  c_w.l(libinit2.o)
    0x0800020c   0x00000000   Code   RO         1526    .ARM.Collect$$libinit$$0000000E  c_w.l(libinit2.o)
    0x0800020c   0x00000000   Code   RO         1529    .ARM.Collect$$libinit$$00000011  c_w.l(libinit2.o)
    0x0800020c   0x00000000   Code   RO         1531    .ARM.Collect$$libinit$$00000013  c_w.l(libinit2.o)
    0x0800020c   0x00000000   Code   RO         1533    .ARM.Collect$$libinit$$00000015  c_w.l(libinit2.o)
    0x0800020c   0x00000000   Code   RO         1535    .ARM.Collect$$libinit$$00000017  c_w.l(libinit2.o)
    0x0800020c   0x00000000   Code   RO         1537    .ARM.Collect$$libinit$$00000019  c_w.l(libinit2.o)
    0x0800020c   0x00000000   Code   RO         1539    .ARM.Collect$$libinit$$0000001B  c_w.l(libinit2.o)
    0x0800020c   0x00000000   Code   RO         1541    .ARM.Collect$$libinit$$0000001D  c_w.l(libinit2.o)
    0x0800020c   0x00000000   Code   RO         1543    .ARM.Collect$$libinit$$0000001F  c_w.l(libinit2.o)
    0x0800020c   0x00000000   Code   RO         1545    .ARM.Collect$$libinit$$00000021  c_w.l(libinit2.o)
    0x0800020c   0x00000000   Code   RO         1547    .ARM.Collect$$libinit$$00000023  c_w.l(libinit2.o)
    0x0800020c   0x00000000   Code   RO         1549    .ARM.Collect$$libinit$$00000025  c_w.l(libinit2.o)
    0x0800020c   0x00000000   Code   RO         1553    .ARM.Collect$$libinit$$0000002C  c_w.l(libinit2.o)
    0x0800020c   0x00000000   Code   RO         1555    .ARM.Collect$$libinit$$0000002E  c_w.l(libinit2.o)
    0x0800020c   0x00000000   Code   RO         1557    .ARM.Collect$$libinit$$00000030  c_w.l(libinit2.o)
    0x0800020c   0x00000000   Code   RO         1559    .ARM.Collect$$libinit$$00000032  c_w.l(libinit2.o)
    0x0800020c   0x00000002   Code   RO         1560    .ARM.Collect$$libinit$$00000033  c_w.l(libinit2.o)
    0x0800020e   0x00000002   Code   RO         1578    .ARM.Collect$$libshutdown$$00000000  c_w.l(libshutdown.o)
    0x08000210   0x00000000   Code   RO         1589    .ARM.Collect$$libshutdown$$00000003  c_w.l(libshutdown2.o)
    0x08000210   0x00000000   Code   RO         1592    .ARM.Collect$$libshutdown$$00000006  c_w.l(libshutdown2.o)
    0x08000210   0x00000000   Code   RO         1595    .ARM.Collect$$libshutdown$$00000009  c_w.l(libshutdown2.o)
    0x08000210   0x00000000   Code   RO         1597    .ARM.Collect$$libshutdown$$0000000B  c_w.l(libshutdown2.o)
    0x08000210   0x00000000   Code   RO         1600    .ARM.Collect$$libshutdown$$0000000E  c_w.l(libshutdown2.o)
    0x08000210   0x00000002   Code   RO         1601    .ARM.Collect$$libshutdown$$0000000F  c_w.l(libshutdown2.o)
    0x08000212   0x00000000   Code   RO         1468    .ARM.Collect$$rtentry$$00000000  c_w.l(__rtentry.o)
    0x08000212   0x00000000   Code   RO         1479    .ARM.Collect$$rtentry$$00000002  c_w.l(__rtentry2.o)
    0x08000212   0x00000006   Code   RO         1491    .ARM.Collect$$rtentry$$00000004  c_w.l(__rtentry4.o)
    0x08000218   0x00000000   Code   RO         1481    .ARM.Collect$$rtentry$$00000009  c_w.l(__rtentry2.o)
    0x08000218   0x00000004   Code   RO         1482    .ARM.Collect$$rtentry$$0000000A  c_w.l(__rtentry2.o)
    0x0800021c   0x00000000   Code   RO         1484    .ARM.Collect$$rtentry$$0000000C  c_w.l(__rtentry2.o)
    0x0800021c   0x00000008   Code   RO         1485    .ARM.Collect$$rtentry$$0000000D  c_w.l(__rtentry2.o)
    0x08000224   0x00000002   Code   RO         1514    .ARM.Collect$$rtexit$$00000000  c_w.l(rtexit.o)
    0x08000226   0x00000000   Code   RO         1562    .ARM.Collect$$rtexit$$00000002  c_w.l(rtexit2.o)
    0x08000226   0x00000004   Code   RO         1563    .ARM.Collect$$rtexit$$00000003  c_w.l(rtexit2.o)
    0x0800022a   0x00000006   Code   RO         1564    .ARM.Collect$$rtexit$$00000004  c_w.l(rtexit2.o)
    0x08000230   0x000000b6   Code   RO         1080    .emb_text           port.o
    0x080002e6   0x00000002   PAD
    0x080002e8   0x00000160   Code   RO            3    .text               main.o
    0x08000448   0x00000014   Code   RO          200    .text               stm32f4xx_it.o
    0x0800045c   0x00000210   Code   RO          253    .text               system_stm32f4xx.o
    0x0800066c   0x00000040   Code   RO          280    .text               startup_stm32f40_41xxx.o
    0x080006ac   0x000000e0   Code   RO          286    .text               misc.o
    0x0800078c   0x00000294   Code   RO          635    .text               stm32f4xx_gpio.o
    0x08000a20   0x0000065c   Code   RO          798    .text               stm32f4xx_rcc.o
    0x0800107c   0x00000454   Code   RO          963    .text               stm32f4xx_usart.o
    0x080014d0   0x000000e4   Code   RO         1003    .text               delay.o
    0x080015b4   0x00000148   Code   RO         1043    .text               usart.o
    0x080016fc   0x0000030c   Code   RO         1081    .text               port.o
    0x08001a08   0x0000029c   Code   RO         1118    .text               heap_4.o
    0x08001ca4   0x00000094   Code   RO         1221    .text               list.o
    0x08001d38   0x00000c30   Code   RO         1241    .text               queue.o
    0x08002968   0x000017c4   Code   RO         1267    .text               tasks.o
    0x0800412c   0x000005e0   Code   RO         1294    .text               timers.o
    0x0800470c   0x00000060   Code   RO         1352    .text               led.o
    0x0800476c   0x00000148   Code   RO         1372    .text               uart5.o
    0x080048b4   0x00000170   Code   RO         1396    .text               usart2.o
    0x08004a24   0x00000002   Code   RO         1424    .text               c_w.l(use_no_semi_2.o)
    0x08004a26   0x00000002   PAD
    0x08004a28   0x00000018   Code   RO         1428    .text               c_w.l(noretval__2printf.o)
    0x08004a40   0x00000068   Code   RO         1430    .text               c_w.l(__printf.o)
    0x08004aa8   0x00000078   Code   RO         1432    .text               c_w.l(_printf_dec.o)
    0x08004b20   0x0000008a   Code   RO         1456    .text               c_w.l(rt_memcpy_v6.o)
    0x08004baa   0x00000010   Code   RO         1458    .text               c_w.l(aeabi_memset.o)
    0x08004bba   0x0000004e   Code   RO         1460    .text               c_w.l(rt_memclr_w.o)
    0x08004c08   0x00000006   Code   RO         1462    .text               c_w.l(heapauxi.o)
    0x08004c0e   0x00000002   Code   RO         1466    .text               c_w.l(use_no_semi.o)
    0x08004c10   0x000000b2   Code   RO         1469    .text               c_w.l(_printf_intcommon.o)
    0x08004cc2   0x00000002   PAD
    0x08004cc4   0x00000024   Code   RO         1471    .text               c_w.l(_printf_char_file.o)
    0x08004ce8   0x00000064   Code   RO         1474    .text               c_w.l(rt_memcpy_w.o)
    0x08004d4c   0x00000044   Code   RO         1476    .text               c_w.l(rt_memclr.o)
    0x08004d90   0x00000030   Code   RO         1493    .text               c_w.l(_printf_char_common.o)
    0x08004dc0   0x00000008   Code   RO         1495    .text               c_w.l(ferror.o)
    0x08004dc8   0x0000004a   Code   RO         1499    .text               c_w.l(sys_stackheap_outer.o)
    0x08004e12   0x0000000c   Code   RO         1503    .text               c_w.l(exit.o)
    0x08004e1e   0x00000002   PAD
    0x08004e20   0x00000008   Code   RO         1511    .text               c_w.l(libspace.o)
    0x08004e28   0x0000000a   Code   RO         1570    x$fpl$fpinit        fz_wm.l(fpinit.o)
    0x08004e32   0x00000002   PAD
    0x08004e34   0x00000020   Data   RO         1633    Region$$Table       anon$$obj.o


    Execution Region RW_IRAM1 (Base: 0x20000000, Size: 0x00013610, Max: 0x00020000, ABSOLUTE)

    Base Addr    Size         Type   Attr      Idx    E Section Name        Object

    0x20000000   0x0000000c   Data   RW            4    .data               main.o
    0x2000000c   0x00000014   Data   RW          254    .data               system_stm32f4xx.o
    0x20000020   0x00000010   Data   RW          799    .data               stm32f4xx_rcc.o
    0x20000030   0x00000004   Data   RW         1004    .data               delay.o
    0x20000034   0x00000006   Data   RW         1045    .data               usart.o
    0x2000003a   0x00000002   PAD
    0x2000003c   0x0000000c   Data   RW         1082    .data               port.o
    0x20000048   0x00000018   Data   RW         1120    .data               heap_4.o
    0x20000060   0x0000003c   Data   RW         1269    .data               tasks.o
    0x2000009c   0x00000014   Data   RW         1296    .data               timers.o
    0x200000b0   0x00000003   Data   RW         1374    .data               uart5.o
    0x200000b3   0x00000003   Data   RW         1398    .data               usart2.o
    0x200000b6   0x00000002   PAD
    0x200000b8   0x000000c8   Zero   RW         1044    .bss                usart.o
    0x20000180   0x00012c00   Zero   RW         1119    .bss                heap_4.o
    0x20012d80   0x00000040   Zero   RW         1242    .bss                queue.o
    0x20012dc0   0x000000c8   Zero   RW         1268    .bss                tasks.o
    0x20012e88   0x00000028   Zero   RW         1295    .bss                timers.o
    0x20012eb0   0x00000080   Zero   RW         1373    .bss                uart5.o
    0x20012f30   0x00000080   Zero   RW         1397    .bss                usart2.o
    0x20012fb0   0x00000060   Zero   RW         1512    .bss                c_w.l(libspace.o)
    0x20013010   0x00000200   Zero   RW          278    HEAP                startup_stm32f40_41xxx.o
    0x20013210   0x00000400   Zero   RW          277    STACK               startup_stm32f40_41xxx.o


==============================================================================

Image component sizes


      Code (inc. data)   RO Data    RW Data    ZI Data      Debug   Object Name

       228         10          0          4          0       1653   delay.o
         0          0          0          0          0      10360   event_groups.o
       668         24          0         24      76800      13156   heap_4.o
        96          6          0          0          0        638   led.o
       148          0          0          0          0       1974   list.o
       352        134          0         12          0     277826   main.o
       224         20          0          0          0       1845   misc.o
       962         52          0         12          0       8875   port.o
      3120         14          0          0         64      15856   queue.o
        64         26        392          0       1536        852   startup_stm32f40_41xxx.o
       660         44          0          0          0       4121   stm32f4xx_gpio.o
        20          0          0          0          0        959   stm32f4xx_it.o
      1628         52          0         16          0      12924   stm32f4xx_rcc.o
      1108         34          0          0          0       7824   stm32f4xx_usart.o
       528         46          0         20          0       1819   system_stm32f4xx.o
      6084        338          0         60        200      25178   tasks.o
      1504         68          0         20         40       8627   timers.o
       328         34          0          3        128       1797   uart5.o
       328         16          0          6        200       3370   usart.o
       368         34          0          3        128       2093   usart2.o

    ----------------------------------------------------------------------
     18420        952        424        184      79096     401747   Object Totals
         0          0         32          0          0          0   (incl. Generated)
         2          0          0          4          0          0   (incl. Padding)

    ----------------------------------------------------------------------

      Code (inc. data)   RO Data    RW Data    ZI Data      Debug   Library Member Name

         8          0          0          0          0         68   __main.o
       104          0          0          0          0         84   __printf.o
         0          0          0          0          0          0   __rtentry.o
        12          0          0          0          0          0   __rtentry2.o
         6          0          0          0          0          0   __rtentry4.o
        52          8          0          0          0          0   __scatter.o
        26          0          0          0          0          0   __scatter_copy.o
        28          0          0          0          0          0   __scatter_zi.o
        48          6          0          0          0         96   _printf_char_common.o
        36          4          0          0          0         80   _printf_char_file.o
         6          0          0          0          0          0   _printf_d.o
       120         16          0          0          0         92   _printf_dec.o
       178          0          0          0          0         88   _printf_intcommon.o
         0          0          0          0          0          0   _printf_percent.o
         4          0          0          0          0          0   _printf_percent_end.o
        16          0          0          0          0         68   aeabi_memset.o
        12          0          0          0          0         72   exit.o
         8          0          0          0          0         68   ferror.o
         6          0          0          0          0        152   heapauxi.o
         2          0          0          0          0          0   libinit.o
         6          0          0          0          0          0   libinit2.o
         2          0          0          0          0          0   libshutdown.o
         2          0          0          0          0          0   libshutdown2.o
         8          4          0          0         96         68   libspace.o
        24          4          0          0          0         84   noretval__2printf.o
        68          0          0          0          0         68   rt_memclr.o
        78          0          0          0          0         80   rt_memclr_w.o
       138          0          0          0          0         68   rt_memcpy_v6.o
       100          0          0          0          0         80   rt_memcpy_w.o
         2          0          0          0          0          0   rtexit.o
        10          0          0          0          0          0   rtexit2.o
        74          0          0          0          0         80   sys_stackheap_outer.o
         2          0          0          0          0         68   use_no_semi.o
         2          0          0          0          0         68   use_no_semi_2.o
        10          0          0          0          0        116   fpinit.o

    ----------------------------------------------------------------------
      1208         42          0          0         96       1648   Library Totals
        10          0          0          0          0          0   (incl. Padding)

    ----------------------------------------------------------------------

      Code (inc. data)   RO Data    RW Data    ZI Data      Debug   Library Name

      1188         42          0          0         96       1532   c_w.l
        10          0          0          0          0        116   fz_wm.l

    ----------------------------------------------------------------------
      1208         42          0          0         96       1648   Library Totals

    ----------------------------------------------------------------------

==============================================================================


      Code (inc. data)   RO Data    RW Data    ZI Data      Debug   

     19628        994        424        184      79192     398515   Grand Totals
     19628        994        424        184      79192     398515   ELF Image Totals
     19628        994        424        184          0          0   ROM Totals

==============================================================================

    Total RO  Size (Code + RO Data)                20052 (  19.58kB)
    Total RW  Size (RW Data + ZI Data)             79376 (  77.52kB)
    Total ROM Size (Code + RO Data + RW Data)      20236 (  19.76kB)

==============================================================================

