Component: ARM Compiler 5.05 update 1 (build 106) Tool: armlink [4d0efa]

==============================================================================

Section Cross References

    main.o(.text) refers to _printf_percent.o(.ARM.Collect$$_printf_percent$$00000000) for _printf_percent
    main.o(.text) refers to _printf_f.o(.ARM.Collect$$_printf_percent$$00000003) for _printf_f
    main.o(.text) refers to printf1.o(x$fpl$printf1) for _printf_fp_dec
    main.o(.text) refers to f2d.o(x$fpl$f2d) for __aeabi_f2d
    main.o(.text) refers to noretval__2printf.o(.text) for __2printf
    main.o(.text) refers to tasks.o(.text) for vTaskDelay
    main.o(.text) refers to led.o(.text) for ledRun
    main.o(.text) refers to port.o(.text) for vPortEnterCritical
    main.o(.text) refers to misc.o(.text) for NVIC_PriorityGroupConfig
    main.o(.text) refers to delay.o(.text) for delay_init
    main.o(.text) refers to usart.o(.text) for uart_init
    main.o(.text) refers to main.o(.data) for float_num
    system_stm32f4xx.o(.text) refers to system_stm32f4xx.o(.data) for SystemCoreClock
    startup_stm32f40_41xxx.o(STACK) refers (Special) to heapauxi.o(.text) for __use_two_region_memory
    startup_stm32f40_41xxx.o(HEAP) refers (Special) to heapauxi.o(.text) for __use_two_region_memory
    startup_stm32f40_41xxx.o(RESET) refers (Special) to heapauxi.o(.text) for __use_two_region_memory
    startup_stm32f40_41xxx.o(RESET) refers to startup_stm32f40_41xxx.o(STACK) for __initial_sp
    startup_stm32f40_41xxx.o(RESET) refers to startup_stm32f40_41xxx.o(.text) for Reset_Handler
    startup_stm32f40_41xxx.o(RESET) refers to stm32f4xx_it.o(.text) for NMI_Handler
    startup_stm32f40_41xxx.o(RESET) refers to port.o(.emb_text) for SVC_Handler
    startup_stm32f40_41xxx.o(RESET) refers to delay.o(.text) for SysTick_Handler
    startup_stm32f40_41xxx.o(RESET) refers to usart.o(.text) for USART1_IRQHandler
    startup_stm32f40_41xxx.o(.text) refers (Special) to heapauxi.o(.text) for __use_two_region_memory
    startup_stm32f40_41xxx.o(.text) refers to system_stm32f4xx.o(.text) for SystemInit
    startup_stm32f40_41xxx.o(.text) refers to __main.o(!!!main) for __main
    startup_stm32f40_41xxx.o(.text) refers to startup_stm32f40_41xxx.o(HEAP) for Heap_Mem
    startup_stm32f40_41xxx.o(.text) refers to startup_stm32f40_41xxx.o(STACK) for Stack_Mem
    stm32f4xx_adc.o(.text) refers to stm32f4xx_rcc.o(.text) for RCC_APB2PeriphResetCmd
    stm32f4xx_can.o(.text) refers to stm32f4xx_rcc.o(.text) for RCC_APB1PeriphResetCmd
    stm32f4xx_cryp.o(.text) refers to stm32f4xx_rcc.o(.text) for RCC_AHB2PeriphResetCmd
    stm32f4xx_cryp_aes.o(.text) refers to stm32f4xx_cryp.o(.text) for CRYP_KeyStructInit
    stm32f4xx_cryp_des.o(.text) refers to stm32f4xx_cryp.o(.text) for CRYP_KeyStructInit
    stm32f4xx_cryp_tdes.o(.text) refers to stm32f4xx_cryp.o(.text) for CRYP_KeyStructInit
    stm32f4xx_dac.o(.text) refers to stm32f4xx_rcc.o(.text) for RCC_APB1PeriphResetCmd
    stm32f4xx_dma2d.o(.text) refers to stm32f4xx_rcc.o(.text) for RCC_AHB1PeriphResetCmd
    stm32f4xx_fsmc.o(.text) refers to stm32f4xx_fsmc.o(.constdata) for FSMC_DefaultTimingStruct
    stm32f4xx_gpio.o(.text) refers to stm32f4xx_rcc.o(.text) for RCC_AHB1PeriphResetCmd
    stm32f4xx_hash.o(.text) refers to stm32f4xx_rcc.o(.text) for RCC_AHB2PeriphResetCmd
    stm32f4xx_hash_md5.o(.text) refers to stm32f4xx_hash.o(.text) for HASH_DeInit
    stm32f4xx_hash_sha1.o(.text) refers to stm32f4xx_hash.o(.text) for HASH_DeInit
    stm32f4xx_i2c.o(.text) refers to stm32f4xx_rcc.o(.text) for RCC_APB1PeriphResetCmd
    stm32f4xx_ltdc.o(.text) refers to stm32f4xx_rcc.o(.text) for RCC_APB2PeriphResetCmd
    stm32f4xx_pwr.o(.text) refers to stm32f4xx_rcc.o(.text) for RCC_APB1PeriphResetCmd
    stm32f4xx_rcc.o(.text) refers to stm32f4xx_rcc.o(.data) for APBAHBPrescTable
    stm32f4xx_rng.o(.text) refers to stm32f4xx_rcc.o(.text) for RCC_AHB2PeriphResetCmd
    stm32f4xx_sai.o(.text) refers to stm32f4xx_rcc.o(.text) for RCC_APB2PeriphResetCmd
    stm32f4xx_sdio.o(.text) refers to stm32f4xx_rcc.o(.text) for RCC_APB2PeriphResetCmd
    stm32f4xx_spi.o(.text) refers to stm32f4xx_rcc.o(.text) for RCC_APB2PeriphResetCmd
    stm32f4xx_syscfg.o(.text) refers to stm32f4xx_rcc.o(.text) for RCC_APB2PeriphResetCmd
    stm32f4xx_tim.o(.text) refers to stm32f4xx_rcc.o(.text) for RCC_APB2PeriphResetCmd
    stm32f4xx_usart.o(.text) refers to stm32f4xx_rcc.o(.text) for RCC_APB2PeriphResetCmd
    stm32f4xx_wwdg.o(.text) refers to stm32f4xx_rcc.o(.text) for RCC_APB1PeriphResetCmd
    delay.o(.text) refers to port.o(.text) for xPortSysTickHandler
    delay.o(.text) refers to misc.o(.text) for SysTick_CLKSourceConfig
    delay.o(.text) refers to tasks.o(.text) for xTaskGetSchedulerState
    delay.o(.text) refers to delay.o(.data) for fac_us
    usart.o(.rev16_text) refers (Special) to use_no_semi_2.o(.text) for __use_no_semihosting
    usart.o(.revsh_text) refers (Special) to use_no_semi_2.o(.text) for __use_no_semihosting
[...]
    ..\\FWLIB\\src\\stm32f4xx_cryp_aes.c     0x00000000   Number         0  stm32f4xx_cryp_aes.o ABSOLUTE
    ..\\FWLIB\\src\\stm32f4xx_cryp_des.c     0x00000000   Number         0  stm32f4xx_cryp_des.o ABSOLUTE
    ..\\FWLIB\\src\\stm32f4xx_cryp_tdes.c    0x00000000   Number         0  stm32f4xx_cryp_tdes.o ABSOLUTE
    ..\\FWLIB\\src\\stm32f4xx_dac.c          0x00000000   Number         0  stm32f4xx_dac.o ABSOLUTE
    ..\\FWLIB\\src\\stm32f4xx_dbgmcu.c       0x00000000   Number         0  stm32f4xx_dbgmcu.o ABSOLUTE
    ..\\FWLIB\\src\\stm32f4xx_dcmi.c         0x00000000   Number         0  stm32f4xx_dcmi.o ABSOLUTE
    ..\\FWLIB\\src\\stm32f4xx_dma.c          0x00000000   Number         0  stm32f4xx_dma.o ABSOLUTE
    ..\\FWLIB\\src\\stm32f4xx_dma2d.c        0x00000000   Number         0  stm32f4xx_dma2d.o ABSOLUTE
    ..\\FWLIB\\src\\stm32f4xx_exti.c         0x00000000   Number         0  stm32f4xx_exti.o ABSOLUTE
    ..\\FWLIB\\src\\stm32f4xx_flash.c        0x00000000   Number         0  stm32f4xx_flash.o ABSOLUTE
    ..\\FWLIB\\src\\stm32f4xx_flash_ramfunc.c 0x00000000   Number         0  stm32f4xx_flash_ramfunc.o ABSOLUTE
    ..\\FWLIB\\src\\stm32f4xx_fsmc.c         0x00000000   Number         0  stm32f4xx_fsmc.o ABSOLUTE
    ..\\FWLIB\\src\\stm32f4xx_gpio.c         0x00000000   Number         0  stm32f4xx_gpio.o ABSOLUTE
    ..\\FWLIB\\src\\stm32f4xx_hash.c         0x00000000   Number         0  stm32f4xx_hash.o ABSOLUTE
    ..\\FWLIB\\src\\stm32f4xx_hash_md5.c     0x00000000   Number         0  stm32f4xx_hash_md5.o ABSOLUTE
    ..\\FWLIB\\src\\stm32f4xx_hash_sha1.c    0x00000000   Number         0  stm32f4xx_hash_sha1.o ABSOLUTE
    ..\\FWLIB\\src\\stm32f4xx_i2c.c          0x00000000   Number         0  stm32f4xx_i2c.o ABSOLUTE
    ..\\FWLIB\\src\\stm32f4xx_iwdg.c         0x00000000   Number         0  stm32f4xx_iwdg.o ABSOLUTE
    ..\\FWLIB\\src\\stm32f4xx_ltdc.c         0x00000000   Number         0  stm32f4xx_ltdc.o ABSOLUTE
    ..\\FWLIB\\src\\stm32f4xx_pwr.c          0x00000000   Number         0  stm32f4xx_pwr.o ABSOLUTE
    ..\\FWLIB\\src\\stm32f4xx_rcc.c          0x00000000   Number         0  stm32f4xx_rcc.o ABSOLUTE
    ..\\FWLIB\\src\\stm32f4xx_rng.c          0x00000000   Number         0  stm32f4xx_rng.o ABSOLUTE
    ..\\FWLIB\\src\\stm32f4xx_rtc.c          0x00000000   Number         0  stm32f4xx_rtc.o ABSOLUTE
    ..\\FWLIB\\src\\stm32f4xx_sai.c          0x00000000   Number         0  stm32f4xx_sai.o ABSOLUTE
    ..\\FWLIB\\src\\stm32f4xx_sdio.c         0x00000000   Number         0  stm32f4xx_sdio.o ABSOLUTE
    ..\\FWLIB\\src\\stm32f4xx_spi.c          0x00000000   Number         0  stm32f4xx_spi.o ABSOLUTE
    ..\\FWLIB\\src\\stm32f4xx_syscfg.c       0x00000000   Number         0  stm32f4xx_syscfg.o ABSOLUTE
    ..\\FWLIB\\src\\stm32f4xx_tim.c          0x00000000   Number         0  stm32f4xx_tim.o ABSOLUTE
    ..\\FWLIB\\src\\stm32f4xx_usart.c        0x00000000   Number         0  stm32f4xx_usart.o ABSOLUTE
    ..\\FWLIB\\src\\stm32f4xx_wwdg.c         0x00000000   Number         0  stm32f4xx_wwdg.o ABSOLUTE
    ..\\FreeRTOS\\port\\MemMang\\heap_4.c    0x00000000   Number         0  heap_4.o ABSOLUTE
    ..\\FreeRTOS\\port\\RVDS\\ARM_CM4F\\port.c 0x00000000   Number         0  port.o ABSOLUTE
    ..\\FreeRTOS\\src\\croutine.c            0x00000000   Number         0  croutine.o ABSOLUTE
    ..\\FreeRTOS\\src\\event_groups.c        0x00000000   Number         0  event_groups.o ABSOLUTE
    ..\\FreeRTOS\\src\\list.c                0x00000000   Number         0  list.o ABSOLUTE
    ..\\FreeRTOS\\src\\queue.c               0x00000000   Number         0  queue.o ABSOLUTE
    ..\\FreeRTOS\\src\\tasks.c               0x00000000   Number         0  tasks.o ABSOLUTE
    ..\\FreeRTOS\\src\\timers.c              0x00000000   Number         0  timers.o ABSOLUTE
    ..\\SYSTEM\\delay\\delay.c               0x00000000   Number         0  delay.o ABSOLUTE
    ..\\SYSTEM\\sys\\sys.c                   0x00000000   Number         0  sys.o ABSOLUTE
    ..\\SYSTEM\\usart\\usart.c               0x00000000   Number         0  usart.o ABSOLUTE
    dc.s                                     0x00000000   Number         0  dc.o ABSOLUTE
    main.c                                   0x00000000   Number         0  main.o ABSOLUTE
    main.c                                   0x00000000   Number         0  main.o ABSOLUTE
    stm32f4xx_it.c                           0x00000000   Number         0  stm32f4xx_it.o ABSOLUTE
    stm32f4xx_it.c                           0x00000000   Number         0  stm32f4xx_it.o ABSOLUTE
    system_stm32f4xx.c                       0x00000000   Number         0  system_stm32f4xx.o ABSOLUTE
    system_stm32f4xx.c                       0x00000000   Number         0  system_stm32f4xx.o ABSOLUTE
    RESET                                    0x08000000   Section      392  startup_stm32f40_41xxx.o(RESET)
    !!!main                                  0x08000188   Section        8  __main.o(!!!main)
    !!!scatter                               0x08000190   Section       52  __scatter.o(!!!scatter)
    !!handler_copy                           0x080001c4   Section       26  __scatter_copy.o(!!handler_copy)
    !!handler_zi                             0x080001e0   Section       28  __scatter_zi.o(!!handler_zi)
    .ARM.Collect$$_printf_percent$$00000000  0x080001fc   Section        0  _printf_percent.o(.ARM.Collect$$_printf_percent$$00000000)
    .ARM.Collect$$_printf_percent$$00000003  0x080001fc   Section        6  _printf_f.o(.ARM.Collect$$_printf_percent$$00000003)
    .ARM.Collect$$_printf_percent$$00000017  0x08000202   Section        4  _printf_percent_end.o(.ARM.Collect$$_printf_percent$$00000017)
    .ARM.Collect$$libinit$$00000000          0x08000206   Section        2  libinit.o(.ARM.Collect$$libinit$$00000000)
    .ARM.Collect$$libinit$$00000001          0x08000208   Section        4  libinit2.o(.ARM.Collect$$libinit$$00000001)
    .ARM.Collect$$libinit$$00000004          0x0800020c   Section        0  libinit2.o(.ARM.Collect$$libinit$$00000004)
    .ARM.Collect$$libinit$$0000000A          0x0800020c   Section        0  libinit2.o(.ARM.Collect$$libinit$$0000000A)
    .ARM.Collect$$libinit$$0000000C          0x0800020c   Section        0  libinit2.o(.ARM.Collect$$libinit$$0000000C)
    .ARM.Collect$$libinit$$0000000E          0x0800020c   Section        0  libinit2.o(.ARM.Collect$$libinit$$0000000E)
    .ARM.Collect$$libinit$$0000000F          0x0800020c   Section        6  libinit2.o(.ARM.Collect$$libinit$$0000000F)
    .ARM.Collect$$libinit$$00000011          0x08000212   Section        0  libinit2.o(.ARM.Collect$$libinit$$00000011)
    .ARM.Collect$$libinit$$00000013          0x08000212   Section        0  libinit2.o(.ARM.Collect$$libinit$$00000013)
    .ARM.Collect$$libinit$$00000015          0x08000212   Section        0  libinit2.o(.ARM.Collect$$libinit$$00000015)
    .ARM.Collect$$libinit$$00000016          0x08000212   Section       10  libinit2.o(.ARM.Collect$$libinit$$00000016)
    .ARM.Collect$$libinit$$00000017          0x0800021c   Section        0  libinit2.o(.ARM.Collect$$libinit$$00000017)
    .ARM.Collect$$libinit$$00000019          0x0800021c   Section        0  libinit2.o(.ARM.Collect$$libinit$$00000019)
    .ARM.Collect$$libinit$$0000001B          0x0800021c   Section        0  libinit2.o(.ARM.Collect$$libinit$$0000001B)
    .ARM.Collect$$libinit$$0000001D          0x0800021c   Section        0  libinit2.o(.ARM.Collect$$libinit$$0000001D)
    .ARM.Collect$$libinit$$0000001F          0x0800021c   Section        0  libinit2.o(.ARM.Collect$$libinit$$0000001F)
    .ARM.Collect$$libinit$$00000021          0x0800021c   Section        0  libinit2.o(.ARM.Collect$$libinit$$00000021)
    .ARM.Collect$$libinit$$00000023          0x0800021c   Section        0  libinit2.o(.ARM.Collect$$libinit$$00000023)
    .ARM.Collect$$libinit$$00000025          0x0800021c   Section        0  libinit2.o(.ARM.Collect$$libinit$$00000025)
    .ARM.Collect$$libinit$$0000002C          0x0800021c   Section        0  libinit2.o(.ARM.Collect$$libinit$$0000002C)
    .ARM.Collect$$libinit$$0000002E          0x0800021c   Section        0  libinit2.o(.ARM.Collect$$libinit$$0000002E)
    .ARM.Collect$$libinit$$00000030          0x0800021c   Section        0  libinit2.o(.ARM.Collect$$libinit$$00000030)
    .ARM.Collect$$libinit$$00000032          0x0800021c   Section        0  libinit2.o(.ARM.Collect$$libinit$$00000032)
    .ARM.Collect$$libinit$$00000033          0x0800021c   Section        2  libinit2.o(.ARM.Collect$$libinit$$00000033)
    .ARM.Collect$$libshutdown$$00000000      0x0800021e   Section        2  libshutdown.o(.ARM.Collect$$libshutdown$$00000000)
    .ARM.Collect$$libshutdown$$00000003      0x08000220   Section        0  libshutdown2.o(.ARM.Collect$$libshutdown$$00000003)
    .ARM.Collect$$libshutdown$$00000006      0x08000220   Section        0  libshutdown2.o(.ARM.Collect$$libshutdown$$00000006)
    .ARM.Collect$$libshutdown$$00000009      0x08000220   Section        0  libshutdown2.o(.ARM.Collect$$libshutdown$$00000009)
    .ARM.Collect$$libshutdown$$0000000B      0x08000220   Section        0  libshutdown2.o(.ARM.Collect$$libshutdown$$0000000B)
    .ARM.Collect$$libshutdown$$0000000E      0x08000220   Section        0  libshutdown2.o(.ARM.Collect$$libshutdown$$0000000E)
    .ARM.Collect$$libshutdown$$0000000F      0x08000220   Section        2  libshutdown2.o(.ARM.Collect$$libshutdown$$0000000F)
    .ARM.Collect$$rtentry$$00000000          0x08000222   Section        0  __rtentry.o(.ARM.Collect$$rtentry$$00000000)
    .ARM.Collect$$rtentry$$00000002          0x08000222   Section        0  __rtentry2.o(.ARM.Collect$$rtentry$$00000002)
    .ARM.Collect$$rtentry$$00000004          0x08000222   Section        6  __rtentry4.o(.ARM.Collect$$rtentry$$00000004)
    .ARM.Collect$$rtentry$$00000009          0x08000228   Section        0  __rtentry2.o(.ARM.Collect$$rtentry$$00000009)
    .ARM.Collect$$rtentry$$0000000A          0x08000228   Section        4  __rtentry2.o(.ARM.Collect$$rtentry$$0000000A)
    .ARM.Collect$$rtentry$$0000000C          0x0800022c   Section        0  __rtentry2.o(.ARM.Collect$$rtentry$$0000000C)
    .ARM.Collect$$rtentry$$0000000D          0x0800022c   Section        8  __rtentry2.o(.ARM.Collect$$rtentry$$0000000D)
    .ARM.Collect$$rtexit$$00000000           0x08000234   Section        2  rtexit.o(.ARM.Collect$$rtexit$$00000000)
    .ARM.Collect$$rtexit$$00000002           0x08000236   Section        0  rtexit2.o(.ARM.Collect$$rtexit$$00000002)
    .ARM.Collect$$rtexit$$00000003           0x08000236   Section        4  rtexit2.o(.ARM.Collect$$rtexit$$00000003)
    .ARM.Collect$$rtexit$$00000004           0x0800023a   Section        6  rtexit2.o(.ARM.Collect$$rtexit$$00000004)
    .emb_text                                0x08000240   Section      182  port.o(.emb_text)
    $v0                                      0x08000240   Number         0  port.o(.emb_text)
    .text                                    0x080002f8   Section        0  main.o(.text)
    .text                                    0x0800040c   Section        0  stm32f4xx_it.o(.text)
    .text                                    0x08000420   Section        0  system_stm32f4xx.o(.text)
    SetSysClock                              0x08000421   Thumb Code   220  system_stm32f4xx.o(.text)
    .text                                    0x08000630   Section       64  startup_stm32f40_41xxx.o(.text)
    $v0                                      0x08000630   Number         0  startup_stm32f40_41xxx.o(.text)
    .text                                    0x08000670   Section        0  misc.o(.text)
    .text                                    0x08000750   Section        0  stm32f4xx_gpio.o(.text)
    .text                                    0x080009e4   Section        0  stm32f4xx_rcc.o(.text)
    .text                                    0x08001040   Section        0  stm32f4xx_usart.o(.text)
    .text                                    0x08001494   Section        0  delay.o(.text)
    .text                                    0x08001578   Section        0  usart.o(.text)
    .text                                    0x080016c0   Section        0  led.o(.text)
    .text                                    0x08001720   Section        0  port.o(.text)
    prvTaskExitError                         0x08001721   Thumb Code    60  port.o(.text)
    .text                                    0x08001a2c   Section        0  heap_4.o(.text)
    prvInsertBlockIntoFreeList               0x08001a2d   Thumb Code    96  heap_4.o(.text)
    prvHeapInit                              0x08001a8d   Thumb Code    98  heap_4.o(.text)
    .text                                    0x08001cc8   Section        0  list.o(.text)
    .text                                    0x08001d5c   Section        0  queue.o(.text)
    prvInitialiseNewQueue                    0x08001def   Thumb Code    42  queue.o(.text)
    prvUnlockQueue                           0x08001e71   Thumb Code   126  queue.o(.text)
    prvIsQueueFull                           0x08001eef   Thumb Code    30  queue.o(.text)
    prvCopyDataToQueue                       0x08001f0d   Thumb Code   124  queue.o(.text)
    prvInitialiseMutex                       0x0800212d   Thumb Code    28  queue.o(.text)
    prvIsQueueEmpty                          0x080021b7   Thumb Code    26  queue.o(.text)
    prvCopyDataFromQueue                     0x080021d1   Thumb Code    42  queue.o(.text)
    .text                                    0x0800298c   Section        0  tasks.o(.text)
    prvInitialiseTaskLists                   0x0800298d   Thumb Code    70  tasks.o(.text)
    prvAddNewTaskToReadyList                 0x080029d3   Thumb Code   156  tasks.o(.text)
    prvInitialiseNewTask                     0x08002a6f   Thumb Code   180  tasks.o(.text)
    prvResetNextTaskUnblockTime              0x08002b83   Thumb Code    42  tasks.o(.text)
    prvDeleteTCB                             0x08002bad   Thumb Code    18  tasks.o(.text)
    prvAddCurrentTaskToDelayedList           0x08002ecf   Thumb Code   124  tasks.o(.text)
    prvTaskIsTaskSuspended                   0x080033b9   Thumb Code    80  tasks.o(.text)
    prvCheckTasksWaitingTermination          0x08003527   Thumb Code    86  tasks.o(.text)
    prvIdleTask                              0x0800357d   Thumb Code    32  tasks.o(.text)
    prvTaskCheckFreeStackSpace               0x080036c5   Thumb Code    22  tasks.o(.text)
    prvListTasksWithinSingleList             0x0800374d   Thumb Code   106  tasks.o(.text)
    .text                                    0x08004150   Section        0  timers.o(.text)
    prvInsertTimerInActiveList               0x08004151   Thumb Code    80  timers.o(.text)
    prvSwitchTimerLists                      0x0800421f   Thumb Code   150  timers.o(.text)
    prvSampleTimeNow                         0x080042b5   Thumb Code    40  timers.o(.text)
    prvProcessReceivedCommands               0x080042dd   Thumb Code   242  timers.o(.text)
    prvProcessExpiredTimer                   0x080043cf   Thumb Code    94  timers.o(.text)
    prvProcessTimerOrBlockTask               0x0800442d   Thumb Code   102  timers.o(.text)
    prvGetNextExpireTime                     0x08004493   Thumb Code    36  timers.o(.text)
    prvTimerTask                             0x080044b7   Thumb Code    26  timers.o(.text)
    prvCheckForValidListAndQueue             0x080044d1   Thumb Code    72  timers.o(.text)
    prvInitialiseNewTimer                    0x08004591   Thumb Code    78  timers.o(.text)
    .text                                    0x08004730   Section        2  use_no_semi_2.o(.text)
    .text                                    0x08004734   Section        0  noretval__2printf.o(.text)
    .text                                    0x0800474c   Section        0  __printf_wp.o(.text)
    .text                                    0x0800485a   Section      138  rt_memcpy_v6.o(.text)
    .text                                    0x080048e4   Section       16  aeabi_memset.o(.text)
    .text                                    0x080048f4   Section        0  heapauxi.o(.text)
    .text                                    0x080048fa   Section        2  use_no_semi.o(.text)
    .text                                    0x080048fc   Section        0  _printf_fp_dec.o(.text)
    _fp_digits                               0x080048ff   Thumb Code   428  _printf_fp_dec.o(.text)
    .text                                    0x08004d18   Section        0  _printf_char_file.o(.text)
    .text                                    0x08004d3c   Section      100  rt_memcpy_w.o(.text)
    .text                                    0x08004da0   Section       68  rt_memclr.o(.text)
    .text                                    0x08004de4   Section        8  rt_locale_intlibspace.o(.text)
    .text                                    0x08004dec   Section      138  lludiv10.o(.text)
    .text                                    0x08004e78   Section        0  _printf_char_common.o(.text)
    _printf_input_char                       0x08004e79   Thumb Code    10  _printf_char_common.o(.text)
    .text                                    0x08004ea8   Section        0  _printf_fp_infnan.o(.text)
    .text                                    0x08004f28   Section        0  bigflt0.o(.text)
    .text                                    0x08005004   Section        0  ferror.o(.text)
    .text                                    0x0800500c   Section       78  rt_memclr_w.o(.text)
    .text                                    0x0800505c   Section        8  libspace.o(.text)
    .text                                    0x08005064   Section       74  sys_stackheap_outer.o(.text)
    .text                                    0x080050ae   Section        0  exit.o(.text)
    .text                                    0x080050bc   Section      128  strcmpv7m.o(.text)
    CL$$btod_d2e                             0x0800513c   Section       62  btod.o(CL$$btod_d2e)
    CL$$btod_d2e_denorm_low                  0x0800517a   Section       70  btod.o(CL$$btod_d2e_denorm_low)
    CL$$btod_d2e_norm_op1                    0x080051c0   Section       96  btod.o(CL$$btod_d2e_norm_op1)
    CL$$btod_div_common                      0x08005220   Section      824  btod.o(CL$$btod_div_common)
    CL$$btod_e2e                             0x08005558   Section      198  btod.o(CL$$btod_e2e)
    CL$$btod_ediv                            0x0800561e   Section       40  btod.o(CL$$btod_ediv)
    CL$$btod_emul                            0x08005646   Section       40  btod.o(CL$$btod_emul)
    CL$$btod_mult_common                     0x0800566e   Section      580  btod.o(CL$$btod_mult_common)
    i.__ARM_fpclassify                       0x080058b2   Section        0  fpclassify.o(i.__ARM_fpclassify)
    i._is_digit                              0x080058e2   Section        0  __printf_wp.o(i._is_digit)
    locale$$code                             0x080058f0   Section       44  lc_numeric_c.o(locale$$code)
    x$fpl$dretinf                            0x0800591c   Section       12  dretinf.o(x$fpl$dretinf)
    $v0                                      0x0800591c   Number         0  dretinf.o(x$fpl$dretinf)
    x$fpl$f2d                                0x08005928   Section       86  f2d.o(x$fpl$f2d)
    $v0                                      0x08005928   Number         0  f2d.o(x$fpl$f2d)
    x$fpl$fnaninf                            0x0800597e   Section      140  fnaninf.o(x$fpl$fnaninf)
    $v0                                      0x0800597e   Number         0  fnaninf.o(x$fpl$fnaninf)
    x$fpl$fpinit                             0x08005a0a   Section       10  fpinit.o(x$fpl$fpinit)
    $v0                                      0x08005a0a   Number         0  fpinit.o(x$fpl$fpinit)
    x$fpl$printf1                            0x08005a14   Section        4  printf1.o(x$fpl$printf1)
    $v0                                      0x08005a14   Number         0  printf1.o(x$fpl$printf1)
    .constdata                               0x08005a18   Section      148  bigflt0.o(.constdata)
    x$fpl$usenofp                            0x08005a18   Section        0  usenofp.o(x$fpl$usenofp)
    tenpwrs_x                                0x08005a18   Data          60  bigflt0.o(.constdata)
    tenpwrs_i                                0x08005a54   Data          64  bigflt0.o(.constdata)
    locale$$data                             0x08005acc   Section       28  lc_numeric_c.o(locale$$data)
    __lcnum_c_name                           0x08005ad0   Data           2  lc_numeric_c.o(locale$$data)
    __lcnum_c_start                          0x08005ad8   Data           0  lc_numeric_c.o(locale$$data)
    __lcnum_c_point                          0x08005ae4   Data           0  lc_numeric_c.o(locale$$data)
    __lcnum_c_thousands                      0x08005ae6   Data           0  lc_numeric_c.o(locale$$data)
    __lcnum_c_grouping                       0x08005ae7   Data           0  lc_numeric_c.o(locale$$data)
    __lcnum_c_end                            0x08005ae8   Data           0  lc_numeric_c.o(locale$$data)
    .data                                    0x20000000   Section       16  main.o(.data)
    float_num                                0x2000000c   Data           4  main.o(.data)
    .data                                    0x20000010   Section       20  system_stm32f4xx.o(.data)
    .data                                    0x20000024   Section       16  stm32f4xx_rcc.o(.data)
    APBAHBPrescTable                         0x20000024   Data          16  stm32f4xx_rcc.o(.data)
    .data                                    0x20000034   Section        4  delay.o(.data)
    fac_us                                   0x20000034   Data           1  delay.o(.data)
    fac_ms                                   0x20000036   Data           2  delay.o(.data)
    .data                                    0x20000038   Section        6  usart.o(.data)
    .data                                    0x20000040   Section       12  port.o(.data)
    uxCriticalNesting                        0x20000040   Data           4  port.o(.data)
    ucMaxSysCallPriority                     0x20000044   Data           1  port.o(.data)
    ulMaxPRIGROUPValue                       0x20000048   Data           4  port.o(.data)
    .data                                    0x2000004c   Section       24  heap_4.o(.data)
    xStart                                   0x2000004c   Data           8  heap_4.o(.data)
    pxEnd                                    0x20000054   Data           4  heap_4.o(.data)
    xFreeBytesRemaining                      0x20000058   Data           4  heap_4.o(.data)
    xMinimumEverFreeBytesRemaining           0x2000005c   Data           4  heap_4.o(.data)
    xBlockAllocatedBit                       0x20000060   Data           4  heap_4.o(.data)
    .data                                    0x20000064   Section       60  tasks.o(.data)
    pxDelayedTaskList                        0x20000068   Data           4  tasks.o(.data)
    pxOverflowDelayedTaskList                0x2000006c   Data           4  tasks.o(.data)
    uxDeletedTasksWaitingCleanUp             0x20000070   Data           4  tasks.o(.data)
    uxCurrentNumberOfTasks                   0x20000074   Data           4  tasks.o(.data)
    xTickCount                               0x20000078   Data           4  tasks.o(.data)
    uxTopReadyPriority                       0x2000007c   Data           4  tasks.o(.data)
    xSchedulerRunning                        0x20000080   Data           4  tasks.o(.data)
    uxPendedTicks                            0x20000084   Data           4  tasks.o(.data)
    xYieldPending                            0x20000088   Data           4  tasks.o(.data)
    xNumOfOverflows                          0x2000008c   Data           4  tasks.o(.data)
    uxTaskNumber                             0x20000090   Data           4  tasks.o(.data)
    xNextTaskUnblockTime                     0x20000094   Data           4  tasks.o(.data)
    xIdleTaskHandle                          0x20000098   Data           4  tasks.o(.data)
    uxSchedulerSuspended                     0x2000009c   Data           4  tasks.o(.data)
    .data                                    0x200000a0   Section       20  timers.o(.data)
    pxCurrentTimerList                       0x200000a0   Data           4  timers.o(.data)
    pxOverflowTimerList                      0x200000a4   Data           4  timers.o(.data)
    xTimerQueue                              0x200000a8   Data           4  timers.o(.data)
    xTimerTaskHandle                         0x200000ac   Data           4  timers.o(.data)
    xLastTime                                0x200000b0   Data           4  timers.o(.data)
    .bss                                     0x200000b4   Section      200  usart.o(.bss)
    .bss                                     0x2000017c   Section    76800  heap_4.o(.bss)
    ucHeap                                   0x2000017c   Data       76800  heap_4.o(.bss)
    .bss                                     0x20012d7c   Section       64  queue.o(.bss)
    .bss                                     0x20012dbc   Section      200  tasks.o(.bss)
    pxReadyTasksLists                        0x20012dbc   Data         100  tasks.o(.bss)
    xDelayedTaskList1                        0x20012e20   Data          20  tasks.o(.bss)
    xDelayedTaskList2                        0x20012e34   Data          20  tasks.o(.bss)
    xPendingReadyList                        0x20012e48   Data          20  tasks.o(.bss)
    xTasksWaitingTermination                 0x20012e5c   Data          20  tasks.o(.bss)
    xSuspendedTaskList                       0x20012e70   Data          20  tasks.o(.bss)
    .bss                                     0x20012e84   Section       40  timers.o(.bss)
    xActiveTimerList1                        0x20012e84   Data          20  timers.o(.bss)
    xActiveTimerList2                        0x20012e98   Data          20  timers.o(.bss)
    .bss                                     0x20012eac   Section       96  libspace.o(.bss)
    HEAP                                     0x20012f10   Section      512  startup_stm32f40_41xxx.o(HEAP)
    Heap_Mem                                 0x20012f10   Data         512  startup_stm32f40_41xxx.o(HEAP)
    STACK                                    0x20013110   Section     1024  startup_stm32f40_41xxx.o(STACK)
    Stack_Mem                                0x20013110   Data        1024  startup_stm32f40_41xxx.o(STACK)
    __initial_sp                             0x20013510   Data           0  startup_stm32f40_41xxx.o(STACK)

    Global Symbols

    Symbol Name                              Value     Ov Type        Size  Object(Section)

    BuildAttributes$$THM_ISAv4$E$P$D$K$B$S$7EM$VFPi3$EXTD16$VFPS$VFMA$PE$A:L22UL41UL21$X:L11$S22US41US21$IEEE1$IW$USESV6$~STKCKD$USESV7$~SHL$OTIME$ROPI$IEEEJ$EBA8$UX$STANDARDLIB$REQ8$PRES8$EABIv2 0x00000000   Number         0  anon$$obj.o ABSOLUTE
    __ARM_use_no_argv                        0x00000000   Number         0  main.o ABSOLUTE
    _printf_flags                            0x00000000   Number         0  printf_stubs.o ABSOLUTE
    _printf_return_value                     0x00000000   Number         0  printf_stubs.o ABSOLUTE
    _printf_sizespec                         0x00000000   Number         0  printf_stubs.o ABSOLUTE
    _printf_widthprec                        0x00000000   Number         0  printf_stubs.o ABSOLUTE
    __ARM_exceptions_init                     - Undefined Weak Reference
    __alloca_initialize                       - Undefined Weak Reference
    __arm_preinit_                            - Undefined Weak Reference
    __cpp_initialize__aeabi_                  - Undefined Weak Reference
    __cxa_finalize                            - Undefined Weak Reference
    __sigvec_lookup                           - Undefined Weak Reference
    _atexit_init                              - Undefined Weak Reference
    _call_atexit_fns                          - Undefined Weak Reference
    _clock_init                               - Undefined Weak Reference
    _fp_trap_init                             - Undefined Weak Reference
    _fp_trap_shutdown                         - Undefined Weak Reference
    _get_lc_collate                           - Undefined Weak Reference
    _get_lc_ctype                             - Undefined Weak Reference
    _get_lc_monetary                          - Undefined Weak Reference
    _get_lc_time                              - Undefined Weak Reference
    _getenv_init                              - Undefined Weak Reference
    _handle_redirection                       - Undefined Weak Reference
    _init_alloc                               - Undefined Weak Reference
    _init_user_alloc                          - Undefined Weak Reference
    _initio                                   - Undefined Weak Reference
    _mutex_acquire                            - Undefined Weak Reference
    _mutex_release                            - Undefined Weak Reference
    _printf_post_padding                      - Undefined Weak Reference
    _printf_pre_padding                       - Undefined Weak Reference
    _rand_init                                - Undefined Weak Reference
    _signal_finish                            - Undefined Weak Reference
    _signal_init                              - Undefined Weak Reference
    _terminate_alloc                          - Undefined Weak Reference
    _terminate_user_alloc                     - Undefined Weak Reference
    _terminateio                              - Undefined Weak Reference
    __Vectors_Size                           0x00000188   Number         0  startup_stm32f40_41xxx.o ABSOLUTE
    __Vectors                                0x08000000   Data           4  startup_stm32f40_41xxx.o(RESET)
    __Vectors_End                            0x08000188   Data           0  startup_stm32f40_41xxx.o(RESET)
    __main                                   0x08000189   Thumb Code     8  __main.o(!!!main)
    __scatterload                            0x08000191   Thumb Code     0  __scatter.o(!!!scatter)
    __scatterload_rt2                        0x08000191   Thumb Code    44  __scatter.o(!!!scatter)
    __scatterload_rt2_thumb_only             0x08000191   Thumb Code     0  __scatter.o(!!!scatter)
    __scatterload_null                       0x0800019f   Thumb Code     0  __scatter.o(!!!scatter)
    __scatterload_copy                       0x080001c5   Thumb Code    26  __scatter_copy.o(!!handler_copy)
    __scatterload_zeroinit                   0x080001e1   Thumb Code    28  __scatter_zi.o(!!handler_zi)
    _printf_f                                0x080001fd   Thumb Code     0  _printf_f.o(.ARM.Collect$$_printf_percent$$00000003)
    _printf_percent                          0x080001fd   Thumb Code     0  _printf_percent.o(.ARM.Collect$$_printf_percent$$00000000)
    _printf_percent_end                      0x08000203   Thumb Code     0  _printf_percent_end.o(.ARM.Collect$$_printf_percent$$00000017)
    __rt_lib_init                            0x08000207   Thumb Code     0  libinit.o(.ARM.Collect$$libinit$$00000000)
    __rt_lib_init_fp_1                       0x08000209   Thumb Code     0  libinit2.o(.ARM.Collect$$libinit$$00000001)
    __rt_lib_init_heap_1                     0x0800020d   Thumb Code     0  libinit2.o(.ARM.Collect$$libinit$$0000000A)
    __rt_lib_init_lc_common                  0x0800020d   Thumb Code     0  libinit2.o(.ARM.Collect$$libinit$$0000000F)
    __rt_lib_init_preinit_1                  0x0800020d   Thumb Code     0  libinit2.o(.ARM.Collect$$libinit$$00000004)
    __rt_lib_init_rand_1                     0x0800020d   Thumb Code     0  libinit2.o(.ARM.Collect$$libinit$$0000000E)
    __rt_lib_init_user_alloc_1               0x0800020d   Thumb Code     0  libinit2.o(.ARM.Collect$$libinit$$0000000C)
    __rt_lib_init_lc_collate_1               0x08000213   Thumb Code     0  libinit2.o(.ARM.Collect$$libinit$$00000011)
    __rt_lib_init_lc_ctype_1                 0x08000213   Thumb Code     0  libinit2.o(.ARM.Collect$$libinit$$00000013)
    __rt_lib_init_lc_monetary_1              0x08000213   Thumb Code     0  libinit2.o(.ARM.Collect$$libinit$$00000015)
    __rt_lib_init_lc_numeric_2               0x08000213   Thumb Code     0  libinit2.o(.ARM.Collect$$libinit$$00000016)
    __rt_lib_init_alloca_1                   0x0800021d   Thumb Code     0  libinit2.o(.ARM.Collect$$libinit$$0000002E)
    __rt_lib_init_argv_1                     0x0800021d   Thumb Code     0  libinit2.o(.ARM.Collect$$libinit$$0000002C)
    __rt_lib_init_atexit_1                   0x0800021d   Thumb Code     0  libinit2.o(.ARM.Collect$$libinit$$0000001B)
    __rt_lib_init_clock_1                    0x0800021d   Thumb Code     0  libinit2.o(.ARM.Collect$$libinit$$00000021)
    __rt_lib_init_cpp_1                      0x0800021d   Thumb Code     0  libinit2.o(.ARM.Collect$$libinit$$00000032)
    __rt_lib_init_exceptions_1               0x0800021d   Thumb Code     0  libinit2.o(.ARM.Collect$$libinit$$00000030)
    __rt_lib_init_fp_trap_1                  0x0800021d   Thumb Code     0  libinit2.o(.ARM.Collect$$libinit$$0000001F)
    __rt_lib_init_getenv_1                   0x0800021d   Thumb Code     0  libinit2.o(.ARM.Collect$$libinit$$00000023)
    __rt_lib_init_lc_numeric_1               0x0800021d   Thumb Code     0  libinit2.o(.ARM.Collect$$libinit$$00000017)
    __rt_lib_init_lc_time_1                  0x0800021d   Thumb Code     0  libinit2.o(.ARM.Collect$$libinit$$00000019)
    __rt_lib_init_return                     0x0800021d   Thumb Code     0  libinit2.o(.ARM.Collect$$libinit$$00000033)
    __rt_lib_init_signal_1                   0x0800021d   Thumb Code     0  libinit2.o(.ARM.Collect$$libinit$$0000001D)
    __rt_lib_init_stdio_1                    0x0800021d   Thumb Code     0  libinit2.o(.ARM.Collect$$libinit$$00000025)
    __rt_lib_shutdown                        0x0800021f   Thumb Code     0  libshutdown.o(.ARM.Collect$$libshutdown$$00000000)
    __rt_lib_shutdown_fp_trap_1              0x08000221   Thumb Code     0  libshutdown2.o(.ARM.Collect$$libshutdown$$00000006)
    __rt_lib_shutdown_heap_1                 0x08000221   Thumb Code     0  libshutdown2.o(.ARM.Collect$$libshutdown$$0000000E)
    __rt_lib_shutdown_return                 0x08000221   Thumb Code     0  libshutdown2.o(.ARM.Collect$$libshutdown$$0000000F)
    __rt_lib_shutdown_signal_1               0x08000221   Thumb Code     0  libshutdown2.o(.ARM.Collect$$libshutdown$$00000009)
    __rt_lib_shutdown_stdio_1                0x08000221   Thumb Code     0  libshutdown2.o(.ARM.Collect$$libshutdown$$00000003)
    __rt_lib_shutdown_user_alloc_1           0x08000221   Thumb Code     0  libshutdown2.o(.ARM.Collect$$libshutdown$$0000000B)
    __rt_entry                               0x08000223   Thumb Code     0  __rtentry.o(.ARM.Collect$$rtentry$$00000000)
    __rt_entry_presh_1                       0x08000223   Thumb Code     0  __rtentry2.o(.ARM.Collect$$rtentry$$00000002)
    __rt_entry_sh                            0x08000223   Thumb Code     0  __rtentry4.o(.ARM.Collect$$rtentry$$00000004)
    __rt_entry_li                            0x08000229   Thumb Code     0  __rtentry2.o(.ARM.Collect$$rtentry$$0000000A)
    __rt_entry_postsh_1                      0x08000229   Thumb Code     0  __rtentry2.o(.ARM.Collect$$rtentry$$00000009)
    __rt_entry_main                          0x0800022d   Thumb Code     0  __rtentry2.o(.ARM.Collect$$rtentry$$0000000D)
    __rt_entry_postli_1                      0x0800022d   Thumb Code     0  __rtentry2.o(.ARM.Collect$$rtentry$$0000000C)
    __rt_exit                                0x08000235   Thumb Code     0  rtexit.o(.ARM.Collect$$rtexit$$00000000)
    __rt_exit_ls                             0x08000237   Thumb Code     0  rtexit2.o(.ARM.Collect$$rtexit$$00000003)
    __rt_exit_prels_1                        0x08000237   Thumb Code     0  rtexit2.o(.ARM.Collect$$rtexit$$00000002)
    __rt_exit_exit                           0x0800023b   Thumb Code     0  rtexit2.o(.ARM.Collect$$rtexit$$00000004)
    SVC_Handler                              0x08000241   Thumb Code    28  port.o(.emb_text)
    __asm___6_port_c_39a90d8d__prvStartFirstTask 0x08000261   Thumb Code    28  port.o(.emb_text)
    __asm___6_port_c_39a90d8d__prvEnableVFP  0x08000281   Thumb Code    16  port.o(.emb_text)
    PendSV_Handler                           0x08000295   Thumb Code    88  port.o(.emb_text)
    vPortGetIPSR                             0x080002f1   Thumb Code     6  port.o(.emb_text)
    float_task                               0x080002f9   Thumb Code    54  main.o(.text)
    led1_task                                0x0800032f   Thumb Code    16  main.o(.text)
    start_task                               0x0800033f   Thumb Code    66  main.o(.text)
    main                                     0x08000381   Thumb Code    58  main.o(.text)
    NMI_Handler                              0x0800040d   Thumb Code     2  stm32f4xx_it.o(.text)
    HardFault_Handler                        0x0800040f   Thumb Code     4  stm32f4xx_it.o(.text)
    MemManage_Handler                        0x08000413   Thumb Code     4  stm32f4xx_it.o(.text)
    BusFault_Handler                         0x08000417   Thumb Code     4  stm32f4xx_it.o(.text)
    UsageFault_Handler                       0x0800041b   Thumb Code     4  stm32f4xx_it.o(.text)
    DebugMon_Handler                         0x0800041f   Thumb Code     2  stm32f4xx_it.o(.text)
    SystemInit                               0x080004fd   Thumb Code    88  system_stm32f4xx.o(.text)
    SystemCoreClockUpdate                    0x08000555   Thumb Code   174  system_stm32f4xx.o(.text)
    Reset_Handler                            0x08000631   Thumb Code     8  startup_stm32f40_41xxx.o(.text)
    ADC_IRQHandler                           0x0800064b   Thumb Code     0  startup_stm32f40_41xxx.o(.text)
    CAN1_RX0_IRQHandler                      0x0800064b   Thumb Code     0  startup_stm32f40_41xxx.o(.text)
    CAN1_RX1_IRQHandler                      0x0800064b   Thumb Code     0  startup_stm32f40_41xxx.o(.text)
    CAN1_SCE_IRQHandler                      0x0800064b   Thumb Code     0  startup_stm32f40_41xxx.o(.text)
    CAN1_TX_IRQHandler                       0x0800064b   Thumb Code     0  startup_stm32f40_41xxx.o(.text)
    CAN2_RX0_IRQHandler                      0x0800064b   Thumb Code     0  startup_stm32f40_41xxx.o(.text)
    CAN2_RX1_IRQHandler                      0x0800064b   Thumb Code     0  startup_stm32f40_41xxx.o(.text)
    CAN2_SCE_IRQHandler                      0x0800064b   Thumb Code     0  startup_stm32f40_41xxx.o(.text)
    CAN2_TX_IRQHandler                       0x0800064b   Thumb Code     0  startup_stm32f40_41xxx.o(.text)
    CRYP_IRQHandler                          0x0800064b   Thumb Code     0  startup_stm32f40_41xxx.o(.text)
    DCMI_IRQHandler                          0x0800064b   Thumb Code     0  startup_stm32f40_41xxx.o(.text)
    DMA1_Stream0_IRQHandler                  0x0800064b   Thumb Code     0  startup_stm32f40_41xxx.o(.text)
    DMA1_Stream1_IRQHandler                  0x0800064b   Thumb Code     0  startup_stm32f40_41xxx.o(.text)
    DMA1_Stream2_IRQHandler                  0x0800064b   Thumb Code     0  startup_stm32f40_41xxx.o(.text)
    DMA1_Stream3_IRQHandler                  0x0800064b   Thumb Code     0  startup_stm32f40_41xxx.o(.text)
    DMA1_Stream4_IRQHandler                  0x0800064b   Thumb Code     0  startup_stm32f40_41xxx.o(.text)
    DMA1_Stream5_IRQHandler                  0x0800064b   Thumb Code     0  startup_stm32f40_41xxx.o(.text)
    DMA1_Stream6_IRQHandler                  0x0800064b   Thumb Code     0  startup_stm32f40_41xxx.o(.text)
    DMA1_Stream7_IRQHandler                  0x0800064b   Thumb Code     0  startup_stm32f40_41xxx.o(.text)
    DMA2_Stream0_IRQHandler                  0x0800064b   Thumb Code     0  startup_stm32f40_41xxx.o(.text)
    DMA2_Stream1_IRQHandler                  0x0800064b   Thumb Code     0  startup_stm32f40_41xxx.o(.text)
    DMA2_Stream2_IRQHandler                  0x0800064b   Thumb Code     0  startup_stm32f40_41xxx.o(.text)
    DMA2_Stream3_IRQHandler                  0x0800064b   Thumb Code     0  startup_stm32f40_41xxx.o(.text)
    DMA2_Stream4_IRQHandler                  0x0800064b   Thumb Code     0  startup_stm32f40_41xxx.o(.text)
    DMA2_Stream5_IRQHandler                  0x0800064b   Thumb Code     0  startup_stm32f40_41xxx.o(.text)
    DMA2_Stream6_IRQHandler                  0x0800064b   Thumb Code     0  startup_stm32f40_41xxx.o(.text)
    DMA2_Stream7_IRQHandler                  0x0800064b   Thumb Code     0  startup_stm32f40_41xxx.o(.text)
    ETH_IRQHandler                           0x0800064b   Thumb Code     0  startup_stm32f40_41xxx.o(.text)
    ETH_WKUP_IRQHandler                      0x0800064b   Thumb Code     0  startup_stm32f40_41xxx.o(.text)
    EXTI0_IRQHandler                         0x0800064b   Thumb Code     0  startup_stm32f40_41xxx.o(.text)
    EXTI15_10_IRQHandler                     0x0800064b   Thumb Code     0  startup_stm32f40_41xxx.o(.text)
    EXTI1_IRQHandler                         0x0800064b   Thumb Code     0  startup_stm32f40_41xxx.o(.text)
    EXTI2_IRQHandler                         0x0800064b   Thumb Code     0  startup_stm32f40_41xxx.o(.text)
    EXTI3_IRQHandler                         0x0800064b   Thumb Code     0  startup_stm32f40_41xxx.o(.text)
    EXTI4_IRQHandler                         0x0800064b   Thumb Code     0  startup_stm32f40_41xxx.o(.text)
    EXTI9_5_IRQHandler                       0x0800064b   Thumb Code     0  startup_stm32f40_41xxx.o(.text)
    FLASH_IRQHandler                         0x0800064b   Thumb Code     0  startup_stm32f40_41xxx.o(.text)
    FPU_IRQHandler                           0x0800064b   Thumb Code     0  startup_stm32f40_41xxx.o(.text)
    FSMC_IRQHandler                          0x0800064b   Thumb Code     0  startup_stm32f40_41xxx.o(.text)
    HASH_RNG_IRQHandler                      0x0800064b   Thumb Code     0  startup_stm32f40_41xxx.o(.text)
    I2C1_ER_IRQHandler                       0x0800064b   Thumb Code     0  startup_stm32f40_41xxx.o(.text)
    I2C1_EV_IRQHandler                       0x0800064b   Thumb Code     0  startup_stm32f40_41xxx.o(.text)
    I2C2_ER_IRQHandler                       0x0800064b   Thumb Code     0  startup_stm32f40_41xxx.o(.text)
    I2C2_EV_IRQHandler                       0x0800064b   Thumb Code     0  startup_stm32f40_41xxx.o(.text)
    I2C3_ER_IRQHandler                       0x0800064b   Thumb Code     0  startup_stm32f40_41xxx.o(.text)
    I2C3_EV_IRQHandler                       0x0800064b   Thumb Code     0  startup_stm32f40_41xxx.o(.text)
    OTG_FS_IRQHandler                        0x0800064b   Thumb Code     0  startup_stm32f40_41xxx.o(.text)
    OTG_FS_WKUP_IRQHandler                   0x0800064b   Thumb Code     0  startup_stm32f40_41xxx.o(.text)
    OTG_HS_EP1_IN_IRQHandler                 0x0800064b   Thumb Code     0  startup_stm32f40_41xxx.o(.text)
    OTG_HS_EP1_OUT_IRQHandler                0x0800064b   Thumb Code     0  startup_stm32f40_41xxx.o(.text)
    OTG_HS_IRQHandler                        0x0800064b   Thumb Code     0  startup_stm32f40_41xxx.o(.text)
    OTG_HS_WKUP_IRQHandler                   0x0800064b   Thumb Code     0  startup_stm32f40_41xxx.o(.text)
    PVD_IRQHandler                           0x0800064b   Thumb Code     0  startup_stm32f40_41xxx.o(.text)
    RCC_IRQHandler                           0x0800064b   Thumb Code     0  startup_stm32f40_41xxx.o(.text)
    RTC_Alarm_IRQHandler                     0x0800064b   Thumb Code     0  startup_stm32f40_41xxx.o(.text)
    RTC_WKUP_IRQHandler                      0x0800064b   Thumb Code     0  startup_stm32f40_41xxx.o(.text)
    SDIO_IRQHandler                          0x0800064b   Thumb Code     0  startup_stm32f40_41xxx.o(.text)
    SPI1_IRQHandler                          0x0800064b   Thumb Code     0  startup_stm32f40_41xxx.o(.text)
    SPI2_IRQHandler                          0x0800064b   Thumb Code     0  startup_stm32f40_41xxx.o(.text)
    SPI3_IRQHandler                          0x0800064b   Thumb Code     0  startup_stm32f40_41xxx.o(.text)
    TAMP_STAMP_IRQHandler                    0x0800064b   Thumb Code     0  startup_stm32f40_41xxx.o(.text)
    TIM1_BRK_TIM9_IRQHandler                 0x0800064b   Thumb Code     0  startup_stm32f40_41xxx.o(.text)
    TIM1_CC_IRQHandler                       0x0800064b   Thumb Code     0  startup_stm32f40_41xxx.o(.text)
    TIM1_TRG_COM_TIM11_IRQHandler            0x0800064b   Thumb Code     0  startup_stm32f40_41xxx.o(.text)
    TIM1_UP_TIM10_IRQHandler                 0x0800064b   Thumb Code     0  startup_stm32f40_41xxx.o(.text)
    TIM2_IRQHandler                          0x0800064b   Thumb Code     0  startup_stm32f40_41xxx.o(.text)
    TIM3_IRQHandler                          0x0800064b   Thumb Code     0  startup_stm32f40_41xxx.o(.text)
    TIM4_IRQHandler                          0x0800064b   Thumb Code     0  startup_stm32f40_41xxx.o(.text)
    TIM5_IRQHandler                          0x0800064b   Thumb Code     0  startup_stm32f40_41xxx.o(.text)
    TIM6_DAC_IRQHandler                      0x0800064b   Thumb Code     0  startup_stm32f40_41xxx.o(.text)
    TIM7_IRQHandler                          0x0800064b   Thumb Code     0  startup_stm32f40_41xxx.o(.text)
    TIM8_BRK_TIM12_IRQHandler                0x0800064b   Thumb Code     0  startup_stm32f40_41xxx.o(.text)
    TIM8_CC_IRQHandler                       0x0800064b   Thumb Code     0  startup_stm32f40_41xxx.o(.text)
    TIM8_TRG_COM_TIM14_IRQHandler            0x0800064b   Thumb Code     0  startup_stm32f40_41xxx.o(.text)
    TIM8_UP_TIM13_IRQHandler                 0x0800064b   Thumb Code     0  startup_stm32f40_41xxx.o(.text)
    UART4_IRQHandler                         0x0800064b   Thumb Code     0  startup_stm32f40_41xxx.o(.text)
    UART5_IRQHandler                         0x0800064b   Thumb Code     0  startup_stm32f40_41xxx.o(.text)
    USART2_IRQHandler                        0x0800064b   Thumb Code     0  startup_stm32f40_41xxx.o(.text)
    USART3_IRQHandler                        0x0800064b   Thumb Code     0  startup_stm32f40_41xxx.o(.text)
    USART6_IRQHandler                        0x0800064b   Thumb Code     0  startup_stm32f40_41xxx.o(.text)
    WWDG_IRQHandler                          0x0800064b   Thumb Code     0  startup_stm32f40_41xxx.o(.text)
    __user_initial_stackheap                 0x0800064d   Thumb Code     0  startup_stm32f40_41xxx.o(.text)
    NVIC_PriorityGroupConfig                 0x08000671   Thumb Code    10  misc.o(.text)
    NVIC_Init                                0x0800067b   Thumb Code   106  misc.o(.text)
    NVIC_SetVectorTable                      0x080006e5   Thumb Code    14  misc.o(.text)
    NVIC_SystemLPConfig                      0x080006f3   Thumb Code    34  misc.o(.text)
    SysTick_CLKSourceConfig                  0x08000715   Thumb Code    40  misc.o(.text)
    GPIO_DeInit                              0x08000751   Thumb Code   268  stm32f4xx_gpio.o(.text)
    GPIO_Init                                0x0800085d   Thumb Code   144  stm32f4xx_gpio.o(.text)
    GPIO_StructInit                          0x080008ed   Thumb Code    18  stm32f4xx_gpio.o(.text)
    GPIO_PinLockConfig                       0x080008ff   Thumb Code    34  stm32f4xx_gpio.o(.text)
    GPIO_ReadInputDataBit                    0x08000921   Thumb Code    18  stm32f4xx_gpio.o(.text)
    GPIO_ReadInputData                       0x08000933   Thumb Code     8  stm32f4xx_gpio.o(.text)
    GPIO_ReadOutputDataBit                   0x0800093b   Thumb Code    18  stm32f4xx_gpio.o(.text)
    GPIO_ReadOutputData                      0x0800094d   Thumb Code     8  stm32f4xx_gpio.o(.text)
    GPIO_SetBits                             0x08000955   Thumb Code     4  stm32f4xx_gpio.o(.text)
    GPIO_ResetBits                           0x08000959   Thumb Code     4  stm32f4xx_gpio.o(.text)
    GPIO_WriteBit                            0x0800095d   Thumb Code    10  stm32f4xx_gpio.o(.text)
    GPIO_Write                               0x08000967   Thumb Code     4  stm32f4xx_gpio.o(.text)
    GPIO_ToggleBits                          0x0800096b   Thumb Code     8  stm32f4xx_gpio.o(.text)
    GPIO_PinAFConfig                         0x08000973   Thumb Code    70  stm32f4xx_gpio.o(.text)
    RCC_DeInit                               0x080009e5   Thumb Code    82  stm32f4xx_rcc.o(.text)
    RCC_HSEConfig                            0x08000a37   Thumb Code    14  stm32f4xx_rcc.o(.text)
    RCC_GetFlagStatus                        0x08000a45   Thumb Code    60  stm32f4xx_rcc.o(.text)
    RCC_WaitForHSEStartUp                    0x08000a81   Thumb Code    56  stm32f4xx_rcc.o(.text)
    RCC_AdjustHSICalibrationValue            0x08000ab9   Thumb Code    20  stm32f4xx_rcc.o(.text)
    RCC_HSICmd                               0x08000acd   Thumb Code     6  stm32f4xx_rcc.o(.text)
    RCC_LSEConfig                            0x08000ad3   Thumb Code    46  stm32f4xx_rcc.o(.text)
    RCC_LSICmd                               0x08000b01   Thumb Code     6  stm32f4xx_rcc.o(.text)
    RCC_PLLConfig                            0x08000b07   Thumb Code    32  stm32f4xx_rcc.o(.text)
    RCC_PLLCmd                               0x08000b27   Thumb Code     6  stm32f4xx_rcc.o(.text)
    RCC_PLLI2SConfig                         0x08000b2d   Thumb Code    14  stm32f4xx_rcc.o(.text)
    RCC_PLLI2SCmd                            0x08000b3b   Thumb Code     6  stm32f4xx_rcc.o(.text)
    RCC_PLLSAIConfig                         0x08000b41   Thumb Code    20  stm32f4xx_rcc.o(.text)
    RCC_PLLSAICmd                            0x08000b55   Thumb Code     6  stm32f4xx_rcc.o(.text)
    RCC_ClockSecuritySystemCmd               0x08000b5b   Thumb Code     6  stm32f4xx_rcc.o(.text)
    RCC_MCO1Config                           0x08000b61   Thumb Code    28  stm32f4xx_rcc.o(.text)
    RCC_MCO2Config                           0x08000b7d   Thumb Code    28  stm32f4xx_rcc.o(.text)
    RCC_SYSCLKConfig                         0x08000b99   Thumb Code    20  stm32f4xx_rcc.o(.text)
    RCC_GetSYSCLKSource                      0x08000bad   Thumb Code    12  stm32f4xx_rcc.o(.text)
    RCC_HCLKConfig                           0x08000bb9   Thumb Code    20  stm32f4xx_rcc.o(.text)
    RCC_PCLK1Config                          0x08000bcd   Thumb Code    20  stm32f4xx_rcc.o(.text)
    RCC_PCLK2Config                          0x08000be1   Thumb Code    22  stm32f4xx_rcc.o(.text)
    RCC_GetClocksFreq                        0x08000bf7   Thumb Code   222  stm32f4xx_rcc.o(.text)
    RCC_RTCCLKConfig                         0x08000cd5   Thumb Code    54  stm32f4xx_rcc.o(.text)
    RCC_RTCCLKCmd                            0x08000d0b   Thumb Code     8  stm32f4xx_rcc.o(.text)
    RCC_BackupResetCmd                       0x08000d13   Thumb Code     8  stm32f4xx_rcc.o(.text)
    RCC_I2SCLKConfig                         0x08000d1b   Thumb Code     6  stm32f4xx_rcc.o(.text)
    RCC_SAIPLLI2SClkDivConfig                0x08000d21   Thumb Code    26  stm32f4xx_rcc.o(.text)
    RCC_SAIPLLSAIClkDivConfig                0x08000d3b   Thumb Code    28  stm32f4xx_rcc.o(.text)
    RCC_SAIBlockACLKConfig                   0x08000d57   Thumb Code    20  stm32f4xx_rcc.o(.text)
    RCC_SAIBlockBCLKConfig                   0x08000d6b   Thumb Code    20  stm32f4xx_rcc.o(.text)
    RCC_LTDCCLKDivConfig                     0x08000d7f   Thumb Code    20  stm32f4xx_rcc.o(.text)
    RCC_TIMCLKPresConfig                     0x08000d93   Thumb Code     6  stm32f4xx_rcc.o(.text)
    RCC_AHB1PeriphClockCmd                   0x08000d99   Thumb Code    34  stm32f4xx_rcc.o(.text)
    RCC_AHB2PeriphClockCmd                   0x08000dbb   Thumb Code    78  stm32f4xx_rcc.o(.text)
    RCC_AHB3PeriphClockCmd                   0x08000e09   Thumb Code    34  stm32f4xx_rcc.o(.text)
    RCC_APB1PeriphClockCmd                   0x08000e2b   Thumb Code    34  stm32f4xx_rcc.o(.text)
    RCC_APB2PeriphClockCmd                   0x08000e4d   Thumb Code    34  stm32f4xx_rcc.o(.text)
    RCC_AHB1PeriphResetCmd                   0x08000e6f   Thumb Code    34  stm32f4xx_rcc.o(.text)
    RCC_AHB2PeriphResetCmd                   0x08000e91   Thumb Code    34  stm32f4xx_rcc.o(.text)
    RCC_AHB3PeriphResetCmd                   0x08000eb3   Thumb Code    34  stm32f4xx_rcc.o(.text)
    RCC_APB1PeriphResetCmd                   0x08000ed5   Thumb Code    34  stm32f4xx_rcc.o(.text)
    RCC_APB2PeriphResetCmd                   0x08000ef7   Thumb Code    34  stm32f4xx_rcc.o(.text)
    RCC_AHB1PeriphClockLPModeCmd             0x08000f19   Thumb Code    34  stm32f4xx_rcc.o(.text)
    RCC_AHB2PeriphClockLPModeCmd             0x08000f3b   Thumb Code    34  stm32f4xx_rcc.o(.text)
    RCC_AHB3PeriphClockLPModeCmd             0x08000f5d   Thumb Code    34  stm32f4xx_rcc.o(.text)
    RCC_APB1PeriphClockLPModeCmd             0x08000f7f   Thumb Code    34  stm32f4xx_rcc.o(.text)
    RCC_APB2PeriphClockLPModeCmd             0x08000fa1   Thumb Code    34  stm32f4xx_rcc.o(.text)
    RCC_LSEModeConfig                        0x08000fc3   Thumb Code    40  stm32f4xx_rcc.o(.text)
    RCC_ITConfig                             0x08000feb   Thumb Code    34  stm32f4xx_rcc.o(.text)
    RCC_ClearFlag                            0x0800100d   Thumb Code    18  stm32f4xx_rcc.o(.text)
    RCC_GetITStatus                          0x0800101f   Thumb Code    22  stm32f4xx_rcc.o(.text)
    RCC_ClearITPendingBit                    0x08001035   Thumb Code     8  stm32f4xx_rcc.o(.text)
    USART_DeInit                             0x08001041   Thumb Code   206  stm32f4xx_usart.o(.text)
    USART_Init                               0x0800110f   Thumb Code   204  stm32f4xx_usart.o(.text)
    USART_StructInit                         0x080011db   Thumb Code    24  stm32f4xx_usart.o(.text)
    USART_ClockInit                          0x080011f3   Thumb Code    32  stm32f4xx_usart.o(.text)
    USART_ClockStructInit                    0x08001213   Thumb Code    12  stm32f4xx_usart.o(.text)
    USART_Cmd                                0x0800121f   Thumb Code    24  stm32f4xx_usart.o(.text)
    USART_SetPrescaler                       0x08001237   Thumb Code    16  stm32f4xx_usart.o(.text)
    USART_OverSampling8Cmd                   0x08001247   Thumb Code    22  stm32f4xx_usart.o(.text)
    USART_OneBitMethodCmd                    0x0800125d   Thumb Code    24  stm32f4xx_usart.o(.text)
    USART_SendData                           0x08001275   Thumb Code     8  stm32f4xx_usart.o(.text)
    USART_ReceiveData                        0x0800127d   Thumb Code    10  stm32f4xx_usart.o(.text)
    USART_SetAddress                         0x08001287   Thumb Code    18  stm32f4xx_usart.o(.text)
    USART_ReceiverWakeUpCmd                  0x08001299   Thumb Code    24  stm32f4xx_usart.o(.text)
    USART_WakeUpConfig                       0x080012b1   Thumb Code    18  stm32f4xx_usart.o(.text)
    USART_LINBreakDetectLengthConfig         0x080012c3   Thumb Code    18  stm32f4xx_usart.o(.text)
    USART_LINCmd                             0x080012d5   Thumb Code    24  stm32f4xx_usart.o(.text)
    USART_SendBreak                          0x080012ed   Thumb Code    10  stm32f4xx_usart.o(.text)
    USART_HalfDuplexCmd                      0x080012f7   Thumb Code    24  stm32f4xx_usart.o(.text)
    USART_SetGuardTime                       0x0800130f   Thumb Code    16  stm32f4xx_usart.o(.text)
    USART_SmartCardCmd                       0x0800131f   Thumb Code    24  stm32f4xx_usart.o(.text)
    USART_SmartCardNACKCmd                   0x08001337   Thumb Code    24  stm32f4xx_usart.o(.text)
    USART_IrDAConfig                         0x0800134f   Thumb Code    18  stm32f4xx_usart.o(.text)
    USART_IrDACmd                            0x08001361   Thumb Code    24  stm32f4xx_usart.o(.text)
    USART_DMACmd                             0x08001379   Thumb Code    18  stm32f4xx_usart.o(.text)
    USART_ITConfig                           0x0800138b   Thumb Code    74  stm32f4xx_usart.o(.text)
    USART_GetFlagStatus                      0x080013d5   Thumb Code    26  stm32f4xx_usart.o(.text)
    USART_ClearFlag                          0x080013ef   Thumb Code    18  stm32f4xx_usart.o(.text)
    USART_GetITStatus                        0x08001401   Thumb Code   118  stm32f4xx_usart.o(.text)
    USART_ClearITPendingBit                  0x08001477   Thumb Code    30  stm32f4xx_usart.o(.text)
    SysTick_Handler                          0x08001495   Thumb Code     8  delay.o(.text)
    delay_init                               0x0800149d   Thumb Code    58  delay.o(.text)
    delay_us                                 0x080014d7   Thumb Code    68  delay.o(.text)
    delay_ms                                 0x0800151b   Thumb Code    60  delay.o(.text)
    delay_xms                                0x08001557   Thumb Code    24  delay.o(.text)
    _sys_exit                                0x08001579   Thumb Code     4  usart.o(.text)
    fputc                                    0x0800157d   Thumb Code    22  usart.o(.text)
    uart_init                                0x08001593   Thumb Code   164  usart.o(.text)
    USART1_IRQHandler                        0x08001637   Thumb Code   122  usart.o(.text)
    LED_Init                                 0x080016c1   Thumb Code    50  led.o(.text)
    ledRun                                   0x080016f3   Thumb Code    40  led.o(.text)
    pxPortInitialiseStack                    0x0800175d   Thumb Code    38  port.o(.text)
    vPortSetupTimerInterrupt                 0x08001783   Thumb Code    26  port.o(.text)
    xPortStartScheduler                      0x0800179d   Thumb Code   288  port.o(.text)
    vPortEndScheduler                        0x080018bd   Thumb Code    42  port.o(.text)
    vPortEnterCritical                       0x080018e7   Thumb Code    78  port.o(.text)
    vPortExitCritical                        0x08001935   Thumb Code    56  port.o(.text)
    xPortSysTickHandler                      0x0800196d   Thumb Code    48  port.o(.text)
    vPortValidateInterruptPriority           0x0800199d   Thumb Code   108  port.o(.text)
    pvPortMalloc                             0x08001aef   Thumb Code   296  heap_4.o(.text)
    vPortFree                                0x08001c17   Thumb Code   140  heap_4.o(.text)
    xPortGetFreeHeapSize                     0x08001ca3   Thumb Code     6  heap_4.o(.text)
    xPortGetMinimumEverFreeHeapSize          0x08001ca9   Thumb Code     6  heap_4.o(.text)
    vPortInitialiseBlocks                    0x08001caf   Thumb Code     2  heap_4.o(.text)
    vListInitialise                          0x08001cc9   Thumb Code    26  list.o(.text)
    vListInitialiseItem                      0x08001ce3   Thumb Code     6  list.o(.text)
    vListInsertEnd                           0x08001ce9   Thumb Code    24  list.o(.text)
    vListInsert                              0x08001d01   Thumb Code    52  list.o(.text)
    uxListRemove                             0x08001d35   Thumb Code    40  list.o(.text)
    xQueueGenericReset                       0x08001d5d   Thumb Code   146  queue.o(.text)
    xQueueGenericCreate                      0x08001e19   Thumb Code    88  queue.o(.text)
    xQueueGenericSend                        0x08001f89   Thumb Code   420  queue.o(.text)
    xQueueCreateMutex                        0x08002149   Thumb Code    34  queue.o(.text)
    xQueueGiveMutexRecursive                 0x0800216b   Thumb Code    76  queue.o(.text)
    xQueueGenericReceive                     0x080021fb   Thumb Code   446  queue.o(.text)
    xQueueTakeMutexRecursive                 0x080023b9   Thumb Code    82  queue.o(.text)
    xQueueCreateCountingSemaphore            0x0800240b   Thumb Code    92  queue.o(.text)
    xQueueGenericSendFromISR                 0x08002467   Thumb Code   248  queue.o(.text)
    xQueueGiveFromISR                        0x0800255f   Thumb Code   224  queue.o(.text)
    xQueueReceiveFromISR                     0x0800263f   Thumb Code   210  queue.o(.text)
    xQueuePeekFromISR                        0x08002711   Thumb Code   176  queue.o(.text)
    uxQueueMessagesWaiting                   0x080027c1   Thumb Code    42  queue.o(.text)
    uxQueueSpacesAvailable                   0x080027eb   Thumb Code    48  queue.o(.text)
    uxQueueMessagesWaitingFromISR            0x0800281b   Thumb Code    30  queue.o(.text)
    vQueueUnregisterQueue                    0x08002839   Thumb Code    44  queue.o(.text)
    vQueueDelete                             0x08002865   Thumb Code    44  queue.o(.text)
    uxQueueGetQueueNumber                    0x08002891   Thumb Code     6  queue.o(.text)
    vQueueSetQueueNumber                     0x08002897   Thumb Code     4  queue.o(.text)
    ucQueueGetQueueType                      0x0800289b   Thumb Code     8  queue.o(.text)
    xQueueIsQueueEmptyFromISR                0x080028a3   Thumb Code    38  queue.o(.text)
    xQueueIsQueueFullFromISR                 0x080028c9   Thumb Code    42  queue.o(.text)
    vQueueAddToRegistry                      0x080028f3   Thumb Code    38  queue.o(.text)
    pcQueueGetName                           0x08002919   Thumb Code    38  queue.o(.text)
    vQueueWaitForMessageRestricted           0x0800293f   Thumb Code    74  queue.o(.text)
    xTaskCreate                              0x08002b23   Thumb Code    96  tasks.o(.text)
    vTaskDelete                              0x08002bbf   Thumb Code   202  tasks.o(.text)
    xTaskIncrementTick                       0x08002c89   Thumb Code   358  tasks.o(.text)
    xTaskResumeAll                           0x08002def   Thumb Code   224  tasks.o(.text)
    vTaskSuspendAll                          0x08002f4b   Thumb Code    12  tasks.o(.text)
    vTaskDelayUntil                          0x08002f57   Thumb Code   200  tasks.o(.text)
    vTaskDelay                               0x0800301f   Thumb Code    82  tasks.o(.text)
    eTaskGetState                            0x08003071   Thumb Code   112  tasks.o(.text)
    uxTaskPriorityGet                        0x080030e1   Thumb Code    30  tasks.o(.text)
    uxTaskPriorityGetFromISR                 0x080030ff   Thumb Code    62  tasks.o(.text)
    vTaskPrioritySet                         0x0800313d   Thumb Code   322  tasks.o(.text)
    vTaskSwitchContext                       0x0800327f   Thumb Code   118  tasks.o(.text)
    vTaskSuspend                             0x080032f5   Thumb Code   196  tasks.o(.text)
    vTaskResume                              0x08003409   Thumb Code   128  tasks.o(.text)
    xTaskResumeFromISR                       0x08003489   Thumb Code   158  tasks.o(.text)
    vTaskStartScheduler                      0x0800359d   Thumb Code   192  tasks.o(.text)
    vTaskEndScheduler                        0x0800365d   Thumb Code    32  tasks.o(.text)
    xTaskGetTickCount                        0x0800367d   Thumb Code     6  tasks.o(.text)
    xTaskGetTickCountFromISR                 0x08003683   Thumb Code    16  tasks.o(.text)
    uxTaskGetNumberOfTasks                   0x08003693   Thumb Code     6  tasks.o(.text)
    pcTaskGetName                            0x08003699   Thumb Code    44  tasks.o(.text)
    vTaskGetInfo                             0x080036db   Thumb Code   114  tasks.o(.text)
    uxTaskGetSystemState                     0x080037b7   Thumb Code   152  tasks.o(.text)
    vTaskPlaceOnEventList                    0x0800384f   Thumb Code    52  tasks.o(.text)
    vTaskPlaceOnUnorderedEventList           0x08003883   Thumb Code   100  tasks.o(.text)
    vTaskPlaceOnEventListRestricted          0x080038e7   Thumb Code    60  tasks.o(.text)
    xTaskRemoveFromEventList                 0x08003923   Thumb Code   128  tasks.o(.text)
    xTaskRemoveFromUnorderedEventList        0x080039a3   Thumb Code   154  tasks.o(.text)
    vTaskSetTimeOutState                     0x08003a3d   Thumb Code    90  tasks.o(.text)
    xTaskCheckForTimeOut                     0x08003a97   Thumb Code   132  tasks.o(.text)
    vTaskMissedYield                         0x08003b1b   Thumb Code     8  tasks.o(.text)
    uxTaskGetTaskNumber                      0x08003b23   Thumb Code    14  tasks.o(.text)
    vTaskSetTaskNumber                       0x08003b31   Thumb Code     8  tasks.o(.text)
    xTaskGetCurrentTaskHandle                0x08003b39   Thumb Code     6  tasks.o(.text)
    xTaskGetSchedulerState                   0x08003b3f   Thumb Code    24  tasks.o(.text)
    vTaskPriorityInherit                     0x08003b57   Thumb Code   164  tasks.o(.text)
    xTaskPriorityDisinherit                  0x08003bfb   Thumb Code   188  tasks.o(.text)
    uxTaskResetEventItemValue                0x08003cb7   Thumb Code    24  tasks.o(.text)
    pvTaskIncrementMutexHeldCount            0x08003ccf   Thumb Code    26  tasks.o(.text)
    ulTaskNotifyTake                         0x08003ce9   Thumb Code   108  tasks.o(.text)
    xTaskNotifyWait                          0x08003d55   Thumb Code   150  tasks.o(.text)
    xTaskGenericNotify                       0x08003deb   Thumb Code   280  tasks.o(.text)
    xTaskGenericNotifyFromISR                0x08003f03   Thumb Code   298  tasks.o(.text)
    vTaskNotifyGiveFromISR                   0x0800402d   Thumb Code   216  tasks.o(.text)
    xTaskNotifyStateClear                    0x08004105   Thumb Code    48  tasks.o(.text)
    xTimerGenericCommand                     0x080041a1   Thumb Code   126  timers.o(.text)
    xTimerCreateTimerTask                    0x08004519   Thumb Code   120  timers.o(.text)
    xTimerCreate                             0x080045df   Thumb Code    48  timers.o(.text)
    xTimerGetTimerDaemonTaskHandle           0x0800460f   Thumb Code    42  timers.o(.text)
    xTimerGetPeriod                          0x08004639   Thumb Code    32  timers.o(.text)
    xTimerGetExpiryTime                      0x08004659   Thumb Code    34  timers.o(.text)
    pcTimerGetName                           0x0800467b   Thumb Code    32  timers.o(.text)
    xTimerIsTimerActive                      0x0800469b   Thumb Code    56  timers.o(.text)
    pvTimerGetTimerID                        0x080046d3   Thumb Code    44  timers.o(.text)
    vTimerSetTimerID                         0x080046ff   Thumb Code    44  timers.o(.text)
    __use_no_semihosting                     0x08004731   Thumb Code     2  use_no_semi_2.o(.text)
    __2printf                                0x08004735   Thumb Code    20  noretval__2printf.o(.text)
    __printf                                 0x0800474d   Thumb Code   270  __printf_wp.o(.text)
    __aeabi_memcpy                           0x0800485b   Thumb Code     0  rt_memcpy_v6.o(.text)
    __rt_memcpy                              0x0800485b   Thumb Code   138  rt_memcpy_v6.o(.text)
    _memcpy_lastbytes                        0x080048c1   Thumb Code     0  rt_memcpy_v6.o(.text)
    __aeabi_memset                           0x080048e5   Thumb Code    16  aeabi_memset.o(.text)
    __use_two_region_memory                  0x080048f5   Thumb Code     2  heapauxi.o(.text)
    __rt_heap_escrow$2region                 0x080048f7   Thumb Code     2  heapauxi.o(.text)
    __rt_heap_expand$2region                 0x080048f9   Thumb Code     2  heapauxi.o(.text)
    __I$use$semihosting                      0x080048fb   Thumb Code     0  use_no_semi.o(.text)
    __use_no_semihosting_swi                 0x080048fb   Thumb Code     2  use_no_semi.o(.text)
    __lib_sel_fp_printf                      0x080048fd   Thumb Code     2  _printf_fp_dec.o(.text)
    _printf_fp_dec_real                      0x08004aab   Thumb Code   620  _printf_fp_dec.o(.text)
    _printf_char_file                        0x08004d19   Thumb Code    32  _printf_char_file.o(.text)
    __aeabi_memcpy4                          0x08004d3d   Thumb Code     0  rt_memcpy_w.o(.text)
    __aeabi_memcpy8                          0x08004d3d   Thumb Code     0  rt_memcpy_w.o(.text)
    __rt_memcpy_w                            0x08004d3d   Thumb Code   100  rt_memcpy_w.o(.text)
    _memcpy_lastbytes_aligned                0x08004d85   Thumb Code     0  rt_memcpy_w.o(.text)
    __aeabi_memclr                           0x08004da1   Thumb Code     0  rt_memclr.o(.text)
    __rt_memclr                              0x08004da1   Thumb Code    68  rt_memclr.o(.text)
    _memset                                  0x08004da5   Thumb Code     0  rt_memclr.o(.text)
    __rt_locale                              0x08004de5   Thumb Code     8  rt_locale_intlibspace.o(.text)
    _ll_udiv10                               0x08004ded   Thumb Code   138  lludiv10.o(.text)
    _printf_char_common                      0x08004e83   Thumb Code    32  _printf_char_common.o(.text)
    _printf_fp_infnan                        0x08004ea9   Thumb Code   112  _printf_fp_infnan.o(.text)
    _btod_etento                             0x08004f29   Thumb Code   216  bigflt0.o(.text)
    ferror                                   0x08005005   Thumb Code     8  ferror.o(.text)
    __aeabi_memclr4                          0x0800500d   Thumb Code     0  rt_memclr_w.o(.text)
    __aeabi_memclr8                          0x0800500d   Thumb Code     0  rt_memclr_w.o(.text)
    __rt_memclr_w                            0x0800500d   Thumb Code    78  rt_memclr_w.o(.text)
    _memset_w                                0x08005011   Thumb Code     0  rt_memclr_w.o(.text)
    __user_libspace                          0x0800505d   Thumb Code     8  libspace.o(.text)
    __user_perproc_libspace                  0x0800505d   Thumb Code     0  libspace.o(.text)
    __user_perthread_libspace                0x0800505d   Thumb Code     0  libspace.o(.text)
    __user_setup_stackheap                   0x08005065   Thumb Code    74  sys_stackheap_outer.o(.text)
    exit                                     0x080050af   Thumb Code    12  exit.o(.text)
    strcmp                                   0x080050bd   Thumb Code   128  strcmpv7m.o(.text)
    _btod_d2e                                0x0800513d   Thumb Code    62  btod.o(CL$$btod_d2e)
    _d2e_denorm_low                          0x0800517b   Thumb Code    70  btod.o(CL$$btod_d2e_denorm_low)
    _d2e_norm_op1                            0x080051c1   Thumb Code    96  btod.o(CL$$btod_d2e_norm_op1)
    __btod_div_common                        0x08005221   Thumb Code   696  btod.o(CL$$btod_div_common)
    _e2e                                     0x08005559   Thumb Code   198  btod.o(CL$$btod_e2e)
    _btod_ediv                               0x0800561f   Thumb Code    40  btod.o(CL$$btod_ediv)
    _btod_emul                               0x08005647   Thumb Code    40  btod.o(CL$$btod_emul)
    __btod_mult_common                       0x0800566f   Thumb Code   580  btod.o(CL$$btod_mult_common)
    __ARM_fpclassify                         0x080058b3   Thumb Code    48  fpclassify.o(i.__ARM_fpclassify)
    _is_digit                                0x080058e3   Thumb Code    14  __printf_wp.o(i._is_digit)
    _get_lc_numeric                          0x080058f1   Thumb Code    44  lc_numeric_c.o(locale$$code)
    __fpl_dretinf                            0x0800591d   Thumb Code    12  dretinf.o(x$fpl$dretinf)
    __aeabi_f2d                              0x08005929   Thumb Code     0  f2d.o(x$fpl$f2d)
    _f2d                                     0x08005929   Thumb Code    86  f2d.o(x$fpl$f2d)
    __fpl_fnaninf                            0x0800597f   Thumb Code   140  fnaninf.o(x$fpl$fnaninf)
    _fp_init                                 0x08005a0b   Thumb Code    10  fpinit.o(x$fpl$fpinit)
    __fplib_config_fpu_vfp                   0x08005a13   Thumb Code     0  fpinit.o(x$fpl$fpinit)
    __fplib_config_pureend_doubles           0x08005a13   Thumb Code     0  fpinit.o(x$fpl$fpinit)
    _printf_fp_dec                           0x08005a15   Thumb Code     4  printf1.o(x$fpl$printf1)
    __I$use$fp                               0x08005a18   Number         0  usenofp.o(x$fpl$usenofp)
    Region$$Table$$Base                      0x08005aac   Number         0  anon$$obj.o(Region$$Table)
    Region$$Table$$Limit                     0x08005acc   Number         0  anon$$obj.o(Region$$Table)
    StartTask_Handler                        0x20000000   Data           4  main.o(.data)
    LED1Task_Handler                         0x20000004   Data           4  main.o(.data)
    FLOATTask_Handler                        0x20000008   Data           4  main.o(.data)
    SystemCoreClock                          0x20000010   Data           4  system_stm32f4xx.o(.data)
    AHBPrescTable                            0x20000014   Data          16  system_stm32f4xx.o(.data)
    __stdout                                 0x20000038   Data           4  usart.o(.data)
    USART_RX_STA                             0x2000003c   Data           2  usart.o(.data)
    pxCurrentTCB                             0x20000064   Data           4  tasks.o(.data)
    USART_RX_BUF                             0x200000b4   Data         200  usart.o(.bss)
    xQueueRegistry                           0x20012d7c   Data          64  queue.o(.bss)
    __libspace_start                         0x20012eac   Data          96  libspace.o(.bss)
    __temporary_stack_top$libspace           0x20012f0c   Data           0  libspace.o(.bss)



==============================================================================

Memory Map of the image

  Image Entry point : 0x08000189

  Load Region LR_IROM1 (Base: 0x08000000, Size: 0x00005b9c, Max: 0x00100000, ABSOLUTE)

    Execution Region ER_IROM1 (Base: 0x08000000, Size: 0x00005ae8, Max: 0x00100000, ABSOLUTE)

    Base Addr    Size         Type   Attr      Idx    E Section Name        Object

    0x08000000   0x00000188   Data   RO          239    RESET               startup_stm32f40_41xxx.o
    0x08000188   0x00000008   Code   RO         1363  * !!!main             c_w.l(__main.o)
    0x08000190   0x00000034   Code   RO         1588    !!!scatter          c_w.l(__scatter.o)
    0x080001c4   0x0000001a   Code   RO         1590    !!handler_copy      c_w.l(__scatter_copy.o)
    0x080001de   0x00000002   PAD
    0x080001e0   0x0000001c   Code   RO         1592    !!handler_zi        c_w.l(__scatter_zi.o)
    0x080001fc   0x00000000   Code   RO         1356    .ARM.Collect$$_printf_percent$$00000000  c_w.l(_printf_percent.o)
    0x080001fc   0x00000006   Code   RO         1355    .ARM.Collect$$_printf_percent$$00000003  c_w.l(_printf_f.o)
    0x08000202   0x00000004   Code   RO         1376    .ARM.Collect$$_printf_percent$$00000017  c_w.l(_printf_percent_end.o)
    0x08000206   0x00000002   Code   RO         1466    .ARM.Collect$$libinit$$00000000  c_w.l(libinit.o)
    0x08000208   0x00000004   Code   RO         1467    .ARM.Collect$$libinit$$00000001  c_w.l(libinit2.o)
    0x0800020c   0x00000000   Code   RO         1470    .ARM.Collect$$libinit$$00000004  c_w.l(libinit2.o)
    0x0800020c   0x00000000   Code   RO         1473    .ARM.Collect$$libinit$$0000000A  c_w.l(libinit2.o)
    0x0800020c   0x00000000   Code   RO         1475    .ARM.Collect$$libinit$$0000000C  c_w.l(libinit2.o)
    0x0800020c   0x00000000   Code   RO         1477    .ARM.Collect$$libinit$$0000000E  c_w.l(libinit2.o)
    0x0800020c   0x00000006   Code   RO         1478    .ARM.Collect$$libinit$$0000000F  c_w.l(libinit2.o)
    0x08000212   0x00000000   Code   RO         1480    .ARM.Collect$$libinit$$00000011  c_w.l(libinit2.o)
    0x08000212   0x00000000   Code   RO         1482    .ARM.Collect$$libinit$$00000013  c_w.l(libinit2.o)
    0x08000212   0x00000000   Code   RO         1484    .ARM.Collect$$libinit$$00000015  c_w.l(libinit2.o)
    0x08000212   0x0000000a   Code   RO         1485    .ARM.Collect$$libinit$$00000016  c_w.l(libinit2.o)
    0x0800021c   0x00000000   Code   RO         1486    .ARM.Collect$$libinit$$00000017  c_w.l(libinit2.o)
    0x0800021c   0x00000000   Code   RO         1488    .ARM.Collect$$libinit$$00000019  c_w.l(libinit2.o)
    0x0800021c   0x00000000   Code   RO         1490    .ARM.Collect$$libinit$$0000001B  c_w.l(libinit2.o)
    0x0800021c   0x00000000   Code   RO         1492    .ARM.Collect$$libinit$$0000001D  c_w.l(libinit2.o)
    0x0800021c   0x00000000   Code   RO         1494    .ARM.Collect$$libinit$$0000001F  c_w.l(libinit2.o)
    0x0800021c   0x00000000   Code   RO         1496    .ARM.Collect$$libinit$$00000021  c_w.l(libinit2.o)
    0x0800021c   0x00000000   Code   RO         1498    .ARM.Collect$$libinit$$00000023  c_w.l(libinit2.o)
    0x0800021c   0x00000000   Code   RO         1500    .ARM.Collect$$libinit$$00000025  c_w.l(libinit2.o)
    0x0800021c   0x00000000   Code   RO         1504    .ARM.Collect$$libinit$$0000002C  c_w.l(libinit2.o)
    0x0800021c   0x00000000   Code   RO         1506    .ARM.Collect$$libinit$$0000002E  c_w.l(libinit2.o)
    0x0800021c   0x00000000   Code   RO         1508    .ARM.Collect$$libinit$$00000030  c_w.l(libinit2.o)
    0x0800021c   0x00000000   Code   RO         1510    .ARM.Collect$$libinit$$00000032  c_w.l(libinit2.o)
    0x0800021c   0x00000002   Code   RO         1511    .ARM.Collect$$libinit$$00000033  c_w.l(libinit2.o)
    0x0800021e   0x00000002   Code   RO         1539    .ARM.Collect$$libshutdown$$00000000  c_w.l(libshutdown.o)
    0x08000220   0x00000000   Code   RO         1549    .ARM.Collect$$libshutdown$$00000003  c_w.l(libshutdown2.o)
    0x08000220   0x00000000   Code   RO         1552    .ARM.Collect$$libshutdown$$00000006  c_w.l(libshutdown2.o)
    0x08000220   0x00000000   Code   RO         1555    .ARM.Collect$$libshutdown$$00000009  c_w.l(libshutdown2.o)
    0x08000220   0x00000000   Code   RO         1557    .ARM.Collect$$libshutdown$$0000000B  c_w.l(libshutdown2.o)
    0x08000220   0x00000000   Code   RO         1560    .ARM.Collect$$libshutdown$$0000000E  c_w.l(libshutdown2.o)
    0x08000220   0x00000002   Code   RO         1561    .ARM.Collect$$libshutdown$$0000000F  c_w.l(libshutdown2.o)
    0x08000222   0x00000000   Code   RO         1371    .ARM.Collect$$rtentry$$00000000  c_w.l(__rtentry.o)
    0x08000222   0x00000000   Code   RO         1387    .ARM.Collect$$rtentry$$00000002  c_w.l(__rtentry2.o)
    0x08000222   0x00000006   Code   RO         1399    .ARM.Collect$$rtentry$$00000004  c_w.l(__rtentry4.o)
    0x08000228   0x00000000   Code   RO         1389    .ARM.Collect$$rtentry$$00000009  c_w.l(__rtentry2.o)
    0x08000228   0x00000004   Code   RO         1390    .ARM.Collect$$rtentry$$0000000A  c_w.l(__rtentry2.o)
    0x0800022c   0x00000000   Code   RO         1392    .ARM.Collect$$rtentry$$0000000C  c_w.l(__rtentry2.o)
    0x0800022c   0x00000008   Code   RO         1393    .ARM.Collect$$rtentry$$0000000D  c_w.l(__rtentry2.o)
    0x08000234   0x00000002   Code   RO         1512    .ARM.Collect$$rtexit$$00000000  c_w.l(rtexit.o)
    0x08000236   0x00000000   Code   RO         1519    .ARM.Collect$$rtexit$$00000002  c_w.l(rtexit2.o)
    0x08000236   0x00000004   Code   RO         1520    .ARM.Collect$$rtexit$$00000003  c_w.l(rtexit2.o)
    0x0800023a   0x00000006   Code   RO         1521    .ARM.Collect$$rtexit$$00000004  c_w.l(rtexit2.o)
    0x08000240   0x000000b6   Code   RO         1087    .emb_text           port.o
    0x080002f6   0x00000002   PAD
    0x080002f8   0x00000114   Code   RO            3    .text               main.o
    0x0800040c   0x00000014   Code   RO          180    .text               stm32f4xx_it.o
    0x08000420   0x00000210   Code   RO          213    .text               system_stm32f4xx.o
    0x08000630   0x00000040   Code   RO          240    .text               startup_stm32f40_41xxx.o
    0x08000670   0x000000e0   Code   RO          246    .text               misc.o
    0x08000750   0x00000294   Code   RO          621    .text               stm32f4xx_gpio.o
    0x080009e4   0x0000065c   Code   RO          784    .text               stm32f4xx_rcc.o
    0x08001040   0x00000454   Code   RO          949    .text               stm32f4xx_usart.o
    0x08001494   0x000000e4   Code   RO          989    .text               delay.o
    0x08001578   0x00000148   Code   RO         1033    .text               usart.o
    0x080016c0   0x00000060   Code   RO         1067    .text               led.o
    0x08001720   0x0000030c   Code   RO         1088    .text               port.o
    0x08001a2c   0x0000029c   Code   RO         1125    .text               heap_4.o
    0x08001cc8   0x00000094   Code   RO         1228    .text               list.o
    0x08001d5c   0x00000c30   Code   RO         1248    .text               queue.o
    0x0800298c   0x000017c4   Code   RO         1277    .text               tasks.o
    0x08004150   0x000005e0   Code   RO         1304    .text               timers.o
    0x08004730   0x00000002   Code   RO         1327    .text               c_w.l(use_no_semi_2.o)
    0x08004732   0x00000002   PAD
    0x08004734   0x00000018   Code   RO         1331    .text               c_w.l(noretval__2printf.o)
    0x0800474c   0x0000010e   Code   RO         1343    .text               c_w.l(__printf_wp.o)
    0x0800485a   0x0000008a   Code   RO         1357    .text               c_w.l(rt_memcpy_v6.o)
    0x080048e4   0x00000010   Code   RO         1359    .text               c_w.l(aeabi_memset.o)
    0x080048f4   0x00000006   Code   RO         1361    .text               c_w.l(heapauxi.o)
    0x080048fa   0x00000002   Code   RO         1369    .text               c_w.l(use_no_semi.o)
    0x080048fc   0x0000041a   Code   RO         1372    .text               c_w.l(_printf_fp_dec.o)
    0x08004d16   0x00000002   PAD
    0x08004d18   0x00000024   Code   RO         1374    .text               c_w.l(_printf_char_file.o)
    0x08004d3c   0x00000064   Code   RO         1377    .text               c_w.l(rt_memcpy_w.o)
    0x08004da0   0x00000044   Code   RO         1379    .text               c_w.l(rt_memclr.o)
    0x08004de4   0x00000008   Code   RO         1404    .text               c_w.l(rt_locale_intlibspace.o)
    0x08004dec   0x0000008a   Code   RO         1406    .text               c_w.l(lludiv10.o)
    0x08004e76   0x00000002   PAD
    0x08004e78   0x00000030   Code   RO         1408    .text               c_w.l(_printf_char_common.o)
    0x08004ea8   0x00000080   Code   RO         1410    .text               c_w.l(_printf_fp_infnan.o)
    0x08004f28   0x000000dc   Code   RO         1412    .text               c_w.l(bigflt0.o)
    0x08005004   0x00000008   Code   RO         1437    .text               c_w.l(ferror.o)
    0x0800500c   0x0000004e   Code   RO         1444    .text               c_w.l(rt_memclr_w.o)
    0x0800505a   0x00000002   PAD
    0x0800505c   0x00000008   Code   RO         1450    .text               c_w.l(libspace.o)
    0x08005064   0x0000004a   Code   RO         1453    .text               c_w.l(sys_stackheap_outer.o)
    0x080050ae   0x0000000c   Code   RO         1457    .text               c_w.l(exit.o)
    0x080050ba   0x00000002   PAD
    0x080050bc   0x00000080   Code   RO         1459    .text               c_w.l(strcmpv7m.o)
    0x0800513c   0x0000003e   Code   RO         1415    CL$$btod_d2e        c_w.l(btod.o)
    0x0800517a   0x00000046   Code   RO         1417    CL$$btod_d2e_denorm_low  c_w.l(btod.o)
    0x080051c0   0x00000060   Code   RO         1416    CL$$btod_d2e_norm_op1  c_w.l(btod.o)
    0x08005220   0x00000338   Code   RO         1425    CL$$btod_div_common  c_w.l(btod.o)
    0x08005558   0x000000c6   Code   RO         1422    CL$$btod_e2e        c_w.l(btod.o)
    0x0800561e   0x00000028   Code   RO         1419    CL$$btod_ediv       c_w.l(btod.o)
    0x08005646   0x00000028   Code   RO         1418    CL$$btod_emul       c_w.l(btod.o)
    0x0800566e   0x00000244   Code   RO         1424    CL$$btod_mult_common  c_w.l(btod.o)
    0x080058b2   0x00000030   Code   RO         1448    i.__ARM_fpclassify  m_wm.l(fpclassify.o)
    0x080058e2   0x0000000e   Code   RO         1345    i._is_digit         c_w.l(__printf_wp.o)
    0x080058f0   0x0000002c   Code   RO         1442    locale$$code        c_w.l(lc_numeric_c.o)
    0x0800591c   0x0000000c   Code   RO         1381    x$fpl$dretinf       fz_wm.l(dretinf.o)
    0x08005928   0x00000056   Code   RO         1365    x$fpl$f2d           fz_wm.l(f2d.o)
    0x0800597e   0x0000008c   Code   RO         1383    x$fpl$fnaninf       fz_wm.l(fnaninf.o)
    0x08005a0a   0x0000000a   Code   RO         1516    x$fpl$fpinit        fz_wm.l(fpinit.o)
    0x08005a14   0x00000004   Code   RO         1367    x$fpl$printf1       fz_wm.l(printf1.o)
    0x08005a18   0x00000000   Code   RO         1385    x$fpl$usenofp       fz_wm.l(usenofp.o)
    0x08005a18   0x00000094   Data   RO         1413    .constdata          c_w.l(bigflt0.o)
    0x08005aac   0x00000020   Data   RO         1586    Region$$Table       anon$$obj.o
    0x08005acc   0x0000001c   Data   RO         1441    locale$$data        c_w.l(lc_numeric_c.o)


    Execution Region RW_IRAM1 (Base: 0x20000000, Size: 0x00013510, Max: 0x00020000, ABSOLUTE)

    Base Addr    Size         Type   Attr      Idx    E Section Name        Object

    0x20000000   0x00000010   Data   RW            4    .data               main.o
    0x20000010   0x00000014   Data   RW          214    .data               system_stm32f4xx.o
    0x20000024   0x00000010   Data   RW          785    .data               stm32f4xx_rcc.o
    0x20000034   0x00000004   Data   RW          990    .data               delay.o
    0x20000038   0x00000006   Data   RW         1035    .data               usart.o
    0x2000003e   0x00000002   PAD
    0x20000040   0x0000000c   Data   RW         1089    .data               port.o
    0x2000004c   0x00000018   Data   RW         1127    .data               heap_4.o
    0x20000064   0x0000003c   Data   RW         1279    .data               tasks.o
    0x200000a0   0x00000014   Data   RW         1306    .data               timers.o
    0x200000b4   0x000000c8   Zero   RW         1034    .bss                usart.o
    0x2000017c   0x00012c00   Zero   RW         1126    .bss                heap_4.o
    0x20012d7c   0x00000040   Zero   RW         1249    .bss                queue.o
    0x20012dbc   0x000000c8   Zero   RW         1278    .bss                tasks.o
    0x20012e84   0x00000028   Zero   RW         1305    .bss                timers.o
    0x20012eac   0x00000060   Zero   RW         1451    .bss                c_w.l(libspace.o)
    0x20012f0c   0x00000004   PAD
    0x20012f10   0x00000200   Zero   RW          238    HEAP                startup_stm32f40_41xxx.o
    0x20013110   0x00000400   Zero   RW          237    STACK               startup_stm32f40_41xxx.o


==============================================================================

Image component sizes


      Code (inc. data)   RO Data    RW Data    ZI Data      Debug   Object Name

       228         10          0          4          0       1589   delay.o
         0          0          0          0          0      10236   event_groups.o
       668         24          0         24      76800      12948   heap_4.o
        96          6          0          0          0        606   led.o
       148          0          0          0          0       1910   list.o
       276         82          0         16          0      43830   main.o
       224         20          0          0          0     230889   misc.o
       962         52          0         12          0       8727   port.o
      3120         14          0          0         64      18184   queue.o
        64         26        392          0       1536        820   startup_stm32f40_41xxx.o
       660         44          0          0          0       4061   stm32f4xx_gpio.o
        20          0          0          0          0        931   stm32f4xx_it.o
      1628         52          0         16          0      12832   stm32f4xx_rcc.o
      1108         34          0          0          0       7760   stm32f4xx_usart.o
       528         46          0         20          0       1727   system_stm32f4xx.o
      6084        338          0         60        200      25078   tasks.o
      1504         68          0         20         40       8527   timers.o
       328         16          0          6        200       3270   usart.o

    ----------------------------------------------------------------------
     17648        832        424        180      78840     393925   Object Totals
         0          0         32          0          0          0   (incl. Generated)
         2          0          0          2          0          0   (incl. Padding)

    ----------------------------------------------------------------------

      Code (inc. data)   RO Data    RW Data    ZI Data      Debug   Library Member Name

         8          0          0          0          0         68   __main.o
       284          0          0          0          0        156   __printf_wp.o
         0          0          0          0          0          0   __rtentry.o
        12          0          0          0          0          0   __rtentry2.o
         6          0          0          0          0          0   __rtentry4.o
        52          8          0          0          0          0   __scatter.o
        26          0          0          0          0          0   __scatter_copy.o
        28          0          0          0          0          0   __scatter_zi.o
        48          6          0          0          0         96   _printf_char_common.o
        36          4          0          0          0         80   _printf_char_file.o
         6          0          0          0          0          0   _printf_f.o
      1050          0          0          0          0        216   _printf_fp_dec.o
       128         16          0          0          0         84   _printf_fp_infnan.o
         0          0          0          0          0          0   _printf_percent.o
         4          0          0          0          0          0   _printf_percent_end.o
        16          0          0          0          0         68   aeabi_memset.o
       220          4        148          0          0         96   bigflt0.o
      1910        128          0          0          0        672   btod.o
        12          0          0          0          0         72   exit.o
         8          0          0          0          0         68   ferror.o
         6          0          0          0          0        152   heapauxi.o
        44         10         28          0          0         76   lc_numeric_c.o
         2          0          0          0          0          0   libinit.o
        22          0          0          0          0          0   libinit2.o
         2          0          0          0          0          0   libshutdown.o
         2          0          0          0          0          0   libshutdown2.o
         8          4          0          0         96         68   libspace.o
       138          0          0          0          0         80   lludiv10.o
        24          4          0          0          0         84   noretval__2printf.o
         8          4          0          0          0         68   rt_locale_intlibspace.o
        68          0          0          0          0         68   rt_memclr.o
        78          0          0          0          0         80   rt_memclr_w.o
       138          0          0          0          0         68   rt_memcpy_v6.o
       100          0          0          0          0         80   rt_memcpy_w.o
         2          0          0          0          0          0   rtexit.o
        10          0          0          0          0          0   rtexit2.o
       128          0          0          0          0         68   strcmpv7m.o
        74          0          0          0          0         80   sys_stackheap_outer.o
         2          0          0          0          0         68   use_no_semi.o
         2          0          0          0          0         68   use_no_semi_2.o
        12          0          0          0          0        116   dretinf.o
        86          4          0          0          0        132   f2d.o
       140          4          0          0          0        132   fnaninf.o
        10          0          0          0          0        116   fpinit.o
         4          0          0          0          0        116   printf1.o
         0          0          0          0          0          0   usenofp.o
        48          0          0          0          0        124   fpclassify.o

    ----------------------------------------------------------------------
      5024        196        176          0        100       3520   Library Totals
        12          0          0          0          4          0   (incl. Padding)

    ----------------------------------------------------------------------

      Code (inc. data)   RO Data    RW Data    ZI Data      Debug   Library Name

      4712        188        176          0         96       2784   c_w.l
       252          8          0          0          0        612   fz_wm.l
        48          0          0          0          0        124   m_wm.l

    ----------------------------------------------------------------------
      5024        196        176          0        100       3520   Library Totals

    ----------------------------------------------------------------------

==============================================================================


      Code (inc. data)   RO Data    RW Data    ZI Data      Debug   

     22672       1028        600        180      78940     391485   Grand Totals
     22672       1028        600        180      78940     391485   ELF Image Totals
     22672       1028        600        180          0          0   ROM Totals

==============================================================================

    Total RO  Size (Code + RO Data)                23272 (  22.73kB)
    Total RW  Size (RW Data + ZI Data)             79120 (  77.27kB)
    Total ROM Size (Code + RO Data + RW Data)      23452 (  22.90kB)

==============================================================================

